
EMPRESA NACIONAL DE MINERIA (ENM) PRODUCTOR          PACKING LIST                             PAG.  :   1
NATIONAL MINING COMPANY                       CODIGO DE LOTE   : G-6880                      FECHA :22/07/2009
                                              -----------------------------
FLUJO        : 
DESCRIPCION  : CATODOS GRADO A
N° INSTR. DE EMBARQUE : 17188
CLIENTE      : CAP. HAMILTON
Lote Sipa    : 

----------------------------------------------------------------------------------------------------------------------------- 
MARCA       DESCRIPCION         PESO NETO      PESO BRUTO     GRUPO     UNIDADES       UBICACION         SERIE                
-----------------------------------------------------------------------------------------------------------------------------

X1NE    EQUIS FRANJA NEGRA        2,378           2,379         26         20                           G-6880 
X1NE    EQUIS FRANJA NEGRA        2,368           2,369         26         20                           G-6881 
X1NE    EQUIS FRANJA NEGRA        2,223           2,224         26         20                           G-6882 
X1NE    EQUIS FRANJA NEGRA        2,345           2,346         26         20                           G-6883 
X1NE    EQUIS FRANJA NEGRA        2,278           2,279         26         20                           G-6884 
X1NE    EQUIS FRANJA NEGRA        2,191           2,192         26         20                           G-6885 
X1NE    EQUIS FRANJA NEGRA        2,368           2,369         26         20                           G-6886 
X1NE    EQUIS FRANJA NEGRA        2,355           2,356         26         20                           G-6887 
X1NE    EQUIS FRANJA NEGRA        2,249           2,250         43         20                           G-6888 
X1NE    EQUIS FRANJA NEGRA        2,238           2,239         43         20                           G-6889 
X1NE    EQUIS FRANJA NEGRA        2,230           2,231         43         20                           G-6890 
X1NE    EQUIS FRANJA NEGRA        2,302           2,303         43         20                           G-6891 
X1NE    EQUIS FRANJA NEGRA        2,405           2,406         34         20                           G-6892 
X1NE    EQUIS FRANJA NEGRA        2,203           2,204         34         20                           G-6893 
X1NE    EQUIS FRANJA NEGRA        2,193           2,194         34         20                           G-6894 
X1NE    EQUIS FRANJA NEGRA        2,245           2,246         34         20                           G-6895 
X1NE    EQUIS FRANJA NEGRA        2,197           2,198         34         20                           G-6896 
X1NE    EQUIS FRANJA NEGRA        2,153           2,154         34         20                           G-6897 
X1NE    EQUIS FRANJA NEGRA        2,112           2,113         34         20                           G-6898 
X1NE    EQUIS FRANJA NEGRA        2,134           2,135         34         20                           G-6899 
X1NE    EQUIS FRANJA NEGRA        2,307           2,308         34         20                           G-6900 
X1NE    EQUIS FRANJA NEGRA        2,056           2,057         34         20                           G-6901 
X1NE    EQUIS FRANJA NEGRA        2,216           2,217         34         20                           G-6902 
X1NE    EQUIS FRANJA NEGRA        2,138           2,139         34         20                           G-6903 
X1NE    EQUIS FRANJA NEGRA        2,175           2,176         34         20                           G-6904 
X1NE    EQUIS FRANJA NEGRA        2,170           2,171         34         20                           G-6905 
X1NE    EQUIS FRANJA NEGRA        2,122           2,123         34         20                           G-6906 
X1NE    EQUIS FRANJA NEGRA        2,120           2,121         34         20                           G-6907 
X1NE    EQUIS FRANJA NEGRA        1,987           1,988         34         20                           G-6908 
X1NE    EQUIS FRANJA NEGRA        2,030           2,031         34         20                           G-6909 
X1NE    EQUIS FRANJA NEGRA        2,124           2,125         34         20                           G-6910 
X1NE    EQUIS FRANJA NEGRA        2,050           2,051         34         20                           G-6911 
X1NE    EQUIS FRANJA NEGRA        2,212           2,213         34         20                           G-6912 
X1NE    EQUIS FRANJA NEGRA        2,114           2,115         34         20                           G-6913 
X1NE    EQUIS FRANJA NEGRA        2,152           2,153         34         20                           G-6914 
X1NE    EQUIS FRANJA NEGRA        1,971           1,972         34         20                           G-6915 
X1NE    EQUIS FRANJA NEGRA        2,215           2,216         34         20                           G-6916 
X1NE    EQUIS FRANJA NEGRA        2,384           2,385         13         20                           G-6917 
X1NE    EQUIS FRANJA NEGRA        2,433           2,434         13         20                           G-6918 
X1NE    EQUIS FRANJA NEGRA        2,355           2,356         13         20                           G-6919 
X1NE    EQUIS FRANJA NEGRA        2,225           2,226         34         20                           G-6920 
X1NE    EQUIS FRANJA NEGRA        2,280           2,281         34         20                           G-6921 
X1NE    EQUIS FRANJA NEGRA        2,214           2,215         34         20                           G-6922 
X1NE    EQUIS FRANJA NEGRA        2,402           2,403         13         20                           G-6923 
X1NE    EQUIS FRANJA NEGRA        2,333           2,334         13         20                           G-6924 


------------------------------------------------------------------------------------------------------------------------
T.SUB-LOTES              TOT.PAQUETES =45      TOT.UNID. = 900   T/P NETO (kg) = 99,952      T/P BRUTO (kg) = 99,997
------------------------------------------------------------------------------------------------------------------------
