
EMPRESA NACIONAL DE MINERIA (ENM) PRODUCTOR          PACKING LIST                             PAG.  :   1
NATIONAL MINING COMPANY                       CODIGO DE LOTE   : A-11462                      FECHA :08/02/2021
                                              -----------------------------
FLUJO        : 
DESCRIPCION  : CATODOS GRADO A
N° INSTR. DE EMBARQUE : 26439
CLIENTE      : JOGELA
Lote Sipa    : 21010259

----------------------------------------------------------------------------------------------------------------------------- 
MARCA       DESCRIPCION         PESO NETO      PESO BRUTO     GRUPO     UNIDADES       UBICACION         SERIE                
-----------------------------------------------------------------------------------------------------------------------------

01CE    FRANJA CELESTE            2,470           2,471         20         20                           A-11462
01CE    FRANJA CELESTE            2,513           2,514         05         20                           A-11463
01CE    FRANJA CELESTE            2,434           2,435         05         20                           A-11464
01CE    FRANJA CELESTE            2,504           2,505         26         20                           A-11465
01CE    FRANJA CELESTE            2,388           2,389         05         20                           A-11466
01CE    FRANJA CELESTE            2,504           2,505         05         20                           A-11467
01CE    FRANJA CELESTE            2,406           2,407         05         20                           A-11468
01CE    FRANJA CELESTE            2,425           2,426         05         20                           A-11469
01CE    FRANJA CELESTE            2,412           2,413         05         20                           A-11470
01CE    FRANJA CELESTE            2,555           2,556         05         20                           A-11471
01CE    FRANJA CELESTE            2,474           2,475         05         20                           A-11472
01CE    FRANJA CELESTE            2,480           2,481         05         20                           A-11473
01CE    FRANJA CELESTE            2,470           2,471         05         20                           A-11474
01CE    FRANJA CELESTE            2,475           2,476         05         20                           A-11475
01CE    FRANJA CELESTE            2,384           2,385         05         20                           A-11476
01CE    FRANJA CELESTE            2,352           2,353         05         20                           A-11477
01CE    FRANJA CELESTE            2,559           2,560         26         20                           A-11478
01CE    FRANJA CELESTE            2,536           2,537         05         20                           A-11479
01CE    FRANJA CELESTE            2,501           2,502         05         20                           A-11480
01CE    FRANJA CELESTE            2,470           2,471         05         20                           A-11481
01CE    FRANJA CELESTE            2,525           2,526         05         20                           A-11482
01CE    FRANJA CELESTE            2,520           2,521         05         20                           A-11483
01CE    FRANJA CELESTE            2,514           2,515         05         20                           A-11484
01CE    FRANJA CELESTE            2,326           2,327         05         20                           A-11485
01CE    FRANJA CELESTE            2,548           2,549         05         20                           A-11486
01CE    FRANJA CELESTE            2,393           2,394         05         20                           A-11487
01CE    FRANJA CELESTE            2,523           2,524         05         20                           A-11488
01CE    FRANJA CELESTE            2,375           2,376         05         20                           A-11489
01CE    FRANJA CELESTE            2,492           2,493         05         20                           A-11490
01CE    FRANJA CELESTE            2,381           2,382         05         20                           A-11491
01CE    FRANJA CELESTE            2,366           2,367         26         20                           A-11492
01CE    FRANJA CELESTE            2,026           2,027         46         20                           A-11493
01CE    FRANJA CELESTE            2,538           2,539         46         20                           A-11494
01CE    FRANJA CELESTE            2,487           2,488         05         20                           A-11495
01CE    FRANJA CELESTE            2,493           2,494         26         20                           A-11496
01CE    FRANJA CELESTE            2,554           2,555         26         20                           A-11497
01CE    FRANJA CELESTE            2,567           2,568         26         20                           A-11498
01CE    FRANJA CELESTE            2,496           2,497         26         20                           A-11499
01CE    FRANJA CELESTE            2,406           2,407         26         20                           A-11500
01CE    FRANJA CELESTE            2,350           2,351         46         20                           A-11501
01CE    FRANJA CELESTE            1,999           2,000         46         20                           A-11502
01CE    FRANJA CELESTE            2,461           2,462         46         20                           A-11503
01CE    FRANJA CELESTE            2,534           2,535         46         20                           A-11504
01CE    FRANJA CELESTE            2,480           2,481         05         20                           A-11505
01CE    FRANJA CELESTE            2,286           2,287         05         20                           A-11506









EMPRESA NACIONAL DE MINERIA (ENM) PRODUCTOR          PACKING LIST                             PAG.  :   2
NATIONAL MINING COMPANY                       CODIGO DE LOTE   : A-11462                      FECHA :08/02/2021
                                              -----------------------------
FLUJO        : 
DESCRIPCION  : CATODOS GRADO A
N° INSTR. DE EMBARQUE : 26439
CLIENTE      : JOGELA
Lote Sipa    : 21010259

----------------------------------------------------------------------------------------------------------------------------- 
MARCA       DESCRIPCION         PESO NETO      PESO BRUTO     GRUPO     UNIDADES       UBICACION         SERIE                
-----------------------------------------------------------------------------------------------------------------------------

01CE    FRANJA CELESTE            2,463           2,464         46         20                           A-11507
01CE    FRANJA CELESTE            2,485           2,486         26         20                           A-11508
01CE    FRANJA CELESTE            2,538           2,539         26         20                           A-11509
01CE    FRANJA CELESTE            1,970           1,971         26         20                           A-11510
01CE    FRANJA CELESTE            2,521           2,522         46         20                           A-11511
01CE    FRANJA CELESTE            2,429           2,430         05         20                           A-11512
01CE    FRANJA CELESTE            2,506           2,507         46         20                           A-11513
01CE    FRANJA CELESTE            2,555           2,556         46         20                           A-11514
01CE    FRANJA CELESTE            2,488           2,489         05         20                           A-11515
01CE    FRANJA CELESTE            2,448           2,449         46         20                           A-11516
01CE    FRANJA CELESTE            2,543           2,544         16         20                           A-11517
01CE    FRANJA CELESTE            2,546           2,547         16         20                           A-11518
01CE    FRANJA CELESTE            2,365           2,366         46         20                           A-11519
01CE    FRANJA CELESTE            2,427           2,428         46         20                           A-11520
01CE    FRANJA CELESTE            2,484           2,485         46         20                           A-11521
01CE    FRANJA CELESTE            2,403           2,404         05         20                           A-11522
01CE    FRANJA CELESTE            2,437           2,438         46         20                           A-11523
01CE    FRANJA CELESTE            2,477           2,478         46         20                           A-11524
01CE    FRANJA CELESTE            2,523           2,524         16         20                           A-11525
01CE    FRANJA CELESTE            2,580           2,581         05         20                           A-11526
01CE    FRANJA CELESTE            2,562           2,563         05         20                           A-11527
01CE    FRANJA CELESTE            2,496           2,497         05         20                           A-11528
01CE    FRANJA CELESTE            2,347           2,348         05         20                           A-11529
01CE    FRANJA CELESTE            2,522           2,523         05         20                           A-11530
01CE    FRANJA CELESTE            2,425           2,426         05         20                           A-11531
01CE    FRANJA CELESTE            2,420           2,421         05         20                           A-11532
01CE    FRANJA CELESTE            2,540           2,541         46         20                           A-11533
01CE    FRANJA CELESTE            2,521           2,522         20         20                           A-11534
01CE    FRANJA CELESTE            2,408           2,409         04         20                           A-11535
01CE    FRANJA CELESTE            2,367           2,368         46         20                           A-11536
01CE    FRANJA CELESTE            2,396           2,397         46         20                           A-11537
01CE    FRANJA CELESTE            2,515           2,516         46         20                           A-11538
01CE    FRANJA CELESTE            2,557           2,558         05         20                           A-11539
01CE    FRANJA CELESTE            2,397           2,398         04         20                           A-11540
01CE    FRANJA CELESTE            2,508           2,509         46         20                           A-11541
01CE    FRANJA CELESTE            2,485           2,486         46         20                           A-11542
01CE    FRANJA CELESTE            2,399           2,400         04         20                           A-11543
01CE    FRANJA CELESTE            2,475           2,476         04         20                           A-11544
01CE    FRANJA CELESTE            2,488           2,489         46         20                           A-11545
01CE    FRANJA CELESTE            2,382           2,383         46         20                           A-11546
01CE    FRANJA CELESTE            2,531           2,532         46         20                           A-11547
01CE    FRANJA CELESTE            2,404           2,405         04         20                           A-11548
01CE    FRANJA CELESTE            2,515           2,516         05         20                           A-11549
01CE    FRANJA CELESTE            2,227           2,228         46         20                           A-11550
01CE    FRANJA CELESTE            2,340           2,341         46         20                           A-11551









EMPRESA NACIONAL DE MINERIA (ENM) PRODUCTOR          PACKING LIST                             PAG.  :   3
NATIONAL MINING COMPANY                       CODIGO DE LOTE   : A-11462                      FECHA :08/02/2021
                                              -----------------------------
FLUJO        : 
DESCRIPCION  : CATODOS GRADO A
N° INSTR. DE EMBARQUE : 26439
CLIENTE      : JOGELA
Lote Sipa    : 21010259

----------------------------------------------------------------------------------------------------------------------------- 
MARCA       DESCRIPCION         PESO NETO      PESO BRUTO     GRUPO     UNIDADES       UBICACION         SERIE                
-----------------------------------------------------------------------------------------------------------------------------

01CE    FRANJA CELESTE            2,457           2,458         15         20                           A-11552
01CE    FRANJA CELESTE            2,474           2,475         46         20                           A-11553
01CE    FRANJA CELESTE            2,464           2,465         46         20                           A-11554
01CE    FRANJA CELESTE            2,445           2,446         15         20                           A-11555
01CE    FRANJA CELESTE            2,563           2,564         20         20                           A-11556
01CE    FRANJA CELESTE            2,278           2,279         20         20                           A-11557
01CE    FRANJA CELESTE            2,400           2,401         15         20                           A-11558
01CE    FRANJA CELESTE            2,344           2,345         46         20                           A-11559
01CE    FRANJA CELESTE            2,472           2,473         46         20                           A-11560
01CE    FRANJA CELESTE            2,339           2,340         46         20                           A-11561
01CE    FRANJA CELESTE            2,477           2,478         20         20                           A-11562
01CE    FRANJA CELESTE            2,412           2,413         20         20                           A-11563
01CE    FRANJA CELESTE            2,457           2,458         15         20                           A-11564
01CE    FRANJA CELESTE            2,469           2,470         46         20                           A-11565
01CE    FRANJA CELESTE            2,434           2,435         46         20                           A-11566
01CE    FRANJA CELESTE            2,510           2,511         46         20                           A-11567
01CE    FRANJA CELESTE            2,507           2,508         20         20                           A-11568
01CE    FRANJA CELESTE            2,280           2,281         20         20                           A-11569
01CE    FRANJA CELESTE            2,520           2,521         15         20                           A-11570
01CE    FRANJA CELESTE            2,488           2,489         15         20                           A-11571
01CE    FRANJA CELESTE            2,467           2,468         15         20                           A-11572
01CE    FRANJA CELESTE            2,266           2,267         15         20                           A-11573
01CE    FRANJA CELESTE            2,251           2,252         46         20                           A-11574
01CE    FRANJA CELESTE            2,516           2,517         46         20                           A-11575
01CE    FRANJA CELESTE            2,462           2,463         46         20                           A-11576
01CE    FRANJA CELESTE            2,480           2,481         46         20                           A-11577
01CE    FRANJA CELESTE            2,395           2,396         46         20                           A-11578
01CE    FRANJA CELESTE            2,330           2,331         46         20                           A-11579
01CE    FRANJA CELESTE            2,341           2,342         46         20                           A-11580
01CE    FRANJA CELESTE            2,276           2,277         46         20                           A-11581
01CE    FRANJA CELESTE            2,338           2,339         15         20                           A-11582
01CE    FRANJA CELESTE            2,365           2,366         15         20                           A-11583
01CE    FRANJA CELESTE            2,270           2,271         15         20                           A-11584


------------------------------------------------------------------------------------------------------------------------
T.SUB-LOTES              TOT.PAQUETES =123      TOT.UNID. = 2460   T/P NETO (kg) = 299,914      T/P BRUTO (kg) = 300,037
------------------------------------------------------------------------------------------------------------------------
