
EMPRESA NACIONAL DE MINERIA (ENM) PRODUCTOR          PACKING LIST                             PAG.  :   1
NATIONAL MINING COMPANY                       CODIGO DE LOTE   : F-6311                      FECHA :01/07/2021
                                              -----------------------------
FLUJO        : 
DESCRIPCION  : CATODOS GRADO A
N° INSTR. DE EMBARQUE : 26736
CLIENTE      : CAUQUENES
Lote Sipa    : 

----------------------------------------------------------------------------------------------------------------------------- 
MARCA       DESCRIPCION         PESO NETO      PESO BRUTO     GRUPO     UNIDADES       UBICACION         SERIE                
-----------------------------------------------------------------------------------------------------------------------------

X0NA    EQUIS NARANJA             1,988           1,989         09         20                           F-6311 
X0NA    EQUIS NARANJA             2,025           2,026         09         20                           F-6312 
X0NA    EQUIS NARANJA             2,526           2,527         09         20                           F-6313 
X0NA    EQUIS NARANJA             2,355           2,356         47         20                           F-6314 
X0NA    EQUIS NARANJA             2,005           2,006         09         20                           F-6315 
X0NA    EQUIS NARANJA             2,551           2,552         09         20                           F-6316 
X0NA    EQUIS NARANJA             2,471           2,472         47         20                           F-6317 
X0NA    EQUIS NARANJA             2,525           2,526         28         20                           F-6318 
X0NA    EQUIS NARANJA             2,151           2,152         48         20                           F-6319 
X0NA    EQUIS NARANJA             2,437           2,438         48         20                           F-6320 
X0NA    EQUIS NARANJA             2,539           2,540         47         20                           F-6321 
X0NA    EQUIS NARANJA             2,105           2,106         47         20                           F-6322 
X0NA    EQUIS NARANJA             2,225           2,226         47         20                           F-6323 
X0NA    EQUIS NARANJA             2,225           2,226         47         20                           F-6324 
X0NA    EQUIS NARANJA             2,146           2,147         47         20                           F-6325 
X0NA    EQUIS NARANJA             2,664           2,665         47         20                           F-6326 
X0NA    EQUIS NARANJA             2,691           2,692         21         20                           F-6327 
X0NA    EQUIS NARANJA             2,489           2,490         28         20                           F-6328 
X0NA    EQUIS NARANJA             2,488           2,489         28         20                           F-6329 
X0NA    EQUIS NARANJA             2,455           2,456         28         20                           F-6330 
X0NA    EQUIS NARANJA             2,059           2,060         47         20                           F-6331 
X0NA    EQUIS NARANJA             2,567           2,568         28         20                           F-6332 
X0NA    EQUIS NARANJA             2,522           2,523         28         20                           F-6333 
X0NA    EQUIS NARANJA             2,405           2,406         13         20                           F-6334 
X0NA    EQUIS NARANJA             2,389           2,390         47         20                           F-6335 
X0NA    EQUIS NARANJA             2,603           2,604         28         20                           F-6336 
X0NA    EQUIS NARANJA             2,412           2,413         28         20                           F-6337 
X0NA    EQUIS NARANJA             2,392           2,393         13         20                           F-6338 
X0NA    EQUIS NARANJA             2,257           2,258         13         20                           F-6339 
X0NA    EQUIS NARANJA             2,153           2,154         47         20                           F-6340 
X0NA    EQUIS NARANJA             2,373           2,374         13         20                           F-6341 
X0NA    EQUIS NARANJA             2,577           2,578         13         20                           F-6342 
X0NA    EQUIS NARANJA             2,215           2,216         47         20                           F-6343 
X0NA    EQUIS NARANJA             2,455           2,456         47         20                           F-6344 
X0NA    EQUIS NARANJA             2,557           2,558         28         20                           F-6345 
X0NA    EQUIS NARANJA             2,245           2,246         28         20                           F-6346 
X0NA    EQUIS NARANJA             2,123           2,124         28         20                           F-6347 
X0NA    EQUIS NARANJA             2,579           2,580         28         20                           F-6348 
X0NA    EQUIS NARANJA             2,213           2,214         28         20                           F-6349 
X0NA    EQUIS NARANJA             2,559           2,560         28         20                           F-6350 
X0NA    EQUIS NARANJA             2,015           2,016         47         20                           F-6351 
X0NA    EQUIS NARANJA             2,393           2,394         13         20                           F-6352 
X0NA    EQUIS NARANJA             2,317           2,318         13         20                           F-6353 
X0NA    EQUIS NARANJA             2,165           2,166         47         20                           F-6354 
X0NA    EQUIS NARANJA             2,495           2,496         28         20                           F-6355 









EMPRESA NACIONAL DE MINERIA (ENM) PRODUCTOR          PACKING LIST                             PAG.  :   2
NATIONAL MINING COMPANY                       CODIGO DE LOTE   : F-6311                      FECHA :01/07/2021
                                              -----------------------------
FLUJO        : 
DESCRIPCION  : CATODOS GRADO A
N° INSTR. DE EMBARQUE : 26736
CLIENTE      : CAUQUENES
Lote Sipa    : 

----------------------------------------------------------------------------------------------------------------------------- 
MARCA       DESCRIPCION         PESO NETO      PESO BRUTO     GRUPO     UNIDADES       UBICACION         SERIE                
-----------------------------------------------------------------------------------------------------------------------------

X0NA    EQUIS NARANJA             2,347           2,348         28         20                           F-6356 
X0NA    EQUIS NARANJA             2,560           2,561         28         20                           F-6357 
X0NA    EQUIS NARANJA             2,589           2,590         47         20                           F-6358 
X0NA    EQUIS NARANJA             2,473           2,474         47         20                           F-6359 
X0NA    EQUIS NARANJA             2,385           2,386         47         20                           F-6360 
X0NA    EQUIS NARANJA             2,172           2,173         47         20                           F-6361 
X0NA    EQUIS NARANJA             2,191           2,192         47         20                           F-6362 
X0NA    EQUIS NARANJA             2,366           2,367         47         20                           F-6363 
X0NA    EQUIS NARANJA             2,364           2,365         47         20                           F-6364 
X0NA    EQUIS NARANJA             2,419           2,420         47         20                           F-6365 
X0NA    EQUIS NARANJA             2,365           2,366         47         20                           F-6366 
X0NA    EQUIS NARANJA             2,321           2,322         13         20                           F-6367 
X0NA    EQUIS NARANJA             2,293           2,294         13         20                           F-6368 
X0NA    EQUIS NARANJA             2,224           2,225         47         20                           F-6369 
X0NA    EQUIS NARANJA             2,275           2,276         47         20                           F-6370 
X0NA    EQUIS NARANJA             2,394           2,395         47         20                           F-6371 
X0NA    EQUIS NARANJA             2,396           2,397         13         20                           F-6372 
X0NA    EQUIS NARANJA             2,329           2,330         09         20                           F-6373 
X0NA    EQUIS NARANJA             2,193           2,194         47         20                           F-6374 
X0NA    EQUIS NARANJA             2,221           2,222         47         20                           F-6375 
X0NA    EQUIS NARANJA             2,235           2,236         47         20                           F-6376 
X0NA    EQUIS NARANJA             2,181           2,182         47         20                           F-6377 
X0NA    EQUIS NARANJA             2,193           2,194         47         20                           F-6378 
X0NA    EQUIS NARANJA             2,078           2,079         47         20                           F-6379 
X0NA    EQUIS NARANJA             1,943           1,944         47         20                           F-6380 
X0NA    EQUIS NARANJA             2,181           2,182         47         20                           F-6381 
X0NA    EQUIS NARANJA             2,200           2,201         47         20                           F-6382 
X0NA    EQUIS NARANJA             2,017           2,018         47         20                           F-6383 
X0NA    EQUIS NARANJA             2,152           2,153         47         20                           F-6384 
X0NA    EQUIS NARANJA             2,449           2,450         47         20                           F-6385 
X0NA    EQUIS NARANJA             2,517           2,518         47         20                           F-6386 
X0NA    EQUIS NARANJA             2,171           2,172         47         20                           F-6387 
X0NA    EQUIS NARANJA             2,389           2,390         47         20                           F-6388 
X0NA    EQUIS NARANJA             2,221           2,222         47         20                           F-6389 
X0NA    EQUIS NARANJA             2,529           2,530         47         20                           F-6390 
X0NA    EQUIS NARANJA             2,321           2,322         47         20                           F-6391 
X0NA    EQUIS NARANJA             2,329           2,330         47         20                           F-6392 
X0NA    EQUIS NARANJA             2,435           2,436         47         20                           F-6393 
X0NA    EQUIS NARANJA             2,558           2,559         47         20                           F-6394 
X0NA    EQUIS NARANJA             2,074           2,075         47         20                           F-6395 
X0NA    EQUIS NARANJA             2,477           2,478         47         20                           F-6396 
X0NA    EQUIS NARANJA             2,363           2,364         47         20                           F-6397 
X0NA    EQUIS NARANJA             2,479           2,480         47         20                           F-6398 
X0NA    EQUIS NARANJA             2,349           2,350         47         20                           F-6399 
X0NA    EQUIS NARANJA             2,309           2,310         47         20                           F-6400 









EMPRESA NACIONAL DE MINERIA (ENM) PRODUCTOR          PACKING LIST                             PAG.  :   3
NATIONAL MINING COMPANY                       CODIGO DE LOTE   : F-6311                      FECHA :01/07/2021
                                              -----------------------------
FLUJO        : 
DESCRIPCION  : CATODOS GRADO A
N° INSTR. DE EMBARQUE : 26736
CLIENTE      : CAUQUENES
Lote Sipa    : 

----------------------------------------------------------------------------------------------------------------------------- 
MARCA       DESCRIPCION         PESO NETO      PESO BRUTO     GRUPO     UNIDADES       UBICACION         SERIE                
-----------------------------------------------------------------------------------------------------------------------------

X0NA    EQUIS NARANJA             2,351           2,352         47         20                           F-6401 
X0NA    EQUIS NARANJA             2,451           2,452         21         20                           F-6402 
X0NA    EQUIS NARANJA             2,509           2,510         12         20                           F-6403 
X0NA    EQUIS NARANJA             2,456           2,457         12         20                           F-6404 
X0NA    EQUIS NARANJA             2,271           2,272         12         20                           F-6405 
X0NA    EQUIS NARANJA             2,315           2,316         12         20                           F-6406 
X0NA    EQUIS NARANJA             2,418           2,419         12         20                           F-6407 
X0NA    EQUIS NARANJA             2,279           2,280         12         20                           F-6408 
X0NA    EQUIS NARANJA             2,356           2,357         36         20                           F-6409 
X0NA    EQUIS NARANJA             2,335           2,336         04         20                           F-6410 
X0NA    EQUIS NARANJA             2,473           2,474         04         20                           F-6411 
X0NA    EQUIS NARANJA             2,489           2,490         35         20                           F-6412 
X0NA    EQUIS NARANJA             2,275           2,276         35         20                           F-6413 
X0NA    EQUIS NARANJA             2,487           2,488         35         20                           F-6414 
X0NA    EQUIS NARANJA             2,443           2,444         04         20                           F-6415 
X0NA    EQUIS NARANJA             2,503           2,504         35         20                           F-6416 
X0NA    EQUIS NARANJA             2,237           2,238         35         20                           F-6417 
X0NA    EQUIS NARANJA             2,395           2,396         12         20                           F-6418 
X0NA    EQUIS NARANJA             2,397           2,398         12         20                           F-6419 
X0NA    EQUIS NARANJA             2,335           2,336         12         20                           F-6420 
X0NA    EQUIS NARANJA             2,472           2,473         35         20                           F-6421 
X0NA    EQUIS NARANJA             2,327           2,328         04         20                           F-6422 
X0NA    EQUIS NARANJA             2,413           2,414         04         20                           F-6423 
X0NA    EQUIS NARANJA             2,257           2,258         04         20                           F-6424 
X0NA    EQUIS NARANJA             2,457           2,458         35         20                           F-6425 
X0NA    EQUIS NARANJA             2,423           2,424         04         20                           F-6426 
X0NA    EQUIS NARANJA             2,216           2,217         04         20                           F-6427 
X0NA    EQUIS NARANJA             2,357           2,358         04         20                           F-6428 
X0NA    EQUIS NARANJA             2,267           2,268         04         20                           F-6429 
X0NA    EQUIS NARANJA             2,569           2,570         04         20                           F-6430 
X0NA    EQUIS NARANJA             2,407           2,408         35         20                           F-6431 
X0NA    EQUIS NARANJA             2,493           2,494         04         20                           F-6432 
X0NA    EQUIS NARANJA             2,278           2,279         04         20                           F-6433 
X0NA    EQUIS NARANJA             2,133           2,134         12         20                           F-6434 
X0NA    EQUIS NARANJA             2,147           2,148         12         20                           F-6435 
X0NA    EQUIS NARANJA             2,243           2,244         04         20                           F-6436 
X0NA    EQUIS NARANJA             2,317           2,318         12         20                           F-6437 
X0NA    EQUIS NARANJA             2,303           2,304         12         20                           F-6438 


------------------------------------------------------------------------------------------------------------------------
T.SUB-LOTES              TOT.PAQUETES =128      TOT.UNID. = 2560   T/P NETO (kg) = 299,982      T/P BRUTO (kg) = 300,110
------------------------------------------------------------------------------------------------------------------------
