
EMPRESA NACIONAL DE MINERIA (ENM) PRODUCTOR          PACKING LIST                             PAG.  :   1
NATIONAL MINING COMPANY                       CODIGO DE LOTE   : G-2199                      FECHA :27/07/2022
                                              -----------------------------
FLUJO        : 
DESCRIPCION  : CATODOS EW VALLENAR
N° INSTR. DE EMBARQUE : 929699
CLIENTE      : 
Lote Sipa    : 22070279

----------------------------------------------------------------------------------------------------------------------------- 
MARCA       DESCRIPCION         PESO NETO      PESO BRUTO     GRUPO     UNIDADES       UBICACION         SERIE                
-----------------------------------------------------------------------------------------------------------------------------

03RJ    TRES FRANJAS ROJAS        2,032           2,033                    72                           G-2199 
03RJ    TRES FRANJAS ROJAS        2,014           2,015                    84                           G-2200 
03RJ    TRES FRANJAS ROJAS        2,015           2,016                    93                           G-2201 
03RJ    TRES FRANJAS ROJAS        2,023           2,024                    87                           G-2202 
03RJ    TRES FRANJAS ROJAS        2,017           2,018                    74                           G-2203 
03RJ    TRES FRANJAS ROJAS        2,021           2,022                    71                           G-2204 
03RJ    TRES FRANJAS ROJAS        2,017           2,018                    78                           G-2205 
03RJ    TRES FRANJAS ROJAS        2,016           2,017                    72                           G-2206 
03RJ    TRES FRANJAS ROJAS        2,013           2,014                    87                           G-2207 
03RJ    TRES FRANJAS ROJAS        2,011           2,012                    71                           G-2208 
03RJ    TRES FRANJAS ROJAS        2,028           2,029                    86                           G-2209 
03RJ    TRES FRANJAS ROJAS        2,023           2,024                    94                           G-2210 
03RJ    TRES FRANJAS ROJAS        2,027           2,028                    83                           G-2211 


------------------------------------------------------------------------------------------------------------------------
T.SUB-LOTES              TOT.PAQUETES =13      TOT.UNID. = 1052   T/P NETO (kg) = 26,257      T/P BRUTO (kg) = 26,270
------------------------------------------------------------------------------------------------------------------------
