
EMPRESA NACIONAL DE MINERIA (ENM) PRODUCTOR          PACKING LIST                             PAG.  :   1
NATIONAL MINING COMPANY                       CODIGO DE LOTE   : D-14968                      FECHA :08/05/2018
                                              -----------------------------
FLUJO        : 
DESCRIPCION  : CATODOS GRADO A
N° INSTR. DE EMBARQUE : 24542
CLIENTE      : SANTA ISABEL
Lote Sipa    : 

----------------------------------------------------------------------------------------------------------------------------- 
MARCA       DESCRIPCION         PESO NETO      PESO BRUTO     GRUPO     UNIDADES       UBICACION         SERIE                
-----------------------------------------------------------------------------------------------------------------------------

X0RJ    EQUIS ROJA                2,466           2,467         25         20                           D-14968
X0RJ    EQUIS ROJA                2,360           2,361         25         20                           D-14969
X0RJ    EQUIS ROJA                2,212           2,213         25         20                           D-14970
X0RJ    EQUIS ROJA                2,138           2,139         25         20                           D-14971
X0RJ    EQUIS ROJA                2,290           2,291         25         20                           D-14972
X0RJ    EQUIS ROJA                2,268           2,269         25         20                           D-14973
X0RJ    EQUIS ROJA                2,404           2,405         25         20                           D-14974
X0RJ    EQUIS ROJA                2,219           2,220         25         20                           D-14975
X0RJ    EQUIS ROJA                2,472           2,473         25         20                           D-14976
X0RJ    EQUIS ROJA                2,111           2,112         25         20                           D-14977
X0RJ    EQUIS ROJA                2,501           2,502         21         20                           D-14978
X0RJ    EQUIS ROJA                2,483           2,484         25         20                           D-14979
X0RJ    EQUIS ROJA                2,333           2,334         25         20                           D-14980
X0RJ    EQUIS ROJA                2,418           2,419         25         20                           D-14981
X0RJ    EQUIS ROJA                2,546           2,547         25         20                           D-14982
X0RJ    EQUIS ROJA                2,462           2,463         21         20                           D-14983
X0RJ    EQUIS ROJA                2,335           2,336         21         20                           D-14984
X0RJ    EQUIS ROJA                2,480           2,481         21         20                           D-14985
X0RJ    EQUIS ROJA                2,478           2,479         21         20                           D-14986
X0RJ    EQUIS ROJA                2,388           2,389         21         20                           D-14987
X0RJ    EQUIS ROJA                2,388           2,389         25         20                           D-14988
X0RJ    EQUIS ROJA                2,317           2,318         25         20                           D-14989
X0RJ    EQUIS ROJA                2,413           2,414         21         20                           D-14990
X0RJ    EQUIS ROJA                2,405           2,406         21         20                           D-14991
X0RJ    EQUIS ROJA                2,318           2,319         21         20                           D-14992
X0RJ    EQUIS ROJA                2,374           2,375         21         20                           D-14993
X0RJ    EQUIS ROJA                2,356           2,357         04         20                           D-14994
X0RJ    EQUIS ROJA                2,516           2,517         21         20                           D-14995
X0RJ    EQUIS ROJA                2,436           2,437         21         20                           D-14996
X0RJ    EQUIS ROJA                2,545           2,546         21         20                           D-14997
X0RJ    EQUIS ROJA                2,431           2,432         21         20                           D-14998
X0RJ    EQUIS ROJA                2,393           2,394         21         20                           D-14999
X0RJ    EQUIS ROJA                2,411           2,412         21         20                           D-15000
X0RJ    EQUIS ROJA                2,348           2,349         21         20                           D-15001
X0RJ    EQUIS ROJA                2,519           2,520         21         20                           D-15002
X0RJ    EQUIS ROJA                2,395           2,396         25         20                           D-15003
X0RJ    EQUIS ROJA                2,486           2,487         25         20                           D-15004
X0RJ    EQUIS ROJA                2,578           2,579         25         20                           D-15005
X0RJ    EQUIS ROJA                2,468           2,469         12         20                           D-15006
X0RJ    EQUIS ROJA                2,360           2,361         25         20                           D-15007
X0RJ    EQUIS ROJA                2,521           2,522         12         20                           D-15008
X0RJ    EQUIS ROJA                2,474           2,475         46         20                           D-15009
X0RJ    EQUIS ROJA                2,484           2,485         12         20                           D-15010
X0RJ    EQUIS ROJA                2,489           2,490         12         20                           D-15011
X0RJ    EQUIS ROJA                2,347           2,348         25         20                           D-15012









EMPRESA NACIONAL DE MINERIA (ENM) PRODUCTOR          PACKING LIST                             PAG.  :   2
NATIONAL MINING COMPANY                       CODIGO DE LOTE   : D-14968                      FECHA :08/05/2018
                                              -----------------------------
FLUJO        : 
DESCRIPCION  : CATODOS GRADO A
N° INSTR. DE EMBARQUE : 24542
CLIENTE      : SANTA ISABEL
Lote Sipa    : 

----------------------------------------------------------------------------------------------------------------------------- 
MARCA       DESCRIPCION         PESO NETO      PESO BRUTO     GRUPO     UNIDADES       UBICACION         SERIE                
-----------------------------------------------------------------------------------------------------------------------------

X0RJ    EQUIS ROJA                2,370           2,371         25         20                           D-15013
X0RJ    EQUIS ROJA                2,369           2,370         25         20                           D-15014
X0RJ    EQUIS ROJA                2,426           2,427         25         20                           D-15015
X0RJ    EQUIS ROJA                2,501           2,502         25         20                           D-15016
X0RJ    EQUIS ROJA                2,388           2,389         21         20                           D-15017
X0RJ    EQUIS ROJA                2,269           2,270         25         20                           D-15018
X0RJ    EQUIS ROJA                2,487           2,488         25         20                           D-15019
X0RJ    EQUIS ROJA                2,370           2,371         04         20                           D-15020
X0RJ    EQUIS ROJA                2,459           2,460         04         20                           D-15021
X0RJ    EQUIS ROJA                2,455           2,456         04         20                           D-15022
X0RJ    EQUIS ROJA                2,377           2,378         04         20                           D-15023
X0RJ    EQUIS ROJA                2,444           2,445         04         20                           D-15024
X0RJ    EQUIS ROJA                2,549           2,550         12         20                           D-15025
X0RJ    EQUIS ROJA                2,435           2,436         12         20                           D-15026
X0RJ    EQUIS ROJA                2,431           2,432         12         20                           D-15027
X0RJ    EQUIS ROJA                2,483           2,484         04         20                           D-15028
X0RJ    EQUIS ROJA                2,427           2,428         04         20                           D-15029
X0RJ    EQUIS ROJA                2,372           2,373         04         20                           D-15030
X0RJ    EQUIS ROJA                2,385           2,386         04         20                           D-15031
X0RJ    EQUIS ROJA                2,432           2,433         04         20                           D-15032
X0RJ    EQUIS ROJA                2,236           2,237         04         20                           D-15033
X0RJ    EQUIS ROJA                2,425           2,426         12         20                           D-15034
X0RJ    EQUIS ROJA                2,432           2,433         12         20                           D-15035
X0RJ    EQUIS ROJA                2,399           2,400         25         20                           D-15036
X0RJ    EQUIS ROJA                2,476           2,477         46         20                           D-15037
X0RJ    EQUIS ROJA                2,171           2,172         46         20                           D-15038
X0RJ    EQUIS ROJA                2,298           2,299         46         20                           D-15039
X0RJ    EQUIS ROJA                2,377           2,378         46         20                           D-15040
X0RJ    EQUIS ROJA                2,462           2,463         25         20                           D-15041
X0RJ    EQUIS ROJA                2,397           2,398         25         20                           D-15042
X0RJ    EQUIS ROJA                2,454           2,455         25         20                           D-15043
X0RJ    EQUIS ROJA                2,387           2,388         25         20                           D-15044
X0RJ    EQUIS ROJA                2,385           2,386         25         20                           D-15045
X0RJ    EQUIS ROJA                2,484           2,485         25         20                           D-15046
X0RJ    EQUIS ROJA                2,542           2,543         25         20                           D-15047
X0RJ    EQUIS ROJA                2,530           2,531         25         20                           D-15048
X0RJ    EQUIS ROJA                2,425           2,426         25         20                           D-15049
X0RJ    EQUIS ROJA                2,472           2,473         25         20                           D-15050


------------------------------------------------------------------------------------------------------------------------
T.SUB-LOTES              TOT.PAQUETES =83      TOT.UNID. = 1660   T/P NETO (kg) = 199,917      T/P BRUTO (kg) = 200,000
------------------------------------------------------------------------------------------------------------------------
