
EMPRESA NACIONAL DE MINERIA (ENM) PRODUCTOR          PACKING LIST                             PAG.  :   1
NATIONAL MINING COMPANY                       CODIGO DE LOTE   : E-11930                      FECHA :12/06/2019
                                              -----------------------------
FLUJO        : 
DESCRIPCION  : CATODOS GRADO A
N° INSTR. DE EMBARQUE : 25340
CLIENTE      : GRASMERE MAERSK
Lote Sipa    : 19050481

----------------------------------------------------------------------------------------------------------------------------- 
MARCA       DESCRIPCION         PESO NETO      PESO BRUTO     GRUPO     UNIDADES       UBICACION         SERIE                
-----------------------------------------------------------------------------------------------------------------------------

02NE    DOS FRANJAS NEGRAS        2,444           2,445         20         20                           E-11930
02NE    DOS FRANJAS NEGRAS        2,428           2,429         20         20                           E-11931
02NE    DOS FRANJAS NEGRAS        2,371           2,372         20         20                           E-11932
02NE    DOS FRANJAS NEGRAS        2,487           2,488         20         20                           E-11933
02NE    DOS FRANJAS NEGRAS        2,426           2,427         20         20                           E-11934
02NE    DOS FRANJAS NEGRAS        2,441           2,442         20         20                           E-11935
02NE    DOS FRANJAS NEGRAS        2,389           2,390         20         20                           E-11936
02NE    DOS FRANJAS NEGRAS        2,418           2,419         20         20                           E-11937
02NE    DOS FRANJAS NEGRAS        2,325           2,326         20         20                           E-11938
02NE    DOS FRANJAS NEGRAS        2,407           2,408         20         20                           E-11939
02NE    DOS FRANJAS NEGRAS        2,331           2,332         33         20                           E-11940
02NE    DOS FRANJAS NEGRAS        2,423           2,424         20         20                           E-11941
02NE    DOS FRANJAS NEGRAS        2,346           2,347         20         20                           E-11942
02NE    DOS FRANJAS NEGRAS        2,349           2,350         20         20                           E-11943
02NE    DOS FRANJAS NEGRAS        2,347           2,348         20         20                           E-11944
02NE    DOS FRANJAS NEGRAS        2,356           2,357         20         20                           E-11945
02NE    DOS FRANJAS NEGRAS        2,350           2,351         20         20                           E-11946
02NE    DOS FRANJAS NEGRAS        2,326           2,327         20         20                           E-11947
02NE    DOS FRANJAS NEGRAS        2,430           2,431         20         20                           E-11948
02NE    DOS FRANJAS NEGRAS        2,404           2,405         20         20                           E-11949
02NE    DOS FRANJAS NEGRAS        2,436           2,437         20         20                           E-11950
02NE    DOS FRANJAS NEGRAS        2,497           2,498         20         20                           E-11951
02NE    DOS FRANJAS NEGRAS        2,447           2,448         20         20                           E-11952
02NE    DOS FRANJAS NEGRAS        2,072           2,073         33         20                           E-11953
02NE    DOS FRANJAS NEGRAS        2,388           2,389         33         20                           E-11954
02NE    DOS FRANJAS NEGRAS        2,397           2,398         33         20                           E-11955
02NE    DOS FRANJAS NEGRAS        2,440           2,441         33         20                           E-11956
02NE    DOS FRANJAS NEGRAS        2,440           2,441         33         20                           E-11957
02NE    DOS FRANJAS NEGRAS        2,186           2,187         33         20                           E-11958
02NE    DOS FRANJAS NEGRAS        2,299           2,300         33         20                           E-11959
02NE    DOS FRANJAS NEGRAS        2,379           2,380         33         20                           E-11960
02NE    DOS FRANJAS NEGRAS        2,392           2,393         33         20                           E-11961
02NE    DOS FRANJAS NEGRAS        2,274           2,275         33         20                           E-11962
02NE    DOS FRANJAS NEGRAS        2,426           2,427         33         20                           E-11963
02NE    DOS FRANJAS NEGRAS        2,380           2,381         33         20                           E-11964
02NE    DOS FRANJAS NEGRAS        2,453           2,454         33         20                           E-11965
02NE    DOS FRANJAS NEGRAS        2,254           2,255         33         20                           E-11966
02NE    DOS FRANJAS NEGRAS        2,480           2,481         20         20                           E-11967
02NE    DOS FRANJAS NEGRAS        2,326           2,327         33         20                           E-11968
02NE    DOS FRANJAS NEGRAS        2,483           2,484         20         20                           E-11969
02NE    DOS FRANJAS NEGRAS        2,293           2,294         33         20                           E-11970
02NE    DOS FRANJAS NEGRAS        2,435           2,436         33         20                           E-11971
02NE    DOS FRANJAS NEGRAS        2,372           2,373         31         20                           E-11972
02NE    DOS FRANJAS NEGRAS        2,106           2,107         33         20                           E-11973
02NE    DOS FRANJAS NEGRAS        2,370           2,371         31         20                           E-11974









EMPRESA NACIONAL DE MINERIA (ENM) PRODUCTOR          PACKING LIST                             PAG.  :   2
NATIONAL MINING COMPANY                       CODIGO DE LOTE   : E-11930                      FECHA :12/06/2019
                                              -----------------------------
FLUJO        : 
DESCRIPCION  : CATODOS GRADO A
N° INSTR. DE EMBARQUE : 25340
CLIENTE      : GRASMERE MAERSK
Lote Sipa    : 19050481

----------------------------------------------------------------------------------------------------------------------------- 
MARCA       DESCRIPCION         PESO NETO      PESO BRUTO     GRUPO     UNIDADES       UBICACION         SERIE                
-----------------------------------------------------------------------------------------------------------------------------

02NE    DOS FRANJAS NEGRAS        1,951           1,952         33         20                           E-11975
02NE    DOS FRANJAS NEGRAS        2,430           2,431         31         20                           E-11976
02NE    DOS FRANJAS NEGRAS        2,184           2,185         33         20                           E-11977
02NE    DOS FRANJAS NEGRAS        2,428           2,429         31         20                           E-11978
02NE    DOS FRANJAS NEGRAS        2,395           2,396         31         20                           E-11979
02NE    DOS FRANJAS NEGRAS        2,328           2,329         33         20                           E-11980
02NE    DOS FRANJAS NEGRAS        2,311           2,312         33         20                           E-11981
02NE    DOS FRANJAS NEGRAS        2,317           2,318         31         20                           E-11982
02NE    DOS FRANJAS NEGRAS        2,318           2,319         33         20                           E-11983
02NE    DOS FRANJAS NEGRAS        2,309           2,310         33         20                           E-11984
02NE    DOS FRANJAS NEGRAS        2,369           2,370         33         20                           E-11985
02NE    DOS FRANJAS NEGRAS        2,296           2,297         33         20                           E-11986
02NE    DOS FRANJAS NEGRAS        2,363           2,364         33         20                           E-11987
02NE    DOS FRANJAS NEGRAS        2,319           2,320         33         20                           E-11988
02NE    DOS FRANJAS NEGRAS        2,398           2,399         33         20                           E-11989
02NE    DOS FRANJAS NEGRAS        2,107           2,108         33         20                           E-11990
02NE    DOS FRANJAS NEGRAS        2,257           2,258         33         20                           E-11991
02NE    DOS FRANJAS NEGRAS        2,286           2,287         33         20                           E-11992
02NE    DOS FRANJAS NEGRAS        2,133           2,134         31         20                           E-11993
02NE    DOS FRANJAS NEGRAS        2,314           2,315         31         20                           E-11994
02NE    DOS FRANJAS NEGRAS        2,246           2,247         33         20                           E-11995
02NE    DOS FRANJAS NEGRAS        2,315           2,316         33         20                           E-11996
02NE    DOS FRANJAS NEGRAS        2,449           2,450         33         20                           E-11997
02NE    DOS FRANJAS NEGRAS        2,347           2,348         33         20                           E-11998
02NE    DOS FRANJAS NEGRAS        2,471           2,472         33         20                           E-11999
02NE    DOS FRANJAS NEGRAS        2,414           2,415         31         20                           E-12000
02NE    DOS FRANJAS NEGRAS        2,286           2,287         31         20                           E-12001
02NE    DOS FRANJAS NEGRAS        2,424           2,425         31         20                           E-12002
02NE    DOS FRANJAS NEGRAS        2,343           2,344         33         20                           E-12003
02NE    DOS FRANJAS NEGRAS        2,485           2,486         33         20                           E-12004
02NE    DOS FRANJAS NEGRAS        2,287           2,288         31         20                           E-12005
02NE    DOS FRANJAS NEGRAS        2,143           2,144         33         20                           E-12006
02NE    DOS FRANJAS NEGRAS        2,358           2,359         33         20                           E-12007
02NE    DOS FRANJAS NEGRAS        2,393           2,394         31         20                           E-12008
02NE    DOS FRANJAS NEGRAS        2,344           2,345         33         20                           E-12009
02NE    DOS FRANJAS NEGRAS        2,347           2,348         33         20                           E-12010
02NE    DOS FRANJAS NEGRAS        2,352           2,353         33         20                           E-12011
02NE    DOS FRANJAS NEGRAS        2,433           2,434         33         20                           E-12012
02NE    DOS FRANJAS NEGRAS        2,071           2,072         33         20                           E-12013
02NE    DOS FRANJAS NEGRAS        2,410           2,411         33         20                           E-12014


------------------------------------------------------------------------------------------------------------------------
T.SUB-LOTES              TOT.PAQUETES =85      TOT.UNID. = 1700   T/P NETO (kg) = 199,554      T/P BRUTO (kg) = 199,639
------------------------------------------------------------------------------------------------------------------------
