
EMPRESA NACIONAL DE MINERIA (ENM) PRODUCTOR          PACKING LIST                             PAG.  :   1
NATIONAL MINING COMPANY                       CODIGO DE LOTE   : B-11850                      FECHA :21/02/2023
                                              -----------------------------
FLUJO        : 
DESCRIPCION  : CATODOS GRADO A
N° INSTR. DE EMBARQUE : 27810
CLIENTE      : SAN ANTONIO EXPRESS
Lote Sipa    : 

----------------------------------------------------------------------------------------------------------------------------- 
MARCA       DESCRIPCION         PESO NETO      PESO BRUTO     GRUPO     UNIDADES       UBICACION         SERIE                
-----------------------------------------------------------------------------------------------------------------------------

02BL    DOS FRANJAS BLANCAS       2,421           2,422         21         20                           B-11850
02BL    DOS FRANJAS BLANCAS       2,306           2,307         21         20                           B-11851
02BL    DOS FRANJAS BLANCAS       2,389           2,390         21         20                           B-11852
02BL    DOS FRANJAS BLANCAS       2,485           2,486         21         20                           B-11853
02BL    DOS FRANJAS BLANCAS       2,499           2,500         21         20                           B-11854
02BL    DOS FRANJAS BLANCAS       2,402           2,403         21         20                           B-11855
02BL    DOS FRANJAS BLANCAS       2,315           2,316         13         20                           B-11856
02BL    DOS FRANJAS BLANCAS       2,407           2,408         13         20                           B-11857
02BL    DOS FRANJAS BLANCAS       2,418           2,419         21         20                           B-11858
02BL    DOS FRANJAS BLANCAS       2,457           2,458         21         20                           B-11859
02BL    DOS FRANJAS BLANCAS       2,066           2,067         13         20                           B-11860
02BL    DOS FRANJAS BLANCAS       2,217           2,218         21         20                           B-11861
02BL    DOS FRANJAS BLANCAS       2,283           2,284         21         20                           B-11862
02BL    DOS FRANJAS BLANCAS       2,185           2,186         13         20                           B-11863
02BL    DOS FRANJAS BLANCAS       2,224           2,225         13         20                           B-11864
02BL    DOS FRANJAS BLANCAS       1,983           1,984         13         20                           B-11865
02BL    DOS FRANJAS BLANCAS       2,050           2,051         13         20                           B-11866
02BL    DOS FRANJAS BLANCAS       2,163           2,164         13         20                           B-11867
02BL    DOS FRANJAS BLANCAS       2,183           2,184         13         20                           B-11868
02BL    DOS FRANJAS BLANCAS       2,239           2,240         13         20                           B-11869
02BL    DOS FRANJAS BLANCAS       2,269           2,270         13         20                           B-11870
02BL    DOS FRANJAS BLANCAS       2,373           2,374         34         20                           B-11871
02BL    DOS FRANJAS BLANCAS       2,155           2,156         13         20                           B-11872
02BL    DOS FRANJAS BLANCAS       2,406           2,407         18         20                           B-11873
02BL    DOS FRANJAS BLANCAS       2,268           2,269         13         20                           B-11874
02BL    DOS FRANJAS BLANCAS       2,461           2,462         18         20                           B-11875
02BL    DOS FRANJAS BLANCAS       2,355           2,356         18         20                           B-11876
02BL    DOS FRANJAS BLANCAS       2,261           2,262         18         20                           B-11877
02BL    DOS FRANJAS BLANCAS       2,222           2,223         18         20                           B-11878
02BL    DOS FRANJAS BLANCAS       2,371           2,372         20         20                           B-11879
02BL    DOS FRANJAS BLANCAS       2,375           2,376         21         20                           B-11880
02BL    DOS FRANJAS BLANCAS       2,503           2,504         20         20                           B-11881
02BL    DOS FRANJAS BLANCAS       2,097           2,098         13         20                           B-11882
02BL    DOS FRANJAS BLANCAS       2,459           2,460         20         20                           B-11883
02BL    DOS FRANJAS BLANCAS       2,249           2,250         20         20                           B-11884
02BL    DOS FRANJAS BLANCAS       2,433           2,434         20         20                           B-11885
02BL    DOS FRANJAS BLANCAS       2,265           2,266         20         20                           B-11886
02BL    DOS FRANJAS BLANCAS       2,491           2,492         20         20                           B-11887
02BL    DOS FRANJAS BLANCAS       2,265           2,266         20         20                           B-11888
02BL    DOS FRANJAS BLANCAS       2,469           2,470         20         20                           B-11889
02BL    DOS FRANJAS BLANCAS       2,319           2,320         20         20                           B-11890
02BL    DOS FRANJAS BLANCAS       2,451           2,452         20         20                           B-11891
02BL    DOS FRANJAS BLANCAS       2,283           2,284         21         20                           B-11892
02BL    DOS FRANJAS BLANCAS       2,143           2,144         13         20                           B-11893
02BL    DOS FRANJAS BLANCAS       2,306           2,307         13         20                           B-11894









EMPRESA NACIONAL DE MINERIA (ENM) PRODUCTOR          PACKING LIST                             PAG.  :   2
NATIONAL MINING COMPANY                       CODIGO DE LOTE   : B-11850                      FECHA :21/02/2023
                                              -----------------------------
FLUJO        : 
DESCRIPCION  : CATODOS GRADO A
N° INSTR. DE EMBARQUE : 27810
CLIENTE      : SAN ANTONIO EXPRESS
Lote Sipa    : 

----------------------------------------------------------------------------------------------------------------------------- 
MARCA       DESCRIPCION         PESO NETO      PESO BRUTO     GRUPO     UNIDADES       UBICACION         SERIE                
-----------------------------------------------------------------------------------------------------------------------------

02BL    DOS FRANJAS BLANCAS       2,347           2,348         13         20                           B-11895
02BL    DOS FRANJAS BLANCAS       2,211           2,212         13         20                           B-11896
02BL    DOS FRANJAS BLANCAS       2,119           2,120         13         20                           B-11897
02BL    DOS FRANJAS BLANCAS       2,177           2,178         13         20                           B-11898
02BL    DOS FRANJAS BLANCAS       2,160           2,161         13         20                           B-11899
02BL    DOS FRANJAS BLANCAS       2,321           2,322         21         20                           B-11900
02BL    DOS FRANJAS BLANCAS       2,325           2,326         13         20                           B-11901
02BL    DOS FRANJAS BLANCAS       2,189           2,190         13         20                           B-11902
02BL    DOS FRANJAS BLANCAS       2,384           2,385         21         20                           B-11903
02BL    DOS FRANJAS BLANCAS       2,465           2,466         21         20                           B-11904
02BL    DOS FRANJAS BLANCAS       2,307           2,308         18         20                           B-11905
02BL    DOS FRANJAS BLANCAS       2,199           2,200         13         20                           B-11906
02BL    DOS FRANJAS BLANCAS       2,219           2,220         13         20                           B-11907
02BL    DOS FRANJAS BLANCAS       2,283           2,284         13         20                           B-11908
02BL    DOS FRANJAS BLANCAS       2,201           2,202         13         20                           B-11909
02BL    DOS FRANJAS BLANCAS       2,154           2,155         21         20                           B-11910
02BL    DOS FRANJAS BLANCAS       2,281           2,282         18         20                           B-11911
02BL    DOS FRANJAS BLANCAS       2,248           2,249         13         20                           B-11912
02BL    DOS FRANJAS BLANCAS       2,197           2,198         13         20                           B-11913
02BL    DOS FRANJAS BLANCAS       2,265           2,266         13         20                           B-11914
02BL    DOS FRANJAS BLANCAS       2,482           2,483         21         20                           B-11915
02BL    DOS FRANJAS BLANCAS       2,317           2,318         13         20                           B-11916
02BL    DOS FRANJAS BLANCAS       2,343           2,344         18         20                           B-11917
02BL    DOS FRANJAS BLANCAS       2,289           2,290         13         20                           B-11918
02BL    DOS FRANJAS BLANCAS       2,357           2,358         20         20                           B-11919
02BL    DOS FRANJAS BLANCAS       2,207           2,208         20         20                           B-11920
02BL    DOS FRANJAS BLANCAS       2,265           2,266         13         20                           B-11921
02BL    DOS FRANJAS BLANCAS       2,315           2,316         20         20                           B-11922
02BL    DOS FRANJAS BLANCAS       2,229           2,230         20         20                           B-11923
02BL    DOS FRANJAS BLANCAS       2,077           2,078         13         20                           B-11924
02BL    DOS FRANJAS BLANCAS       2,293           2,294         13         20                           B-11925
02BL    DOS FRANJAS BLANCAS       2,229           2,230         13         20                           B-11926
02BL    DOS FRANJAS BLANCAS       2,464           2,465         18         20                           B-11927
02BL    DOS FRANJAS BLANCAS       2,182           2,183         13         20                           B-11928
02BL    DOS FRANJAS BLANCAS       2,291           2,292         13         20                           B-11929
02BL    DOS FRANJAS BLANCAS       2,197           2,198         20         20                           B-11930
02BL    DOS FRANJAS BLANCAS       2,261           2,262         13         20                           B-11931
02BL    DOS FRANJAS BLANCAS       2,374           2,375         13         20                           B-11932
02BL    DOS FRANJAS BLANCAS       2,491           2,492         18         20                           B-11933
02BL    DOS FRANJAS BLANCAS       2,497           2,498         18         20                           B-11934
02BL    DOS FRANJAS BLANCAS       2,547           2,548         35         20                           B-11935
02BL    DOS FRANJAS BLANCAS       2,285           2,286         18         20                           B-11936


------------------------------------------------------------------------------------------------------------------------
T.SUB-LOTES              TOT.PAQUETES =87      TOT.UNID. = 1740   T/P NETO (kg) = 199,985      T/P BRUTO (kg) = 200,072
------------------------------------------------------------------------------------------------------------------------
