
EMPRESA NACIONAL DE MINERIA (ENM) PRODUCTOR          PACKING LIST                             PAG.  :   1
NATIONAL MINING COMPANY                       CODIGO DE LOTE   : M-5844                      FECHA :15/12/2020
                                              -----------------------------
FLUJO        : 
DESCRIPCION  : CATODOS GRADO A
N° INSTR. DE EMBARQUE : 26407
CLIENTE      : CARLOTTA STAR
Lote Sipa    : 20120200

----------------------------------------------------------------------------------------------------------------------------- 
MARCA       DESCRIPCION         PESO NETO      PESO BRUTO     GRUPO     UNIDADES       UBICACION         SERIE                
-----------------------------------------------------------------------------------------------------------------------------

X0AZ    EQUIS AZUL                2,230           2,231         11         20                           M-5844 
X0AZ    EQUIS AZUL                2,330           2,331         11         20                           M-5845 
X0AZ    EQUIS AZUL                2,222           2,223         27         20                           M-5846 
X0AZ    EQUIS AZUL                2,208           2,209         11         20                           M-5847 
X0AZ    EQUIS AZUL                2,370           2,371         27         20                           M-5848 
X0AZ    EQUIS AZUL                2,326           2,327         11         20                           M-5849 
X0AZ    EQUIS AZUL                2,291           2,292         11         20                           M-5850 
X0AZ    EQUIS AZUL                2,246           2,247         27         20                           M-5851 
X0AZ    EQUIS AZUL                2,334           2,335         27         20                           M-5852 
X0AZ    EQUIS AZUL                2,305           2,306         27         20                           M-5853 
X0AZ    EQUIS AZUL                2,367           2,368         11         20                           M-5854 
X0AZ    EQUIS AZUL                2,269           2,270         27         20                           M-5855 
X0AZ    EQUIS AZUL                2,304           2,305         11         20                           M-5856 
X0AZ    EQUIS AZUL                2,279           2,280         11         20                           M-5857 
X0AZ    EQUIS AZUL                2,385           2,386         27         20                           M-5858 
X0AZ    EQUIS AZUL                2,267           2,268         11         20                           M-5859 
X0AZ    EQUIS AZUL                2,135           2,136         11         20                           M-5860 
X0AZ    EQUIS AZUL                2,244           2,245         27         20                           M-5861 
X0AZ    EQUIS AZUL                2,205           2,206         27         20                           M-5862 
X0AZ    EQUIS AZUL                2,260           2,261         11         20                           M-5863 
X0AZ    EQUIS AZUL                2,263           2,264         11         20                           M-5864 
X0AZ    EQUIS AZUL                2,310           2,311         11         20                           M-5865 
X0AZ    EQUIS AZUL                2,285           2,286         27         20                           M-5866 
X0AZ    EQUIS AZUL                2,241           2,242         11         20                           M-5867 
X0AZ    EQUIS AZUL                2,327           2,328         27         20                           M-5868 
X0AZ    EQUIS AZUL                2,375           2,376         27         20                           M-5869 
X0AZ    EQUIS AZUL                2,181           2,182         11         20                           M-5870 
X0AZ    EQUIS AZUL                2,250           2,251         27         20                           M-5871 
X0AZ    EQUIS AZUL                2,321           2,322         11         20                           M-5872 
X0AZ    EQUIS AZUL                2,284           2,285         11         20                           M-5873 
X0AZ    EQUIS AZUL                2,268           2,269         11         20                           M-5874 
X0AZ    EQUIS AZUL                2,316           2,317         11         20                           M-5875 
X0AZ    EQUIS AZUL                2,253           2,254         11         20                           M-5876 
X0AZ    EQUIS AZUL                2,242           2,243         11         20                           M-5877 
X0AZ    EQUIS AZUL                2,334           2,335         11         20                           M-5878 
X0AZ    EQUIS AZUL                2,232           2,233         11         20                           M-5879 
X0AZ    EQUIS AZUL                2,298           2,299         27         20                           M-5880 
X0AZ    EQUIS AZUL                2,217           2,218         27         20                           M-5881 
X0AZ    EQUIS AZUL                2,231           2,232         11         20                           M-5882 
X0AZ    EQUIS AZUL                2,230           2,231         11         20                           M-5883 
X0AZ    EQUIS AZUL                2,267           2,268         27         20                           M-5884 
X0AZ    EQUIS AZUL                2,220           2,221         11         20                           M-5885 
X0AZ    EQUIS AZUL                2,177           2,178         11         20                           M-5886 
X0AZ    EQUIS AZUL                2,141           2,142         11         20                           M-5887 


------------------------------------------------------------------------------------------------------------------------
T.SUB-LOTES              TOT.PAQUETES =44      TOT.UNID. = 880   T/P NETO (kg) = 99,840      T/P BRUTO (kg) = 99,884
------------------------------------------------------------------------------------------------------------------------
