
EMPRESA NACIONAL DE MINERIA (ENM) PRODUCTOR          PACKING LIST                             PAG.  :   1
NATIONAL MINING COMPANY                       CODIGO DE LOTE   : C-10065                      FECHA :20/03/2019
                                              -----------------------------
FLUJO        : 
DESCRIPCION  : CATODOS GRADO A
N° INSTR. DE EMBARQUE : 25134
CLIENTE      : GRASMERE MAERSK
Lote Sipa    : 

----------------------------------------------------------------------------------------------------------------------------- 
MARCA       DESCRIPCION         PESO NETO      PESO BRUTO     GRUPO     UNIDADES       UBICACION         SERIE                
-----------------------------------------------------------------------------------------------------------------------------

01AZ    FRANJA AZUL               2,431           2,432         24         20                           C-10065
01AZ    FRANJA AZUL               2,477           2,478         32         20                           C-10066
01AZ    FRANJA AZUL               2,350           2,351         24         20                           C-10067
01AZ    FRANJA AZUL               2,329           2,330         32         20                           C-10068
01AZ    FRANJA AZUL               2,388           2,389         32         20                           C-10069
01AZ    FRANJA AZUL               2,358           2,359         32         20                           C-10070
01AZ    FRANJA AZUL               2,370           2,371         24         20                           C-10071
01AZ    FRANJA AZUL               2,431           2,432         32         20                           C-10072
01AZ    FRANJA AZUL               2,458           2,459         23         20                           C-10073
01AZ    FRANJA AZUL               2,431           2,432         24         20                           C-10074
01AZ    FRANJA AZUL               2,436           2,437         32         20                           C-10075
01AZ    FRANJA AZUL               2,329           2,330         24         20                           C-10076
01AZ    FRANJA AZUL               2,404           2,405         32         20                           C-10077
01AZ    FRANJA AZUL               2,394           2,395         32         20                           C-10078
01AZ    FRANJA AZUL               2,458           2,459         32         20                           C-10079
01AZ    FRANJA AZUL               2,343           2,344         24         20                           C-10080
01AZ    FRANJA AZUL               2,402           2,403         24         20                           C-10081
01AZ    FRANJA AZUL               2,377           2,378         24         20                           C-10082
01AZ    FRANJA AZUL               2,373           2,374         32         20                           C-10083
01AZ    FRANJA AZUL               2,408           2,409         24         20                           C-10084
01AZ    FRANJA AZUL               2,292           2,293         24         20                           C-10085
01AZ    FRANJA AZUL               2,411           2,412         24         20                           C-10086
01AZ    FRANJA AZUL               2,288           2,289         32         20                           C-10087
01AZ    FRANJA AZUL               2,341           2,342         32         20                           C-10088
01AZ    FRANJA AZUL               2,433           2,434         32         20                           C-10089
01AZ    FRANJA AZUL               2,415           2,416         32         20                           C-10090
01AZ    FRANJA AZUL               2,263           2,264         32         20                           C-10091
01AZ    FRANJA AZUL               2,431           2,432         32         20                           C-10092
01AZ    FRANJA AZUL               2,413           2,414         32         20                           C-10093
01AZ    FRANJA AZUL               2,293           2,294         24         20                           C-10094
01AZ    FRANJA AZUL               2,372           2,373         32         20                           C-10095
01AZ    FRANJA AZUL               2,327           2,328         24         20                           C-10096
01AZ    FRANJA AZUL               2,383           2,384         24         20                           C-10097
01AZ    FRANJA AZUL               2,240           2,241         32         20                           C-10098
01AZ    FRANJA AZUL               2,476           2,477         32         20                           C-10099
01AZ    FRANJA AZUL               2,370           2,371         32         20                           C-10100
01AZ    FRANJA AZUL               2,411           2,412         32         20                           C-10101
01AZ    FRANJA AZUL               2,469           2,470         32         20                           C-10102
01AZ    FRANJA AZUL               2,386           2,387         24         20                           C-10103
01AZ    FRANJA AZUL               2,455           2,456         32         20                           C-10104
01AZ    FRANJA AZUL               2,471           2,472         24         20                           C-10105
01AZ    FRANJA AZUL               2,340           2,341         32         20                           C-10106
01AZ    FRANJA AZUL               2,378           2,379         32         20                           C-10107
01AZ    FRANJA AZUL               2,348           2,349         24         20                           C-10108
01AZ    FRANJA AZUL               2,491           2,492         24         20                           C-10109









EMPRESA NACIONAL DE MINERIA (ENM) PRODUCTOR          PACKING LIST                             PAG.  :   2
NATIONAL MINING COMPANY                       CODIGO DE LOTE   : C-10065                      FECHA :20/03/2019
                                              -----------------------------
FLUJO        : 
DESCRIPCION  : CATODOS GRADO A
N° INSTR. DE EMBARQUE : 25134
CLIENTE      : GRASMERE MAERSK
Lote Sipa    : 

----------------------------------------------------------------------------------------------------------------------------- 
MARCA       DESCRIPCION         PESO NETO      PESO BRUTO     GRUPO     UNIDADES       UBICACION         SERIE                
-----------------------------------------------------------------------------------------------------------------------------

01AZ    FRANJA AZUL               2,016           2,017         32         20                           C-10110
01AZ    FRANJA AZUL               2,285           2,286         24         20                           C-10111
01AZ    FRANJA AZUL               2,278           2,279         24         20                           C-10112
01AZ    FRANJA AZUL               2,239           2,240         24         20                           C-10113
01AZ    FRANJA AZUL               2,301           2,302         24         20                           C-10114
01AZ    FRANJA AZUL               2,297           2,298         24         20                           C-10115
01AZ    FRANJA AZUL               2,511           2,512         32         20                           C-10116
01AZ    FRANJA AZUL               2,514           2,515         32         20                           C-10117
01AZ    FRANJA AZUL               2,476           2,477         32         20                           C-10118
01AZ    FRANJA AZUL               2,371           2,372         24         20                           C-10119
01AZ    FRANJA AZUL               2,427           2,428         32         20                           C-10120
01AZ    FRANJA AZUL               2,392           2,393         32         20                           C-10121
01AZ    FRANJA AZUL               2,239           2,240         24         20                           C-10122
01AZ    FRANJA AZUL               2,400           2,401         32         20                           C-10123
01AZ    FRANJA AZUL               2,280           2,281         32         20                           C-10124
01AZ    FRANJA AZUL               2,531           2,532         32         20                           C-10125
01AZ    FRANJA AZUL               2,303           2,304         24         20                           C-10126
01AZ    FRANJA AZUL               2,409           2,410         24         20                           C-10127
01AZ    FRANJA AZUL               2,239           2,240         24         20                           C-10128
01AZ    FRANJA AZUL               2,524           2,525         24         20                           C-10129
01AZ    FRANJA AZUL               2,426           2,427         24         20                           C-10130
01AZ    FRANJA AZUL               2,502           2,503         32         20                           C-10131
01AZ    FRANJA AZUL               2,330           2,331         24         20                           C-10132
01AZ    FRANJA AZUL               2,291           2,292         24         20                           C-10133
01AZ    FRANJA AZUL               2,437           2,438         32         20                           C-10134
01AZ    FRANJA AZUL               2,501           2,502         32         20                           C-10135
01AZ    FRANJA AZUL               2,246           2,247         24         20                           C-10136
01AZ    FRANJA AZUL               2,495           2,496         32         20                           C-10137
01AZ    FRANJA AZUL               2,061           2,062         24         20                           C-10138
01AZ    FRANJA AZUL               2,416           2,417         24         20                           C-10139
01AZ    FRANJA AZUL               2,424           2,425         32         20                           C-10140
01AZ    FRANJA AZUL               2,364           2,365         32         20                           C-10141
01AZ    FRANJA AZUL               2,414           2,415         32         20                           C-10142
01AZ    FRANJA AZUL               2,418           2,419         32         20                           C-10143
01AZ    FRANJA AZUL               2,432           2,433         32         20                           C-10144
01AZ    FRANJA AZUL               2,373           2,374         32         20                           C-10145
01AZ    FRANJA AZUL               2,533           2,534         32         20                           C-10146
01AZ    FRANJA AZUL               2,156           2,157         32         20                           C-10147
01AZ    FRANJA AZUL               2,502           2,503         32         20                           C-10148
01AZ    FRANJA AZUL               2,387           2,388         32         20                           C-10149
01AZ    FRANJA AZUL               2,261           2,262         24         20                           C-10150
01AZ    FRANJA AZUL               2,353           2,354         24         20                           C-10151
01AZ    FRANJA AZUL               2,498           2,499         24         20                           C-10152
01AZ    FRANJA AZUL               2,418           2,419         32         20                           C-10153
01AZ    FRANJA AZUL               2,427           2,428         24         20                           C-10154









EMPRESA NACIONAL DE MINERIA (ENM) PRODUCTOR          PACKING LIST                             PAG.  :   3
NATIONAL MINING COMPANY                       CODIGO DE LOTE   : C-10065                      FECHA :20/03/2019
                                              -----------------------------
FLUJO        : 
DESCRIPCION  : CATODOS GRADO A
N° INSTR. DE EMBARQUE : 25134
CLIENTE      : GRASMERE MAERSK
Lote Sipa    : 

----------------------------------------------------------------------------------------------------------------------------- 
MARCA       DESCRIPCION         PESO NETO      PESO BRUTO     GRUPO     UNIDADES       UBICACION         SERIE                
-----------------------------------------------------------------------------------------------------------------------------

01AZ    FRANJA AZUL               2,488           2,489         32         20                           C-10155
01AZ    FRANJA AZUL               2,550           2,551         24         20                           C-10156
01AZ    FRANJA AZUL               2,311           2,312         32         20                           C-10157
01AZ    FRANJA AZUL               2,251           2,252         32         20                           C-10158
01AZ    FRANJA AZUL               2,315           2,316         24         20                           C-10159
01AZ    FRANJA AZUL               2,365           2,366         34         20                           C-10160
01AZ    FRANJA AZUL               1,963           1,964         34         20                           C-10161
01AZ    FRANJA AZUL               2,409           2,410         34         20                           C-10162
01AZ    FRANJA AZUL               2,257           2,258         34         20                           C-10163
01AZ    FRANJA AZUL               2,478           2,479         24         20                           C-10164
01AZ    FRANJA AZUL               2,399           2,400         42         20                           C-10165
01AZ    FRANJA AZUL               2,271           2,272         11         20                           C-10166
01AZ    FRANJA AZUL               2,439           2,440         34         20                           C-10167
01AZ    FRANJA AZUL               2,500           2,501         34         20                           C-10168
01AZ    FRANJA AZUL               2,456           2,457         34         20                           C-10169
01AZ    FRANJA AZUL               2,392           2,393         34         20                           C-10170
01AZ    FRANJA AZUL               2,478           2,479         43         20                           C-10171
01AZ    FRANJA AZUL               2,479           2,480         34         20                           C-10172
01AZ    FRANJA AZUL               2,380           2,381         34         20                           C-10173
01AZ    FRANJA AZUL               2,486           2,487         34         20                           C-10174
01AZ    FRANJA AZUL               2,284           2,285         34         20                           C-10175
01AZ    FRANJA AZUL               2,221           2,222         34         20                           C-10176
01AZ    FRANJA AZUL               2,390           2,391         42         20                           C-10177
01AZ    FRANJA AZUL               2,493           2,494         34         20                           C-10178
01AZ    FRANJA AZUL               2,452           2,453         34         20                           C-10179
01AZ    FRANJA AZUL               2,478           2,479         34         20                           C-10180
01AZ    FRANJA AZUL               2,457           2,458         34         20                           C-10181
01AZ    FRANJA AZUL               2,295           2,296         17         20                           C-10182
01AZ    FRANJA AZUL               2,483           2,484         34         20                           C-10183
01AZ    FRANJA AZUL               2,327           2,328         43         20                           C-10184
01AZ    FRANJA AZUL               2,215           2,216         17         20                           C-10185
01AZ    FRANJA AZUL               2,491           2,492         34         20                           C-10186
01AZ    FRANJA AZUL               2,482           2,483         34         20                           C-10187
01AZ    FRANJA AZUL               2,253           2,254         34         20                           C-10188
01AZ    FRANJA AZUL               2,388           2,389         34         20                           C-10189
01AZ    FRANJA AZUL               2,379           2,380         34         20                           C-10190


------------------------------------------------------------------------------------------------------------------------
T.SUB-LOTES              TOT.PAQUETES =126      TOT.UNID. = 2520   T/P NETO (kg) = 299,896      T/P BRUTO (kg) = 300,022
------------------------------------------------------------------------------------------------------------------------
