
EMPRESA NACIONAL DE MINERIA (ENM) PRODUCTOR          PACKING LIST                             PAG.  :   1
NATIONAL MINING COMPANY                       CODIGO DE LOTE   : I-1646                      FECHA :19/11/2021
                                              -----------------------------
FLUJO        : 
DESCRIPCION  : CATODOS EW EL SALADO
N° INSTR. DE EMBARQUE : 27027
CLIENTE      : COCHRANE
Lote Sipa    : 21090465

----------------------------------------------------------------------------------------------------------------------------- 
MARCA       DESCRIPCION         PESO NETO      PESO BRUTO     GRUPO     UNIDADES       UBICACION         SERIE                
-----------------------------------------------------------------------------------------------------------------------------

01RJ    FRANJA ROJA               1,941           1,942                    66                           I-1646 
01RJ    FRANJA ROJA               2,015           2,016                    104                          I-1647 
01RJ    FRANJA ROJA               1,945           1,946                    71                           I-1648 
01RJ    FRANJA ROJA               2,008           2,009                    60                           I-1649 
01RJ    FRANJA ROJA               2,025           2,026                    65                           I-1650 
01RJ    FRANJA ROJA               2,044           2,045                    83                           I-1651 
01RJ    FRANJA ROJA               2,032           2,033                    75                           I-1652 
01RJ    FRANJA ROJA               1,958           1,959                    71                           I-1653 
01RJ    FRANJA ROJA               1,970           1,971                    60                           I-1654 
01RJ    FRANJA ROJA               2,047           2,048                    75                           I-1655 
01RJ    FRANJA ROJA               2,025           2,026                    65                           I-1656 
01RJ    FRANJA ROJA               1,977           1,978                    96                           I-1657 
01RJ    FRANJA ROJA               1,998           1,999                    60                           I-1658 
01RJ    FRANJA ROJA               1,966           1,967                    69                           I-1659 
01RJ    FRANJA ROJA               2,052           2,053                    85                           I-1661 
01RJ    FRANJA ROJA               2,041           2,042                    78                           I-1662 
01RJ    FRANJA ROJA               2,080           2,081                    62                           I-1663 
01RJ    FRANJA ROJA               2,006           2,007                    69                           I-1664 
01RJ    FRANJA ROJA               2,011           2,012                    81                           I-1665 
01RJ    FRANJA ROJA               1,962           1,963                    77                           I-1666 
01RJ    FRANJA ROJA               2,047           2,048                    82                           I-1667 
01RJ    FRANJA ROJA               1,982           1,983                    78                           I-1668 
01RJ    FRANJA ROJA               1,980           1,981                    76                           I-1669 
01RJ    FRANJA ROJA               2,007           2,008                    81                           I-1670 
01RJ    FRANJA ROJA               2,060           2,061                    77                           I-1671 
01RJ    FRANJA ROJA               2,018           2,019                    87                           I-1672 
01RJ    FRANJA ROJA               2,009           2,010                    77                           I-1673 
01RJ    FRANJA ROJA               2,031           2,032                    85                           I-1674 
01RJ    FRANJA ROJA               2,010           2,011                    60                           I-1676 
01RJ    FRANJA ROJA               2,056           2,057                    81                           I-1677 
01RJ    FRANJA ROJA               2,033           2,034                    75                           I-1678 
01RJ    FRANJA ROJA               2,032           2,033                    80                           I-1679 
01RJ    FRANJA ROJA               2,037           2,038                    75                           I-1680 
01RJ    FRANJA ROJA               2,026           2,027                    85                           I-1681 
01RJ    FRANJA ROJA               1,993           1,994                    71                           I-1682 
01RJ    FRANJA ROJA               2,053           2,054                    80                           I-1683 
01RJ    FRANJA ROJA               2,056           2,057                    85                           I-1684 
01RJ    FRANJA ROJA               1,972           1,973                    75                           I-1685 
01RJ    FRANJA ROJA               2,068           2,069                    84                           I-1686 
01RJ    FRANJA ROJA               2,009           2,010                    70                           I-1687 
01RJ    FRANJA ROJA               2,056           2,057                    70                           I-1688 
01RJ    FRANJA ROJA               2,003           2,004                    73                           I-1689 
01RJ    FRANJA ROJA               2,048           2,049                    77                           I-1691 
01RJ    FRANJA ROJA               2,041           2,042                    84                           I-1692 
01RJ    FRANJA ROJA               2,063           2,064                    102                          I-1693 









EMPRESA NACIONAL DE MINERIA (ENM) PRODUCTOR          PACKING LIST                             PAG.  :   2
NATIONAL MINING COMPANY                       CODIGO DE LOTE   : I-1646                      FECHA :19/11/2021
                                              -----------------------------
FLUJO        : 
DESCRIPCION  : CATODOS EW EL SALADO
N° INSTR. DE EMBARQUE : 27027
CLIENTE      : COCHRANE
Lote Sipa    : 21090465

----------------------------------------------------------------------------------------------------------------------------- 
MARCA       DESCRIPCION         PESO NETO      PESO BRUTO     GRUPO     UNIDADES       UBICACION         SERIE                
-----------------------------------------------------------------------------------------------------------------------------

01RJ    FRANJA ROJA               2,050           2,051                    82                           I-1694 
01RJ    FRANJA ROJA               1,967           1,968                    70                           I-1695 
01RJ    FRANJA ROJA               1,969           1,970                    76                           I-1696 
01RJ    FRANJA ROJA               1,993           1,994                    72                           I-1697 
01RJ    FRANJA ROJA               1,982           1,983                    74                           I-1698 
01RJ    FRANJA ROJA               2,062           2,063                    75                           I-1699 
01RJ    FRANJA ROJA               2,001           2,002                    76                           I-1700 
01RJ    FRANJA ROJA               1,977           1,978                    71                           I-1701 
01RJ    FRANJA ROJA               1,971           1,972                    72                           I-1702 
01RJ    FRANJA ROJA               2,002           2,003                    69                           I-1703 
01RJ    FRANJA ROJA               2,032           2,033                    75                           I-1704 
01RJ    FRANJA ROJA               2,037           2,038                    78                           I-1855 
01RJ    FRANJA ROJA               2,031           2,032                    76                           I-1856 
01RJ    FRANJA ROJA               2,027           2,028                    75                           I-1857 
01RJ    FRANJA ROJA               2,038           2,039                    85                           I-1858 
01RJ    FRANJA ROJA               1,996           1,997                    85                           I-1859 
01RJ    FRANJA ROJA               1,960           1,961                    60                           I-1860 
01RJ    FRANJA ROJA               2,008           2,009                    78                           I-1861 
01RJ    FRANJA ROJA               2,042           2,043                    75                           I-1862 
01RJ    FRANJA ROJA               2,046           2,047                    77                           I-1863 
01RJ    FRANJA ROJA               2,037           2,038                    78                           I-1864 
01RJ    FRANJA ROJA               1,974           1,975                    74                           I-1865 
01RJ    FRANJA ROJA               2,023           2,024                    72                           I-1866 
01RJ    FRANJA ROJA               2,000           2,001                    63                           I-1867 
01RJ    FRANJA ROJA               1,973           1,974                    65                           I-1868 


------------------------------------------------------------------------------------------------------------------------
T.SUB-LOTES              TOT.PAQUETES =70      TOT.UNID. = 5295   T/P NETO (kg) = 140,991      T/P BRUTO (kg) = 141,061
------------------------------------------------------------------------------------------------------------------------
