
EMPRESA NACIONAL DE MINERIA (ENM) PRODUCTOR          PACKING LIST                             PAG.  :   1
NATIONAL MINING COMPANY                       CODIGO DE LOTE   : B-16330                      FECHA :17/03/2022
                                              -----------------------------
FLUJO        : 
DESCRIPCION  : CATODOS GRADO A
N° INSTR. DE EMBARQUE : 27251
CLIENTE      : CISNES
Lote Sipa    : 22020491

----------------------------------------------------------------------------------------------------------------------------- 
MARCA       DESCRIPCION         PESO NETO      PESO BRUTO     GRUPO     UNIDADES       UBICACION         SERIE                
-----------------------------------------------------------------------------------------------------------------------------

01VE    FRANJA VERDE              2,405           2,406         47         20                           B-16330
01VE    FRANJA VERDE              2,253           2,254         47         20                           B-16331
01VE    FRANJA VERDE              2,441           2,442         47         20                           B-16332
01VE    FRANJA VERDE              2,153           2,154         47         20                           B-16333
01VE    FRANJA VERDE              2,245           2,246         47         20                           B-16334
01VE    FRANJA VERDE              2,390           2,391         47         20                           B-16335
01VE    FRANJA VERDE              2,069           2,070         47         20                           B-16336
01VE    FRANJA VERDE              1,917           1,918         31         20                           B-16337
01VE    FRANJA VERDE              2,231           2,232         31         20                           B-16338
01VE    FRANJA VERDE              2,096           2,097         31         20                           B-16339
01VE    FRANJA VERDE              2,155           2,156         31         20                           B-16340
01VE    FRANJA VERDE              1,955           1,956         31         20                           B-16341
01VE    FRANJA VERDE              2,581           2,582         31         20                           B-16342
01VE    FRANJA VERDE              2,546           2,547         31         20                           B-16343
01VE    FRANJA VERDE              2,289           2,290         11         20                           C-4002 
01VE    FRANJA VERDE              2,429           2,430         12         20                           C-4003 
01VE    FRANJA VERDE              2,361           2,362         35         20                           C-4004 
01VE    FRANJA VERDE              2,412           2,413         35         20                           C-4005 
01VE    FRANJA VERDE              2,526           2,527         35         20                           C-4006 
01VE    FRANJA VERDE              2,387           2,388         35         20                           C-4007 
01VE    FRANJA VERDE              2,477           2,478         12         20                           C-4008 
01VE    FRANJA VERDE              2,433           2,434         12         20                           C-4009 
01VE    FRANJA VERDE              2,443           2,444         35         20                           C-4010 
01VE    FRANJA VERDE              2,474           2,475         35         20                           C-4011 
01VE    FRANJA VERDE              2,464           2,465         35         20                           C-4012 
01VE    FRANJA VERDE              2,424           2,425         35         20                           C-4013 
01VE    FRANJA VERDE              2,290           2,291         35         20                           C-4014 
01VE    FRANJA VERDE              2,479           2,480         35         20                           C-4015 
01VE    FRANJA VERDE              2,370           2,371         19         20                           C-4016 
01VE    FRANJA VERDE              2,471           2,472         19         20                           C-4017 
01VE    FRANJA VERDE              2,499           2,500         19         20                           C-4018 
01VE    FRANJA VERDE              2,319           2,320         19         20                           C-4019 
01VE    FRANJA VERDE              2,308           2,309         19         20                           C-4020 
01VE    FRANJA VERDE              2,287           2,288         19         20                           C-4021 
01VE    FRANJA VERDE              2,279           2,280         12         20                           C-4022 
01VE    FRANJA VERDE              2,303           2,304         12         20                           C-4023 
01VE    FRANJA VERDE              2,395           2,396         19         20                           C-4024 
01VE    FRANJA VERDE              2,413           2,414         19         20                           C-4025 
01VE    FRANJA VERDE              2,501           2,502         12         20                           C-4026 
01VE    FRANJA VERDE              2,387           2,388         19         20                           C-4027 
01VE    FRANJA VERDE              2,561           2,562         19         20                           C-4028 
01VE    FRANJA VERDE              2,231           2,232         19         20                           C-4029 
01VE    FRANJA VERDE              2,460           2,461         19         20                           C-4030 
01VE    FRANJA VERDE              2,407           2,408         19         20                           C-4031 
01VE    FRANJA VERDE              2,379           2,380         19         20                           C-4032 









EMPRESA NACIONAL DE MINERIA (ENM) PRODUCTOR          PACKING LIST                             PAG.  :   2
NATIONAL MINING COMPANY                       CODIGO DE LOTE   : B-16330                      FECHA :17/03/2022
                                              -----------------------------
FLUJO        : 
DESCRIPCION  : CATODOS GRADO A
N° INSTR. DE EMBARQUE : 27251
CLIENTE      : CISNES
Lote Sipa    : 22020491

----------------------------------------------------------------------------------------------------------------------------- 
MARCA       DESCRIPCION         PESO NETO      PESO BRUTO     GRUPO     UNIDADES       UBICACION         SERIE                
-----------------------------------------------------------------------------------------------------------------------------

01VE    FRANJA VERDE              2,561           2,562         19         20                           C-4033 
01VE    FRANJA VERDE              2,411           2,412         19         20                           C-4034 
01VE    FRANJA VERDE              2,493           2,494         19         20                           C-4035 
01VE    FRANJA VERDE              2,521           2,522         19         20                           C-4036 
01VE    FRANJA VERDE              2,351           2,352         19         20                           C-4037 
01VE    FRANJA VERDE              2,529           2,530         12         20                           C-4038 
01VE    FRANJA VERDE              2,497           2,498         12         20                           C-4039 
01VE    FRANJA VERDE              2,424           2,425         12         20                           C-4040 
01VE    FRANJA VERDE              2,407           2,408         12         20                           C-4041 
01VE    FRANJA VERDE              2,437           2,438         12         20                           C-4042 
01VE    FRANJA VERDE              2,469           2,470         19         20                           C-4043 
01VE    FRANJA VERDE              2,365           2,366         19         20                           C-4044 
01VE    FRANJA VERDE              2,375           2,376         19         20                           C-4045 
01VE    FRANJA VERDE              2,521           2,522         19         20                           C-4046 
01VE    FRANJA VERDE              2,428           2,429         12         20                           C-4047 
01VE    FRANJA VERDE              2,411           2,412         12         20                           C-4048 
01VE    FRANJA VERDE              2,363           2,364         19         20                           C-4049 
01VE    FRANJA VERDE              2,512           2,513         19         20                           C-4050 
01VE    FRANJA VERDE              2,504           2,505         19         20                           C-4051 
01VE    FRANJA VERDE              2,174           2,175         19         20                           C-4052 
01VE    FRANJA VERDE              2,021           2,022         19         20                           C-4053 
01VE    FRANJA VERDE              2,150           2,151         19         20                           C-4054 
01VE    FRANJA VERDE              2,470           2,471         19         20                           C-4055 
01VE    FRANJA VERDE              2,453           2,454         12         20                           C-4056 
01VE    FRANJA VERDE              2,499           2,500         19         20                           C-4057 
01VE    FRANJA VERDE              2,486           2,487         12         20                           C-4058 
01VE    FRANJA VERDE              2,433           2,434         12         20                           C-4059 
01VE    FRANJA VERDE              2,245           2,246         12         20                           C-4060 
01VE    FRANJA VERDE              2,037           2,038         19         20                           C-4061 
01VE    FRANJA VERDE              2,443           2,444         12         20                           C-4062 
01VE    FRANJA VERDE              2,367           2,368         19         20                           C-4063 
01VE    FRANJA VERDE              2,036           2,037         19         20                           C-4064 
01VE    FRANJA VERDE              2,488           2,489         19         20                           C-4065 
01VE    FRANJA VERDE              2,243           2,244         19         20                           C-4066 
01VE    FRANJA VERDE              2,151           2,152         19         20                           C-4067 
01VE    FRANJA VERDE              2,153           2,154         19         20                           C-4068 
01VE    FRANJA VERDE              2,233           2,234         19         20                           C-4069 
01VE    FRANJA VERDE              2,389           2,390         19         20                           C-4070 
01VE    FRANJA VERDE              2,019           2,020         19         20                           C-4071 
01VE    FRANJA VERDE              2,255           2,256         19         20                           C-4072 
01VE    FRANJA VERDE              2,502           2,503         19         20                           C-4073 
01VE    FRANJA VERDE              1,995           1,996         19         20                           C-4074 
01VE    FRANJA VERDE              2,428           2,429         19         20                           C-4075 
01VE    FRANJA VERDE              2,116           2,117         19         20                           C-4076 
01VE    FRANJA VERDE              2,365           2,366         19         20                           C-4077 









EMPRESA NACIONAL DE MINERIA (ENM) PRODUCTOR          PACKING LIST                             PAG.  :   3
NATIONAL MINING COMPANY                       CODIGO DE LOTE   : B-16330                      FECHA :17/03/2022
                                              -----------------------------
FLUJO        : 
DESCRIPCION  : CATODOS GRADO A
N° INSTR. DE EMBARQUE : 27251
CLIENTE      : CISNES
Lote Sipa    : 22020491

----------------------------------------------------------------------------------------------------------------------------- 
MARCA       DESCRIPCION         PESO NETO      PESO BRUTO     GRUPO     UNIDADES       UBICACION         SERIE                
-----------------------------------------------------------------------------------------------------------------------------

01VE    FRANJA VERDE              2,001           2,002         35         20                           C-4078 
01VE    FRANJA VERDE              2,141           2,142         35         20                           C-4079 
01VE    FRANJA VERDE              2,165           2,166         35         20                           C-4080 
01VE    FRANJA VERDE              2,100           2,101         35         20                           C-4081 
01VE    FRANJA VERDE              2,178           2,179         35         20                           C-4082 
01VE    FRANJA VERDE              2,456           2,457         12         20                           C-4083 
01VE    FRANJA VERDE              2,103           2,104         35         20                           C-4084 
01VE    FRANJA VERDE              2,103           2,104         35         20                           C-4085 
01VE    FRANJA VERDE              2,069           2,070         35         20                           C-4086 
01VE    FRANJA VERDE              2,085           2,086         12         20                           C-4087 
01VE    FRANJA VERDE              2,107           2,108         12         20                           C-4088 
01VE    FRANJA VERDE              2,127           2,128         35         20                           C-4089 
01VE    FRANJA VERDE              2,030           2,031         35         20                           C-4090 
01VE    FRANJA VERDE              2,439           2,440         35         20                           C-4091 
01VE    FRANJA VERDE              2,389           2,390         35         20                           C-4092 
01VE    FRANJA VERDE              2,145           2,146         35         20                           C-4093 
01VE    FRANJA VERDE              2,121           2,122         35         20                           C-4094 
01VE    FRANJA VERDE              2,185           2,186         35         20                           C-4095 
01VE    FRANJA VERDE              2,069           2,070         35         20                           C-4096 
01VE    FRANJA VERDE              2,249           2,250         19         20                           C-4097 
01VE    FRANJA VERDE              2,115           2,116         35         20                           C-4098 
01VE    FRANJA VERDE              2,331           2,332         35         20                           C-4099 
01VE    FRANJA VERDE              2,101           2,102         35         20                           C-4100 
01VE    FRANJA VERDE              1,923           1,924         35         20                           C-4101 
01VE    FRANJA VERDE              2,037           2,038         19         20                           C-4102 
01VE    FRANJA VERDE              2,369           2,370         35         20                           C-4103 
01VE    FRANJA VERDE              2,504           2,505         12         20                           C-4104 
01VE    FRANJA VERDE              2,513           2,514         12         20                           C-4105 
01VE    FRANJA VERDE              2,527           2,528         12         20                           C-4106 
01VE    FRANJA VERDE              2,046           2,047         35         20                           C-4107 
01VE    FRANJA VERDE              2,225           2,226         35         20                           C-4108 
01VE    FRANJA VERDE              2,237           2,238         19         20                           C-4109 
01VE    FRANJA VERDE              1,961           1,962         35         20                           C-4110 
01VE    FRANJA VERDE              2,457           2,458         35         20                           C-4111 
01VE    FRANJA VERDE              2,031           2,032         35         20                           C-4112 
01VE    FRANJA VERDE              2,037           2,038         35         20                           C-4113 
01VE    FRANJA VERDE              1,962           1,963         35         20                           C-4114 
01VE    FRANJA VERDE              2,237           2,238         19         20                           C-4115 
01VE    FRANJA VERDE              2,418           2,419         19         20                           C-4116 
01VE    FRANJA VERDE              2,053           2,054         19         20                           C-4117 
01VE    FRANJA VERDE              2,097           2,098         35         20                           C-4118 
01VE    FRANJA VERDE              1,991           1,992         19         20                           C-4119 
01VE    FRANJA VERDE              2,211           2,212         19         20                           C-4120 
01VE    FRANJA VERDE              2,167           2,168         35         20                           C-4121 
01VE    FRANJA VERDE              2,016           2,017         19         20                           C-4122 









EMPRESA NACIONAL DE MINERIA (ENM) PRODUCTOR          PACKING LIST                             PAG.  :   4
NATIONAL MINING COMPANY                       CODIGO DE LOTE   : B-16330                      FECHA :17/03/2022
                                              -----------------------------
FLUJO        : 
DESCRIPCION  : CATODOS GRADO A
N° INSTR. DE EMBARQUE : 27251
CLIENTE      : CISNES
Lote Sipa    : 22020491

----------------------------------------------------------------------------------------------------------------------------- 
MARCA       DESCRIPCION         PESO NETO      PESO BRUTO     GRUPO     UNIDADES       UBICACION         SERIE                
-----------------------------------------------------------------------------------------------------------------------------

01VE    FRANJA VERDE              2,164           2,165         19         20                           C-4123 
01VE    FRANJA VERDE              2,107           2,108         19         20                           C-4124 
01VE    FRANJA VERDE              2,511           2,512         19         20                           C-4125 
01VE    FRANJA VERDE              2,111           2,112         35         20                           C-4126 
01VE    FRANJA VERDE              2,418           2,419         12         20                           C-4127 
01VE    FRANJA VERDE              2,419           2,420         12         20                           C-4128 
01VE    FRANJA VERDE              2,339           2,340         12         20                           C-4129 
01VE    FRANJA VERDE              2,289           2,290         12         20                           C-4130 
01VE    FRANJA VERDE              2,392           2,393         12         20                           C-4131 
01VE    FRANJA VERDE              2,372           2,373         12         20                           C-4132 
01VE    FRANJA VERDE              2,107           2,108         12         20                           C-4133 
01VE    FRANJA VERDE              2,247           2,248         12         20                           C-4134 
01VE    FRANJA VERDE              2,427           2,428         12         20                           C-4135 
01VE    FRANJA VERDE              2,218           2,219         12         20                           C-4136 
01VE    FRANJA VERDE              2,321           2,322         12         20                           C-4137 
01VE    FRANJA VERDE              2,391           2,392         12         20                           C-4138 
01VE    FRANJA VERDE              2,403           2,404         12         20                           C-4139 
01VE    FRANJA VERDE              2,353           2,354         12         20                           C-4140 
01VE    FRANJA VERDE              2,589           2,590         12         20                           C-4141 
01VE    FRANJA VERDE              2,264           2,265         12         20                           C-4142 
01VE    FRANJA VERDE              2,205           2,206         12         20                           C-4143 
01VE    FRANJA VERDE              2,377           2,378         12         20                           C-4144 
01VE    FRANJA VERDE              2,224           2,225         12         20                           C-4145 
01VE    FRANJA VERDE              2,253           2,254         19         20                           C-4146 
01VE    FRANJA VERDE              2,271           2,272         19         20                           C-4147 
01VE    FRANJA VERDE              2,165           2,166         19         20                           C-4148 
01VE    FRANJA VERDE              2,035           2,036         19         20                           C-4149 
01VE    FRANJA VERDE              2,313           2,314         12         20                           C-4150 
01VE    FRANJA VERDE              1,999           2,000         19         20                           C-4151 
01VE    FRANJA VERDE              2,141           2,142         19         20                           C-4152 
01VE    FRANJA VERDE              2,231           2,232         12         20                           C-4153 
01VE    FRANJA VERDE              2,328           2,329         12         20                           C-4154 
01VE    FRANJA VERDE              2,191           2,192         12         20                           C-4155 
01VE    FRANJA VERDE              2,175           2,176         12         20                           C-4156 
01VE    FRANJA VERDE              2,236           2,237         12         20                           C-4157 
01VE    FRANJA VERDE              2,349           2,350         12         20                           C-4158 
01VE    FRANJA VERDE              2,266           2,267         12         20                           C-4159 
01VE    FRANJA VERDE              2,433           2,434         12         20                           C-4160 
01VE    FRANJA VERDE              2,253           2,254         35         20                           C-4161 
01VE    FRANJA VERDE              2,200           2,201         35         20                           C-4162 
01VE    FRANJA VERDE              2,146           2,147         35         20                           C-4163 
01VE    FRANJA VERDE              2,303           2,304         35         20                           C-4164 
01VE    FRANJA VERDE              2,419           2,420         35         20                           C-4165 
01VE    FRANJA VERDE              2,453           2,454         35         20                           C-4166 
01VE    FRANJA VERDE              2,290           2,291         35         20                           C-4167 









EMPRESA NACIONAL DE MINERIA (ENM) PRODUCTOR          PACKING LIST                             PAG.  :   5
NATIONAL MINING COMPANY                       CODIGO DE LOTE   : B-16330                      FECHA :17/03/2022
                                              -----------------------------
FLUJO        : 
DESCRIPCION  : CATODOS GRADO A
N° INSTR. DE EMBARQUE : 27251
CLIENTE      : CISNES
Lote Sipa    : 22020491

----------------------------------------------------------------------------------------------------------------------------- 
MARCA       DESCRIPCION         PESO NETO      PESO BRUTO     GRUPO     UNIDADES       UBICACION         SERIE                
-----------------------------------------------------------------------------------------------------------------------------

01VE    FRANJA VERDE              2,401           2,402         35         20                           C-4168 
01VE    FRANJA VERDE              2,344           2,345         12         20                           C-4169 
01VE    FRANJA VERDE              2,442           2,443         35         20                           C-4170 
01VE    FRANJA VERDE              2,283           2,284         35         20                           C-4171 
01VE    FRANJA VERDE              2,415           2,416         12         20                           C-4172 
01VE    FRANJA VERDE              2,267           2,268         12         20                           C-4173 
01VE    FRANJA VERDE              2,237           2,238         12         20                           C-4174 
01VE    FRANJA VERDE              2,028           2,029         12         20                           C-4175 
01VE    FRANJA VERDE              2,315           2,316         35         20                           C-4176 
01VE    FRANJA VERDE              2,243           2,244         35         20                           C-4177 
01VE    FRANJA VERDE              2,319           2,320         12         20                           C-4178 
01VE    FRANJA VERDE              2,270           2,271         35         20                           C-4179 
01VE    FRANJA VERDE              2,369           2,370         35         20                           C-4180 
01VE    FRANJA VERDE              2,343           2,344         12         20                           C-4181 
01VE    FRANJA VERDE              2,415           2,416         12         20                           C-4182 
01VE    FRANJA VERDE              2,135           2,136         12         20                           C-4183 
01VE    FRANJA VERDE              2,435           2,436         12         20                           C-4184 
01VE    FRANJA VERDE              2,241           2,242         12         20                           C-4185 
01VE    FRANJA VERDE              2,441           2,442         12         20                           C-4186 
01VE    FRANJA VERDE              1,946           1,947         35         20                           C-4187 
01VE    FRANJA VERDE              2,395           2,396         35         20                           C-4188 
01VE    FRANJA VERDE              2,427           2,428         35         20                           C-4189 
01VE    FRANJA VERDE              2,379           2,380         35         20                           C-4190 
01VE    FRANJA VERDE              2,431           2,432         35         20                           C-4191 
01VE    FRANJA VERDE              2,373           2,374         35         20                           C-4192 
01VE    FRANJA VERDE              2,190           2,191         19         20                           C-4193 
01VE    FRANJA VERDE              2,355           2,356         19         20                           C-4194 
01VE    FRANJA VERDE              2,312           2,313         35         20                           C-4195 
01VE    FRANJA VERDE              2,409           2,410         35         20                           C-4196 
01VE    FRANJA VERDE              2,191           2,192         35         20                           C-4197 
01VE    FRANJA VERDE              2,317           2,318         35         20                           C-4198 
01VE    FRANJA VERDE              2,341           2,342         35         20                           C-4199 
01VE    FRANJA VERDE              2,211           2,212         35         20                           C-4200 
01VE    FRANJA VERDE              2,416           2,417         44         20                           C-4201 
01VE    FRANJA VERDE              2,323           2,324         19         20                           C-4202 
01VE    FRANJA VERDE              2,597           2,598         44         20                           C-4203 
01VE    FRANJA VERDE              2,291           2,292         44         20                           C-4204 
01VE    FRANJA VERDE              2,487           2,488         44         20                           C-4205 
01VE    FRANJA VERDE              2,351           2,352         44         20                           C-4206 
01VE    FRANJA VERDE              2,487           2,488         44         20                           C-4207 
01VE    FRANJA VERDE              2,387           2,388         44         20                           C-4208 
01VE    FRANJA VERDE              2,219           2,220         35         20                           C-4209 
01VE    FRANJA VERDE              2,279           2,280         35         20                           C-4210 
01VE    FRANJA VERDE              2,455           2,456         44         20                           C-4211 
01VE    FRANJA VERDE              2,569           2,570         44         20                           C-4212 









EMPRESA NACIONAL DE MINERIA (ENM) PRODUCTOR          PACKING LIST                             PAG.  :   6
NATIONAL MINING COMPANY                       CODIGO DE LOTE   : B-16330                      FECHA :17/03/2022
                                              -----------------------------
FLUJO        : 
DESCRIPCION  : CATODOS GRADO A
N° INSTR. DE EMBARQUE : 27251
CLIENTE      : CISNES
Lote Sipa    : 22020491

----------------------------------------------------------------------------------------------------------------------------- 
MARCA       DESCRIPCION         PESO NETO      PESO BRUTO     GRUPO     UNIDADES       UBICACION         SERIE                
-----------------------------------------------------------------------------------------------------------------------------

01VE    FRANJA VERDE              2,433           2,434         44         20                           C-4213 
01VE    FRANJA VERDE              2,245           2,246         44         20                           C-4214 
01VE    FRANJA VERDE              2,517           2,518         44         20                           C-4215 
01VE    FRANJA VERDE              2,220           2,221         44         20                           C-4216 
01VE    FRANJA VERDE              2,145           2,146         44         20                           C-4217 
01VE    FRANJA VERDE              2,449           2,450         35         20                           C-4218 
01VE    FRANJA VERDE              2,251           2,252         35         20                           C-4219 
01VE    FRANJA VERDE              2,234           2,235         35         20                           C-4220 
01VE    FRANJA VERDE              2,511           2,512         44         20                           C-4221 
01VE    FRANJA VERDE              2,241           2,242         44         20                           C-4222 
01VE    FRANJA VERDE              2,469           2,470         44         20                           C-4223 
01VE    FRANJA VERDE              2,455           2,456         44         20                           C-4224 
01VE    FRANJA VERDE              2,403           2,404         44         20                           C-4225 
01VE    FRANJA VERDE              2,473           2,474         44         20                           C-4226 
01VE    FRANJA VERDE              2,364           2,365         44         20                           C-4227 
01VE    FRANJA VERDE              2,428           2,429         44         20                           C-4228 
01VE    FRANJA VERDE              2,330           2,331         44         20                           C-4229 
01VE    FRANJA VERDE              2,279           2,280         44         20                           C-4230 
01VE    FRANJA VERDE              2,504           2,505         44         20                           C-4231 
01VE    FRANJA VERDE              2,439           2,440         44         20                           C-4232 
01VE    FRANJA VERDE              2,507           2,508         44         20                           C-4233 
01VE    FRANJA VERDE              2,407           2,408         44         20                           C-4234 
01VE    FRANJA VERDE              2,431           2,432         44         20                           C-4235 
01VE    FRANJA VERDE              2,427           2,428         44         20                           C-4236 
01VE    FRANJA VERDE              2,457           2,458         44         20                           C-4237 
01VE    FRANJA VERDE              2,513           2,514         44         20                           C-4238 
01VE    FRANJA VERDE              2,414           2,415         44         20                           C-4239 
01VE    FRANJA VERDE              2,467           2,468         44         20                           C-4240 
01VE    FRANJA VERDE              2,377           2,378         35         20                           C-4241 
01VE    FRANJA VERDE              2,313           2,314         44         20                           C-4242 
01VE    FRANJA VERDE              2,530           2,531         44         20                           C-4243 
01VE    FRANJA VERDE              2,149           2,150         44         20                           C-4244 
01VE    FRANJA VERDE              2,011           2,012         47         20                           C-4245 
01VE    FRANJA VERDE              2,481           2,482         47         20                           C-4246 
01VE    FRANJA VERDE              2,339           2,340         47         20                           C-4247 
01VE    FRANJA VERDE              2,223           2,224         47         20                           C-4248 
01VE    FRANJA VERDE              2,257           2,258         47         20                           C-4249 
01VE    FRANJA VERDE              2,431           2,432         47         20                           C-4250 
01VE    FRANJA VERDE              2,223           2,224         47         20                           C-4251 
01VE    FRANJA VERDE              2,529           2,530         47         20                           C-4252 
01VE    FRANJA VERDE              2,401           2,402         47         20                           C-4253 
01VE    FRANJA VERDE              2,057           2,058         47         20                           C-4254 
01VE    FRANJA VERDE              2,290           2,291         47         20                           C-4255 
01VE    FRANJA VERDE              2,303           2,304         47         20                           C-4256 
01VE    FRANJA VERDE              2,265           2,266         47         20                           C-4257 









EMPRESA NACIONAL DE MINERIA (ENM) PRODUCTOR          PACKING LIST                             PAG.  :   7
NATIONAL MINING COMPANY                       CODIGO DE LOTE   : B-16330                      FECHA :17/03/2022
                                              -----------------------------
FLUJO        : 
DESCRIPCION  : CATODOS GRADO A
N° INSTR. DE EMBARQUE : 27251
CLIENTE      : CISNES
Lote Sipa    : 22020491

----------------------------------------------------------------------------------------------------------------------------- 
MARCA       DESCRIPCION         PESO NETO      PESO BRUTO     GRUPO     UNIDADES       UBICACION         SERIE                
-----------------------------------------------------------------------------------------------------------------------------

01VE    FRANJA VERDE              2,157           2,158         47         20                           C-4258 
01VE    FRANJA VERDE              2,409           2,410         47         20                           C-4259 
01VE    FRANJA VERDE              2,115           2,116         47         20                           C-4260 
01VE    FRANJA VERDE              2,177           2,178         47         20                           C-4261 
01VE    FRANJA VERDE              2,189           2,190         47         20                           C-4262 
01VE    FRANJA VERDE              2,307           2,308         47         20                           C-4263 
01VE    FRANJA VERDE              2,565           2,566         47         20                           C-4264 
01VE    FRANJA VERDE              2,424           2,425         47         20                           C-4265 
01VE    FRANJA VERDE              2,544           2,545         47         20                           C-4266 
01VE    FRANJA VERDE              2,462           2,463         47         20                           C-4267 
01VE    FRANJA VERDE              2,386           2,387         47         20                           C-4268 
01VE    FRANJA VERDE              2,312           2,313         47         20                           C-4269 
01VE    FRANJA VERDE              2,419           2,420         47         20                           C-4270 
01VE    FRANJA VERDE              2,260           2,261         47         20                           C-4271 
01VE    FRANJA VERDE              2,438           2,439         47         20                           C-4272 
01VE    FRANJA VERDE              2,369           2,370         47         20                           C-4273 
01VE    FRANJA VERDE              2,097           2,098         47         20                           C-4274 
01VE    FRANJA VERDE              2,095           2,096         47         20                           C-4275 
01VE    FRANJA VERDE              2,115           2,116         47         20                           C-4276 
01VE    FRANJA VERDE              2,409           2,410         47         20                           C-4277 
01VE    FRANJA VERDE              2,465           2,466         47         20                           C-4278 
01VE    FRANJA VERDE              2,064           2,065         47         20                           C-4279 
01VE    FRANJA VERDE              2,417           2,418         47         20                           C-4280 
01VE    FRANJA VERDE              2,015           2,016         44         20                           C-4281 
01VE    FRANJA VERDE              2,503           2,504         47         20                           C-4282 


------------------------------------------------------------------------------------------------------------------------
T.SUB-LOTES              TOT.PAQUETES =295      TOT.UNID. = 5900   T/P NETO (kg) = 681,137      T/P BRUTO (kg) = 681,432
------------------------------------------------------------------------------------------------------------------------
