
EMPRESA NACIONAL DE MINERIA (ENM) PRODUCTOR          PACKING LIST                             PAG.  :   1
NATIONAL MINING COMPANY                       CODIGO DE LOTE   : D-10054                      FECHA :28/04/2023
                                              -----------------------------
FLUJO        : 
DESCRIPCION  : CATODOS GRADO A
N° INSTR. DE EMBARQUE : 27900
CLIENTE      : SEASPAN SANTOS
Lote Sipa    : 

----------------------------------------------------------------------------------------------------------------------------- 
MARCA       DESCRIPCION         PESO NETO      PESO BRUTO     GRUPO     UNIDADES       UBICACION         SERIE                
-----------------------------------------------------------------------------------------------------------------------------

X0AM    EQUIS AMARILLA            2,363           2,364         09         20                           D-10054
X0AM    EQUIS AMARILLA            2,039           2,040         24         20                           D-10055
X0AM    EQUIS AMARILLA            2,417           2,418         34         20                           D-10056
X0AM    EQUIS AMARILLA            2,387           2,388         09         20                           D-10057
X0AM    EQUIS AMARILLA            2,413           2,414         24         20                           D-10058
X0AM    EQUIS AMARILLA            2,347           2,348         24         20                           D-10059
X0AM    EQUIS AMARILLA            2,457           2,458         24         20                           D-10060
X0AM    EQUIS AMARILLA            2,217           2,218         24         20                           D-10061
X0AM    EQUIS AMARILLA            2,257           2,258         09         20                           D-10062
X0AM    EQUIS AMARILLA            2,373           2,374         09         20                           D-10063
X0AM    EQUIS AMARILLA            2,199           2,200         24         20                           D-10064
X0AM    EQUIS AMARILLA            2,021           2,022         31         20                           D-10065
X0AM    EQUIS AMARILLA            2,387           2,388         24         20                           D-10066
X0AM    EQUIS AMARILLA            2,417           2,418         09         20                           D-10067
X0AM    EQUIS AMARILLA            2,365           2,366         09         20                           D-10068
X0AM    EQUIS AMARILLA            2,356           2,357         09         20                           D-10069
X0AM    EQUIS AMARILLA            2,349           2,350         09         20                           D-10070
X0AM    EQUIS AMARILLA            2,389           2,390         24         20                           D-10071
X0AM    EQUIS AMARILLA            2,402           2,403         34         20                           D-10072
X0AM    EQUIS AMARILLA            2,413           2,414         09         20                           D-10073
X0AM    EQUIS AMARILLA            2,333           2,334         09         20                           D-10074
X0AM    EQUIS AMARILLA            2,413           2,414         09         20                           D-10075
X0AM    EQUIS AMARILLA            2,427           2,428         09         20                           D-10076
X0AM    EQUIS AMARILLA            2,342           2,343         24         20                           D-10077
X0AM    EQUIS AMARILLA            2,475           2,476         09         20                           D-10078
X0AM    EQUIS AMARILLA            2,465           2,466         09         20                           D-10079
X0AM    EQUIS AMARILLA            2,125           2,126         24         20                           D-10080
X0AM    EQUIS AMARILLA            2,252           2,253         09         20                           D-10081
X0AM    EQUIS AMARILLA            2,348           2,349         09         20                           D-10082
X0AM    EQUIS AMARILLA            2,266           2,267         09         20                           D-10083
X0AM    EQUIS AMARILLA            2,257           2,258         24         20                           D-10084
X0AM    EQUIS AMARILLA            2,283           2,284         34         20                           D-10085
X0AM    EQUIS AMARILLA            2,366           2,367         24         20                           D-10086
X0AM    EQUIS AMARILLA            2,367           2,368         09         20                           D-10087
X0AM    EQUIS AMARILLA            2,399           2,400         34         20                           D-10088
X0AM    EQUIS AMARILLA            2,405           2,406         09         20                           D-10089
X0AM    EQUIS AMARILLA            2,361           2,362         24         20                           D-10090
X0AM    EQUIS AMARILLA            2,225           2,226         24         20                           D-10091
X0AM    EQUIS AMARILLA            2,365           2,366         24         20                           D-10092
X0AM    EQUIS AMARILLA            2,085           2,086         09         20                           D-10093
X0AM    EQUIS AMARILLA            2,302           2,303         09         20                           D-10094
X0AM    EQUIS AMARILLA            2,296           2,297         24         20                           D-10095
X0AM    EQUIS AMARILLA            2,211           2,212         34         20                           D-10096
X0AM    EQUIS AMARILLA            2,305           2,306         09         20                           D-10097
X0AM    EQUIS AMARILLA            2,184           2,185         24         20                           D-10098









EMPRESA NACIONAL DE MINERIA (ENM) PRODUCTOR          PACKING LIST                             PAG.  :   2
NATIONAL MINING COMPANY                       CODIGO DE LOTE   : D-10054                      FECHA :28/04/2023
                                              -----------------------------
FLUJO        : 
DESCRIPCION  : CATODOS GRADO A
N° INSTR. DE EMBARQUE : 27900
CLIENTE      : SEASPAN SANTOS
Lote Sipa    : 

----------------------------------------------------------------------------------------------------------------------------- 
MARCA       DESCRIPCION         PESO NETO      PESO BRUTO     GRUPO     UNIDADES       UBICACION         SERIE                
-----------------------------------------------------------------------------------------------------------------------------

X0AM    EQUIS AMARILLA            2,318           2,319         34         20                           D-10099
X0AM    EQUIS AMARILLA            2,373           2,374         34         20                           D-10100
X0AM    EQUIS AMARILLA            2,384           2,385         09         20                           D-10101
X0AM    EQUIS AMARILLA            2,422           2,423         09         20                           D-10102
X0AM    EQUIS AMARILLA            2,411           2,412         09         20                           D-10103
X0AM    EQUIS AMARILLA            2,161           2,162         09         20                           D-10104
X0AM    EQUIS AMARILLA            2,450           2,451         34         20                           D-10105
X0AM    EQUIS AMARILLA            2,418           2,419         24         20                           D-10106
X0AM    EQUIS AMARILLA            2,376           2,377         24         20                           D-10107
X0AM    EQUIS AMARILLA            2,015           2,016         24         20                           D-10108
X0AM    EQUIS AMARILLA            2,204           2,205         09         20                           D-10109
X0AM    EQUIS AMARILLA            2,055           2,056         24         20                           D-10110
X0AM    EQUIS AMARILLA            2,019           2,020         24         20                           D-10111
X0AM    EQUIS AMARILLA            2,249           2,250         09         20                           D-10112
X0AM    EQUIS AMARILLA            2,297           2,298         34         20                           D-10113
X0AM    EQUIS AMARILLA            2,234           2,235         09         20                           D-10114
X0AM    EQUIS AMARILLA            2,307           2,308         24         20                           D-10115
X0AM    EQUIS AMARILLA            2,165           2,166         24         20                           D-10116
X0AM    EQUIS AMARILLA            2,105           2,106         24         20                           D-10117
X0AM    EQUIS AMARILLA            2,343           2,344         09         20                           D-10118
X0AM    EQUIS AMARILLA            2,101           2,102         24         20                           D-10119
X0AM    EQUIS AMARILLA            2,165           2,166         34         20                           D-10120
X0AM    EQUIS AMARILLA            2,253           2,254         24         20                           D-10121
X0AM    EQUIS AMARILLA            2,164           2,165         09         20                           D-10122
X0AM    EQUIS AMARILLA            2,243           2,244         09         20                           D-10123
X0AM    EQUIS AMARILLA            2,302           2,303         24         20                           D-10124
X0AM    EQUIS AMARILLA            2,287           2,288         24         20                           D-10125
X0AM    EQUIS AMARILLA            2,191           2,192         09         20                           D-10126
X0AM    EQUIS AMARILLA            2,259           2,260         09         20                           D-10127
X0AM    EQUIS AMARILLA            2,009           2,010         24         20                           D-10128
X0AM    EQUIS AMARILLA            2,357           2,358         34         20                           D-10129
X0AM    EQUIS AMARILLA            2,211           2,212         09         20                           D-10130
X0AM    EQUIS AMARILLA            2,357           2,358         34         20                           D-10131
X0AM    EQUIS AMARILLA            2,053           2,054         09         20                           D-10132
X0AM    EQUIS AMARILLA            2,364           2,365         34         20                           D-10133
X0AM    EQUIS AMARILLA            2,469           2,470         30         20                           D-10134
X0AM    EQUIS AMARILLA            2,403           2,404         24         20                           D-10135
X0AM    EQUIS AMARILLA            2,379           2,380         34         20                           D-10136
X0AM    EQUIS AMARILLA            2,479           2,480         30         20                           D-10137
X0AM    EQUIS AMARILLA            2,407           2,408         34         20                           D-10138
X0AM    EQUIS AMARILLA            2,510           2,511         36         20                           D-10139
X0AM    EQUIS AMARILLA            2,303           2,304         24         20                           D-10140


------------------------------------------------------------------------------------------------------------------------
T.SUB-LOTES              TOT.PAQUETES =87      TOT.UNID. = 1740   T/P NETO (kg) = 199,997      T/P BRUTO (kg) = 200,084
------------------------------------------------------------------------------------------------------------------------
