
EMPRESA NACIONAL DE MINERIA (ENM) PRODUCTOR          PACKING LIST                             PAG.  :   1
NATIONAL MINING COMPANY                       CODIGO DE LOTE   : A-5469                      FECHA :21/01/2021
                                              -----------------------------
FLUJO        : 
DESCRIPCION  : CATODOS GRADO A
N° INSTR. DE EMBARQUE : 26475
CLIENTE      : CITY OF ALEXANDRIA
Lote Sipa    : 

----------------------------------------------------------------------------------------------------------------------------- 
MARCA       DESCRIPCION         PESO NETO      PESO BRUTO     GRUPO     UNIDADES       UBICACION         SERIE                
-----------------------------------------------------------------------------------------------------------------------------

X0AZ    EQUIS AZUL                2,439           2,440         22         20                           A-5469 
X0AZ    EQUIS AZUL                2,468           2,469         10         20                           A-5470 
X0AZ    EQUIS AZUL                2,494           2,495         10         20                           A-5471 
X0AZ    EQUIS AZUL                2,501           2,502         10         20                           A-5472 
X0AZ    EQUIS AZUL                2,482           2,483         10         20                           A-5473 
X0AZ    EQUIS AZUL                2,455           2,456         22         20                           A-5474 
X0AZ    EQUIS AZUL                2,489           2,490         22         20                           A-5475 
X0AZ    EQUIS AZUL                2,446           2,447         39         20                           A-5476 
X0AZ    EQUIS AZUL                2,541           2,542         43         20                           A-5477 
X0AZ    EQUIS AZUL                2,426           2,427         39         20                           A-5478 
X0AZ    EQUIS AZUL                2,422           2,423         22         20                           A-5479 
X0AZ    EQUIS AZUL                2,445           2,446         22         20                           A-5480 
X0AZ    EQUIS AZUL                2,459           2,460         39         20                           A-5481 
X0AZ    EQUIS AZUL                2,547           2,548         43         20                           A-5482 
X0AZ    EQUIS AZUL                2,150           2,151         22         20                           A-5483 
X0AZ    EQUIS AZUL                2,268           2,269         22         20                           A-5484 
X0AZ    EQUIS AZUL                2,367           2,368         22         20                           A-5485 
X0AZ    EQUIS AZUL                2,149           2,150         22         20                           A-5486 
X0AZ    EQUIS AZUL                2,435           2,436         22         20                           A-5487 
X0AZ    EQUIS AZUL                2,452           2,453         43         20                           A-5488 
X0AZ    EQUIS AZUL                2,177           2,178         22         20                           A-5489 
X0AZ    EQUIS AZUL                2,333           2,334         39         20                           A-5490 
X0AZ    EQUIS AZUL                2,304           2,305         39         20                           A-5491 
X0AZ    EQUIS AZUL                2,377           2,378         22         20                           A-5492 
X0AZ    EQUIS AZUL                2,326           2,327         22         20                           A-5493 
X0AZ    EQUIS AZUL                2,319           2,320         39         20                           A-5494 
X0AZ    EQUIS AZUL                2,090           2,091         39         20                           A-5495 
X0AZ    EQUIS AZUL                2,261           2,262         39         20                           A-5496 
X0AZ    EQUIS AZUL                2,349           2,350         39         20                           A-5497 
X0AZ    EQUIS AZUL                2,207           2,208         39         20                           A-5498 
X0AZ    EQUIS AZUL                2,119           2,120         22         20                           A-5499 
X0AZ    EQUIS AZUL                2,126           2,127         39         20                           A-5500 
X0AZ    EQUIS AZUL                2,391           2,392         22         20                           A-5501 
X0AZ    EQUIS AZUL                2,260           2,261         22         20                           A-5502 
X0AZ    EQUIS AZUL                2,318           2,319         39         20                           A-5503 
X0AZ    EQUIS AZUL                2,071           2,072         22         20                           A-5504 
X0AZ    EQUIS AZUL                2,274           2,275         22         20                           A-5505 
X0AZ    EQUIS AZUL                2,491           2,492         22         20                           A-5506 
X0AZ    EQUIS AZUL                2,312           2,313         22         20                           A-5507 
X0AZ    EQUIS AZUL                2,106           2,107         22         20                           A-5508 
X0AZ    EQUIS AZUL                2,295           2,296         22         20                           A-5509 
X0AZ    EQUIS AZUL                2,322           2,323         22         20                           A-5510 
X0AZ    EQUIS AZUL                2,269           2,270         22         20                           A-5511 
X0AZ    EQUIS AZUL                2,159           2,160         22         20                           A-5512 
X0AZ    EQUIS AZUL                2,217           2,218         22         20                           A-5513 









EMPRESA NACIONAL DE MINERIA (ENM) PRODUCTOR          PACKING LIST                             PAG.  :   2
NATIONAL MINING COMPANY                       CODIGO DE LOTE   : A-5469                      FECHA :21/01/2021
                                              -----------------------------
FLUJO        : 
DESCRIPCION  : CATODOS GRADO A
N° INSTR. DE EMBARQUE : 26475
CLIENTE      : CITY OF ALEXANDRIA
Lote Sipa    : 

----------------------------------------------------------------------------------------------------------------------------- 
MARCA       DESCRIPCION         PESO NETO      PESO BRUTO     GRUPO     UNIDADES       UBICACION         SERIE                
-----------------------------------------------------------------------------------------------------------------------------

X0AZ    EQUIS AZUL                2,252           2,253         22         20                           A-5514 
X0AZ    EQUIS AZUL                2,015           2,016         39         20                           A-5515 
X0AZ    EQUIS AZUL                2,014           2,015         39         20                           A-5516 
X0AZ    EQUIS AZUL                2,365           2,366         43         20                           A-5517 
X0AZ    EQUIS AZUL                2,421           2,422         22         20                           A-5518 
X0AZ    EQUIS AZUL                2,085           2,086         22         20                           A-5519 
X0AZ    EQUIS AZUL                2,497           2,498         22         20                           A-5520 
X0AZ    EQUIS AZUL                2,374           2,375         43         20                           A-5521 
X0AZ    EQUIS AZUL                2,490           2,491         43         20                           A-5522 
X0AZ    EQUIS AZUL                2,430           2,431         43         20                           A-5523 
X0AZ    EQUIS AZUL                2,512           2,513         22         20                           A-5524 
X0AZ    EQUIS AZUL                2,142           2,143         22         20                           A-5525 
X0AZ    EQUIS AZUL                2,469           2,470         22         20                           A-5526 
X0AZ    EQUIS AZUL                2,357           2,358         22         20                           A-5527 
X0AZ    EQUIS AZUL                2,437           2,438         22         20                           A-5528 
X0AZ    EQUIS AZUL                2,468           2,469         22         20                           A-5529 
X0AZ    EQUIS AZUL                2,471           2,472         22         20                           A-5530 
X0AZ    EQUIS AZUL                2,456           2,457         43         20                           A-5531 
X0AZ    EQUIS AZUL                2,484           2,485         43         20                           A-5532 
X0AZ    EQUIS AZUL                2,101           2,102         22         20                           A-5533 
X0AZ    EQUIS AZUL                2,415           2,416         22         20                           A-5534 
X0AZ    EQUIS AZUL                2,460           2,461         22         20                           A-5535 
X0AZ    EQUIS AZUL                2,462           2,463         22         20                           A-5536 
X0AZ    EQUIS AZUL                2,380           2,381         39         20                           A-5537 
X0AZ    EQUIS AZUL                2,394           2,395         22         20                           A-5538 
X0AZ    EQUIS AZUL                2,424           2,425         22         20                           A-5539 
X0AZ    EQUIS AZUL                2,481           2,482         10         20                           A-5540 
X0AZ    EQUIS AZUL                2,366           2,367         22         20                           A-5541 
X0AZ    EQUIS AZUL                2,445           2,446         10         20                           A-5542 
X0AZ    EQUIS AZUL                2,466           2,467         22         20                           A-5543 
X0AZ    EQUIS AZUL                2,296           2,297         22         20                           A-5544 
X0AZ    EQUIS AZUL                2,363           2,364         10         20                           A-5545 
X0AZ    EQUIS AZUL                2,321           2,322         39         20                           A-5546 
X0AZ    EQUIS AZUL                2,359           2,360         10         20                           A-5547 
X0AZ    EQUIS AZUL                2,441           2,442         32         20                           A-5548 
X0AZ    EQUIS AZUL                2,410           2,411         39         20                           A-5549 
X0AZ    EQUIS AZUL                2,442           2,443         22         20                           A-5550 
X0AZ    EQUIS AZUL                2,459           2,460         22         20                           A-5551 
X0AZ    EQUIS AZUL                2,432           2,433         39         20                           A-5552 
X0AZ    EQUIS AZUL                2,435           2,436         39         20                           A-5553 


------------------------------------------------------------------------------------------------------------------------
T.SUB-LOTES              TOT.PAQUETES =85      TOT.UNID. = 1700   T/P NETO (kg) = 199,999      T/P BRUTO (kg) = 200,084
------------------------------------------------------------------------------------------------------------------------
