
EMPRESA NACIONAL DE MINERIA (ENM) PRODUCTOR          PACKING LIST                             PAG.  :   1
NATIONAL MINING COMPANY                       CODIGO DE LOTE   : C-14545                      FECHA :08/04/2019
                                              -----------------------------
FLUJO        : 
DESCRIPCION  : CATODOS GRADO A
N° INSTR. DE EMBARQUE : 25191
CLIENTE      : NORDIC BEIJING
Lote Sipa    : 19030523

----------------------------------------------------------------------------------------------------------------------------- 
MARCA       DESCRIPCION         PESO NETO      PESO BRUTO     GRUPO     UNIDADES       UBICACION         SERIE                
-----------------------------------------------------------------------------------------------------------------------------

V0AZ    V AZUL                    2,454           2,455         41         20                           C-14545
V0AZ    V AZUL                    2,509           2,510         35         20                           C-14546
V0AZ    V AZUL                    2,414           2,415         41         20                           C-14547
V0AZ    V AZUL                    2,492           2,493         35         20                           C-14548
V0AZ    V AZUL                    2,548           2,549         35         20                           C-14549
V0AZ    V AZUL                    2,476           2,477         41         20                           C-14550
V0AZ    V AZUL                    2,425           2,426         41         20                           C-14551
V0AZ    V AZUL                    2,408           2,409         35         20                           C-14552
V0AZ    V AZUL                    2,531           2,532         35         20                           C-14553
V0AZ    V AZUL                    2,540           2,541         35         20                           C-14554
V0AZ    V AZUL                    2,534           2,535         35         20                           C-14555
V0AZ    V AZUL                    2,404           2,405         35         20                           C-14556
V0AZ    V AZUL                    2,210           2,211         35         20                           C-14557
V0AZ    V AZUL                    2,359           2,360         35         20                           C-14558
V0AZ    V AZUL                    2,488           2,489         35         20                           C-14559
V0AZ    V AZUL                    2,370           2,371         35         20                           C-14560
V0AZ    V AZUL                    2,562           2,563         36         20                           C-14561
V0AZ    V AZUL                    2,447           2,448         41         20                           C-14562
V0AZ    V AZUL                    2,598           2,599         35         20                           C-14563
V0AZ    V AZUL                    2,374           2,375         35         20                           C-14564
V0AZ    V AZUL                    2,596           2,597         35         20                           C-14565
V0AZ    V AZUL                    2,482           2,483         41         20                           C-14566
V0AZ    V AZUL                    2,520           2,521         35         20                           C-14567
V0AZ    V AZUL                    2,426           2,427         35         20                           C-14568
V0AZ    V AZUL                    2,352           2,353         35         20                           C-14569
V0AZ    V AZUL                    2,357           2,358         35         20                           C-14570
V0AZ    V AZUL                    2,507           2,508         35         20                           C-14571
V0AZ    V AZUL                    2,476           2,477         35         20                           C-14572
V0AZ    V AZUL                    2,323           2,324         35         20                           C-14573
V0AZ    V AZUL                    2,457           2,458         35         20                           C-14574
V0AZ    V AZUL                    2,185           2,186         35         20                           C-14575
V0AZ    V AZUL                    2,414           2,415         35         20                           C-14576
V0AZ    V AZUL                    2,534           2,535         35         20                           C-14577
V0AZ    V AZUL                    2,349           2,350         35         20                           C-14578
V0AZ    V AZUL                    2,266           2,267         36         20                           C-14579
V0AZ    V AZUL                    2,523           2,524         35         20                           C-14580
V0AZ    V AZUL                    2,408           2,409         35         20                           C-14581
V0AZ    V AZUL                    2,132           2,133         35         20                           C-14582
V0AZ    V AZUL                    2,442           2,443         35         20                           C-14583
V0AZ    V AZUL                    2,274           2,275         35         20                           C-14584
V0AZ    V AZUL                    2,328           2,329         35         20                           C-14585
V0AZ    V AZUL                    2,169           2,170         35         20                           C-14586
V0AZ    V AZUL                    2,321           2,322         35         20                           C-14587
V0AZ    V AZUL                    2,400           2,401         35         20                           C-14588
V0AZ    V AZUL                    2,487           2,488         35         20                           C-14589









EMPRESA NACIONAL DE MINERIA (ENM) PRODUCTOR          PACKING LIST                             PAG.  :   2
NATIONAL MINING COMPANY                       CODIGO DE LOTE   : C-14545                      FECHA :08/04/2019
                                              -----------------------------
FLUJO        : 
DESCRIPCION  : CATODOS GRADO A
N° INSTR. DE EMBARQUE : 25191
CLIENTE      : NORDIC BEIJING
Lote Sipa    : 19030523

----------------------------------------------------------------------------------------------------------------------------- 
MARCA       DESCRIPCION         PESO NETO      PESO BRUTO     GRUPO     UNIDADES       UBICACION         SERIE                
-----------------------------------------------------------------------------------------------------------------------------

V0AZ    V AZUL                    2,467           2,468         35         20                           C-14590
V0AZ    V AZUL                    2,405           2,406         35         20                           C-14591
V0AZ    V AZUL                    2,456           2,457         35         20                           C-14592
V0AZ    V AZUL                    2,491           2,492         35         20                           C-14593
V0AZ    V AZUL                    2,241           2,242         35         20                           C-14594
V0AZ    V AZUL                    2,386           2,387         35         20                           C-14595
V0AZ    V AZUL                    2,497           2,498         35         20                           C-14596
V0AZ    V AZUL                    2,491           2,492         35         20                           C-14597
V0AZ    V AZUL                    2,409           2,410         14         20                           C-14598
V0AZ    V AZUL                    2,371           2,372         14         20                           C-14599
V0AZ    V AZUL                    2,410           2,411         14         20                           C-14600
V0AZ    V AZUL                    2,287           2,288         14         20                           C-14601
V0AZ    V AZUL                    2,360           2,361         35         20                           C-14602
V0AZ    V AZUL                    2,587           2,588         35         20                           C-14603
V0AZ    V AZUL                    2,362           2,363         35         20                           C-14604
V0AZ    V AZUL                    2,378           2,379         35         20                           C-14605
V0AZ    V AZUL                    2,442           2,443         35         20                           C-14606


------------------------------------------------------------------------------------------------------------------------
T.SUB-LOTES              TOT.PAQUETES =62      TOT.UNID. = 1240   T/P NETO (kg) = 149,911      T/P BRUTO (kg) = 149,973
------------------------------------------------------------------------------------------------------------------------
