
EMPRESA NACIONAL DE MINERIA (ENM) PRODUCTOR          PACKING LIST                             PAG.  :   1
NATIONAL MINING COMPANY                       CODIGO DE LOTE   : H-13767                      FECHA :13/09/2021
                                              -----------------------------
FLUJO        : 
DESCRIPCION  : CATODOS GRADO A
N° INSTR. DE EMBARQUE : 26855
CLIENTE      : COYHAIQUE
Lote Sipa    : 21080466

----------------------------------------------------------------------------------------------------------------------------- 
MARCA       DESCRIPCION         PESO NETO      PESO BRUTO     GRUPO     UNIDADES       UBICACION         SERIE                
-----------------------------------------------------------------------------------------------------------------------------

01AZ    FRANJA AZUL               2,388           2,389         20         20                           H-13767
01AZ    FRANJA AZUL               2,395           2,396         33         20                           H-13768
01AZ    FRANJA AZUL               2,331           2,332         33         20                           H-13769
01AZ    FRANJA AZUL               2,433           2,434         20         20                           H-13770
01AZ    FRANJA AZUL               2,341           2,342         33         20                           H-13771
01AZ    FRANJA AZUL               2,391           2,392         33         20                           H-13772
01AZ    FRANJA AZUL               2,345           2,346         33         20                           H-13773
01AZ    FRANJA AZUL               2,245           2,246         33         20                           H-13774
01AZ    FRANJA AZUL               2,185           2,186         33         20                           H-13775
01AZ    FRANJA AZUL               2,259           2,260         33         20                           H-13776
01AZ    FRANJA AZUL               2,387           2,388         33         20                           H-13777
01AZ    FRANJA AZUL               2,367           2,368         20         20                           H-13778
01AZ    FRANJA AZUL               2,397           2,398         29         20                           H-13779
01AZ    FRANJA AZUL               2,390           2,391         29         20                           H-13780
01AZ    FRANJA AZUL               2,405           2,406         20         20                           H-13781
01AZ    FRANJA AZUL               2,397           2,398         20         20                           H-13782
01AZ    FRANJA AZUL               2,322           2,323         20         20                           H-13783
01AZ    FRANJA AZUL               2,351           2,352         20         20                           H-13784
01AZ    FRANJA AZUL               2,321           2,322         20         20                           H-13785
01AZ    FRANJA AZUL               2,364           2,365         20         20                           H-13786
01AZ    FRANJA AZUL               2,195           2,196         29         20                           H-13787
01AZ    FRANJA AZUL               2,303           2,304         29         20                           H-13788
01AZ    FRANJA AZUL               2,418           2,419         20         20                           H-13789
01AZ    FRANJA AZUL               2,243           2,244         20         20                           H-13790
01AZ    FRANJA AZUL               2,223           2,224         29         20                           H-13791
01AZ    FRANJA AZUL               2,191           2,192         29         20                           H-13792
01AZ    FRANJA AZUL               2,333           2,334         29         20                           H-13793
01AZ    FRANJA AZUL               2,471           2,472         20         20                           H-13794
01AZ    FRANJA AZUL               2,377           2,378         20         20                           H-13795
01AZ    FRANJA AZUL               2,305           2,306         29         20                           H-13796
01AZ    FRANJA AZUL               2,346           2,347         20         20                           H-13797
01AZ    FRANJA AZUL               2,407           2,408         20         20                           H-13798
01AZ    FRANJA AZUL               2,423           2,424         20         20                           H-13799
01AZ    FRANJA AZUL               2,399           2,400         20         20                           H-13800
01AZ    FRANJA AZUL               2,350           2,351         20         20                           H-13801
01AZ    FRANJA AZUL               2,351           2,352         20         20                           H-13802
01AZ    FRANJA AZUL               2,419           2,420         20         20                           H-13803
01AZ    FRANJA AZUL               2,367           2,368         20         20                           H-13804
01AZ    FRANJA AZUL               2,449           2,450         20         20                           H-13805
01AZ    FRANJA AZUL               2,511           2,512         20         20                           H-13806
01AZ    FRANJA AZUL               2,107           2,108         29         20                           H-13807
01AZ    FRANJA AZUL               2,423           2,424         33         20                           H-13808
01AZ    FRANJA AZUL               2,420           2,421         33         20                           H-13809
01AZ    FRANJA AZUL               2,515           2,516         33         20                           H-13810
01AZ    FRANJA AZUL               2,383           2,384         20         20                           H-13811









EMPRESA NACIONAL DE MINERIA (ENM) PRODUCTOR          PACKING LIST                             PAG.  :   2
NATIONAL MINING COMPANY                       CODIGO DE LOTE   : H-13767                      FECHA :13/09/2021
                                              -----------------------------
FLUJO        : 
DESCRIPCION  : CATODOS GRADO A
N° INSTR. DE EMBARQUE : 26855
CLIENTE      : COYHAIQUE
Lote Sipa    : 21080466

----------------------------------------------------------------------------------------------------------------------------- 
MARCA       DESCRIPCION         PESO NETO      PESO BRUTO     GRUPO     UNIDADES       UBICACION         SERIE                
-----------------------------------------------------------------------------------------------------------------------------

01AZ    FRANJA AZUL               2,371           2,372         20         20                           H-13812
01AZ    FRANJA AZUL               2,385           2,386         20         20                           H-13813
01AZ    FRANJA AZUL               2,291           2,292         29         20                           H-13814
01AZ    FRANJA AZUL               2,453           2,454         33         20                           H-13815
01AZ    FRANJA AZUL               2,475           2,476         33         20                           H-13816
01AZ    FRANJA AZUL               2,447           2,448         16         20                           H-13817
01AZ    FRANJA AZUL               2,413           2,414         16         20                           H-13818
01AZ    FRANJA AZUL               2,382           2,383         16         20                           H-13819
01AZ    FRANJA AZUL               2,561           2,562         33         20                           H-13820
01AZ    FRANJA AZUL               2,477           2,478         16         20                           H-13821
01AZ    FRANJA AZUL               2,543           2,544         16         20                           H-13822
01AZ    FRANJA AZUL               2,515           2,516         16         20                           H-13823
01AZ    FRANJA AZUL               2,449           2,450         33         20                           H-13824
01AZ    FRANJA AZUL               2,410           2,411         16         20                           H-13825
01AZ    FRANJA AZUL               2,387           2,388         16         20                           H-13826
01AZ    FRANJA AZUL               2,504           2,505         16         20                           H-13827
01AZ    FRANJA AZUL               2,463           2,464         16         20                           H-13828
01AZ    FRANJA AZUL               2,459           2,460         16         20                           H-13829
01AZ    FRANJA AZUL               2,525           2,526         16         20                           H-13830
01AZ    FRANJA AZUL               2,393           2,394         16         20                           H-13831
01AZ    FRANJA AZUL               2,436           2,437         16         20                           H-13832
01AZ    FRANJA AZUL               2,373           2,374         16         20                           H-13833
01AZ    FRANJA AZUL               2,491           2,492         16         20                           H-13834
01AZ    FRANJA AZUL               2,397           2,398         16         20                           H-13835
01AZ    FRANJA AZUL               2,463           2,464         16         20                           H-13836
01AZ    FRANJA AZUL               2,473           2,474         16         20                           H-13837
01AZ    FRANJA AZUL               2,473           2,474         16         20                           H-13838
01AZ    FRANJA AZUL               2,455           2,456         16         20                           H-13839
01AZ    FRANJA AZUL               2,399           2,400         16         20                           H-13840
01AZ    FRANJA AZUL               2,461           2,462         16         20                           H-13841
01AZ    FRANJA AZUL               2,481           2,482         16         20                           H-13842
01AZ    FRANJA AZUL               2,435           2,436         16         20                           H-13843
01AZ    FRANJA AZUL               2,466           2,467         16         20                           H-13844
01AZ    FRANJA AZUL               2,486           2,487         33         20                           H-13845
01AZ    FRANJA AZUL               2,492           2,493         16         20                           H-13846
01AZ    FRANJA AZUL               2,506           2,507         16         20                           H-13847
01AZ    FRANJA AZUL               2,409           2,410         16         20                           H-13848
01AZ    FRANJA AZUL               2,398           2,399         33         20                           H-13849
01AZ    FRANJA AZUL               2,449           2,450         33         20                           H-13850
01AZ    FRANJA AZUL               2,381           2,382         33         20                           H-13851
01AZ    FRANJA AZUL               2,255           2,256         16         20                           H-13852
01AZ    FRANJA AZUL               2,453           2,454         16         20                           H-13853
01AZ    FRANJA AZUL               2,438           2,439         16         20                           H-13854
01AZ    FRANJA AZUL               2,406           2,407         33         20                           H-13855
01AZ    FRANJA AZUL               2,429           2,430         33         20                           H-13856









EMPRESA NACIONAL DE MINERIA (ENM) PRODUCTOR          PACKING LIST                             PAG.  :   3
NATIONAL MINING COMPANY                       CODIGO DE LOTE   : H-13767                      FECHA :13/09/2021
                                              -----------------------------
FLUJO        : 
DESCRIPCION  : CATODOS GRADO A
N° INSTR. DE EMBARQUE : 26855
CLIENTE      : COYHAIQUE
Lote Sipa    : 21080466

----------------------------------------------------------------------------------------------------------------------------- 
MARCA       DESCRIPCION         PESO NETO      PESO BRUTO     GRUPO     UNIDADES       UBICACION         SERIE                
-----------------------------------------------------------------------------------------------------------------------------

01AZ    FRANJA AZUL               2,467           2,468         33         20                           H-13857
01AZ    FRANJA AZUL               2,479           2,480         16         20                           H-13858
01AZ    FRANJA AZUL               2,453           2,454         16         20                           H-13859
01AZ    FRANJA AZUL               2,401           2,402         33         20                           H-13860
01AZ    FRANJA AZUL               2,495           2,496         33         20                           H-13861
01AZ    FRANJA AZUL               2,389           2,390         33         20                           H-13862
01AZ    FRANJA AZUL               2,307           2,308         16         20                           H-13863
01AZ    FRANJA AZUL               2,117           2,118         16         20                           H-13864
01AZ    FRANJA AZUL               2,295           2,296         16         20                           H-13865
01AZ    FRANJA AZUL               2,411           2,412         33         20                           H-13866
01AZ    FRANJA AZUL               2,404           2,405         33         20                           H-13867
01AZ    FRANJA AZUL               2,382           2,383         16         20                           H-13868
01AZ    FRANJA AZUL               2,487           2,488         16         20                           H-13869
01AZ    FRANJA AZUL               2,431           2,432         45         20                           H-13870
01AZ    FRANJA AZUL               2,429           2,430         33         20                           H-13871
01AZ    FRANJA AZUL               2,298           2,299         45         20                           H-13872
01AZ    FRANJA AZUL               2,373           2,374         45         20                           H-13873
01AZ    FRANJA AZUL               2,198           2,199         45         20                           H-13874
01AZ    FRANJA AZUL               2,303           2,304         16         20                           H-13875
01AZ    FRANJA AZUL               2,341           2,342         33         20                           H-13876
01AZ    FRANJA AZUL               2,174           2,175         45         20                           H-13877
01AZ    FRANJA AZUL               2,380           2,381         45         20                           H-13878
01AZ    FRANJA AZUL               2,447           2,448         33         20                           H-13879
01AZ    FRANJA AZUL               2,494           2,495         33         20                           H-13880
01AZ    FRANJA AZUL               2,453           2,454         45         20                           H-13881
01AZ    FRANJA AZUL               2,541           2,542         33         20                           H-13882
01AZ    FRANJA AZUL               2,473           2,474         33         20                           H-13883
01AZ    FRANJA AZUL               2,519           2,520         45         20                           H-13884
01AZ    FRANJA AZUL               2,457           2,458         45         20                           H-13885
01AZ    FRANJA AZUL               2,523           2,524         45         20                           H-13886
01AZ    FRANJA AZUL               2,458           2,459         45         20                           H-13887
01AZ    FRANJA AZUL               2,513           2,514         45         20                           H-13888
01AZ    FRANJA AZUL               2,493           2,494         33         20                           H-13889
01AZ    FRANJA AZUL               2,435           2,436         45         20                           H-13890
01AZ    FRANJA AZUL               2,419           2,420         33         20                           H-13891


------------------------------------------------------------------------------------------------------------------------
T.SUB-LOTES              TOT.PAQUETES =125      TOT.UNID. = 2500   T/P NETO (kg) = 299,990      T/P BRUTO (kg) = 300,115
------------------------------------------------------------------------------------------------------------------------
