
EMPRESA NACIONAL DE MINERIA (ENM) PRODUCTOR          PACKING LIST                             PAG.  :   1
NATIONAL MINING COMPANY                       CODIGO DE LOTE   : M-15905                      FECHA :16/01/2019
                                              -----------------------------
FLUJO        : 
DESCRIPCION  : CATODOS GRADO A
N° INSTR. DE EMBARQUE : 25017
CLIENTE      : LICA MAERSK
Lote Sipa    : 18120418

----------------------------------------------------------------------------------------------------------------------------- 
MARCA       DESCRIPCION         PESO NETO      PESO BRUTO     GRUPO     UNIDADES       UBICACION         SERIE                
-----------------------------------------------------------------------------------------------------------------------------

01RJ    FRANJA ROJA               2,308           2,309         12         20                           M-15905
01RJ    FRANJA ROJA               2,200           2,201         12         20                           M-15906
01RJ    FRANJA ROJA               2,279           2,280         12         20                           M-15907
01RJ    FRANJA ROJA               2,321           2,322         33         20                           M-15908
01RJ    FRANJA ROJA               2,279           2,280         12         20                           M-15909
01RJ    FRANJA ROJA               2,335           2,336         12         20                           M-15910
01RJ    FRANJA ROJA               2,003           2,004         12         20                           M-15911
01RJ    FRANJA ROJA               2,248           2,249         12         20                           M-15912
01RJ    FRANJA ROJA               2,066           2,067         12         20                           M-15913
01RJ    FRANJA ROJA               2,234           2,235         12         20                           M-15914
01RJ    FRANJA ROJA               2,177           2,178         12         20                           M-15915
01RJ    FRANJA ROJA               2,099           2,100         12         20                           M-15916
01RJ    FRANJA ROJA               2,368           2,369         12         20                           M-15917
01RJ    FRANJA ROJA               2,127           2,128         12         20                           M-15918
01RJ    FRANJA ROJA               2,187           2,188         12         20                           M-15919
01RJ    FRANJA ROJA               2,135           2,136         12         20                           M-15920
01RJ    FRANJA ROJA               2,184           2,185         12         20                           M-15921
01RJ    FRANJA ROJA               2,158           2,159         12         20                           M-15922
01RJ    FRANJA ROJA               2,292           2,293         12         20                           M-15923
01RJ    FRANJA ROJA               2,104           2,105         12         20                           M-15924
01RJ    FRANJA ROJA               2,124           2,125         12         20                           M-15925
01RJ    FRANJA ROJA               2,257           2,258         12         20                           M-15926
01RJ    FRANJA ROJA               2,159           2,160         20         20                           M-15927
01RJ    FRANJA ROJA               2,071           2,072         20         20                           M-15928
01RJ    FRANJA ROJA               1,957           1,958         20         20                           M-15929
01RJ    FRANJA ROJA               2,148           2,149         20         20                           M-15930
01RJ    FRANJA ROJA               2,216           2,217         20         20                           M-15931
01RJ    FRANJA ROJA               2,007           2,008         12         20                           M-15932
01RJ    FRANJA ROJA               1,985           1,986         20         20                           M-15933
01RJ    FRANJA ROJA               2,112           2,113         20         20                           M-15934
01RJ    FRANJA ROJA               2,227           2,228         12         20                           M-15935
01RJ    FRANJA ROJA               1,973           1,974         20         20                           M-15936
01RJ    FRANJA ROJA               2,036           2,037         12         20                           M-15937
01RJ    FRANJA ROJA               2,201           2,202         12         20                           M-15938
01RJ    FRANJA ROJA               2,108           2,109         20         20                           M-15939
01RJ    FRANJA ROJA               2,414           2,415         25         20                           M-15940
01RJ    FRANJA ROJA               2,333           2,334         25         20                           M-15941
01RJ    FRANJA ROJA               2,169           2,170         25         20                           M-15942
01RJ    FRANJA ROJA               2,499           2,500         25         20                           M-15943
01RJ    FRANJA ROJA               2,343           2,344         20         20                           M-15944
01RJ    FRANJA ROJA               2,297           2,298         20         20                           M-15945
01RJ    FRANJA ROJA               2,301           2,302         20         20                           M-15946
01RJ    FRANJA ROJA               2,465           2,466         20         20                           M-15947
01RJ    FRANJA ROJA               2,387           2,388         20         20                           M-15948
01RJ    FRANJA ROJA               2,432           2,433         20         20                           M-15949









EMPRESA NACIONAL DE MINERIA (ENM) PRODUCTOR          PACKING LIST                             PAG.  :   2
NATIONAL MINING COMPANY                       CODIGO DE LOTE   : M-15905                      FECHA :16/01/2019
                                              -----------------------------
FLUJO        : 
DESCRIPCION  : CATODOS GRADO A
N° INSTR. DE EMBARQUE : 25017
CLIENTE      : LICA MAERSK
Lote Sipa    : 18120418

----------------------------------------------------------------------------------------------------------------------------- 
MARCA       DESCRIPCION         PESO NETO      PESO BRUTO     GRUPO     UNIDADES       UBICACION         SERIE                
-----------------------------------------------------------------------------------------------------------------------------

01RJ    FRANJA ROJA               2,270           2,271         20         20                           M-15950
01RJ    FRANJA ROJA               2,356           2,357         20         20                           M-15951
01RJ    FRANJA ROJA               2,447           2,448         20         20                           M-15952
01RJ    FRANJA ROJA               2,346           2,347         20         20                           M-15953
01RJ    FRANJA ROJA               2,388           2,389         20         20                           M-15954
01RJ    FRANJA ROJA               2,457           2,458         20         20                           M-15955
01RJ    FRANJA ROJA               2,365           2,366         20         20                           M-15956
01RJ    FRANJA ROJA               2,379           2,380         20         20                           M-15957
01RJ    FRANJA ROJA               2,461           2,462         20         20                           M-15958
01RJ    FRANJA ROJA               2,429           2,430         20         20                           M-15959
01RJ    FRANJA ROJA               2,364           2,365         20         20                           M-15960
01RJ    FRANJA ROJA               2,265           2,266         12         20                           M-15961
01RJ    FRANJA ROJA               2,438           2,439         12         20                           M-15962
01RJ    FRANJA ROJA               2,493           2,494         12         20                           M-15963
01RJ    FRANJA ROJA               2,459           2,460         20         20                           M-15964
01RJ    FRANJA ROJA               2,255           2,256         12         20                           M-15965
01RJ    FRANJA ROJA               2,351           2,352         20         20                           M-15966
01RJ    FRANJA ROJA               2,354           2,355         20         20                           M-15967
01RJ    FRANJA ROJA               2,129           2,130         12         20                           M-15968
01RJ    FRANJA ROJA               2,480           2,481         20         20                           M-15969
01RJ    FRANJA ROJA               2,314           2,315         20         20                           M-15970
01RJ    FRANJA ROJA               2,207           2,208         12         20                           M-15971
01RJ    FRANJA ROJA               2,166           2,167         20         20                           M-15972
01RJ    FRANJA ROJA               2,284           2,285         20         20                           M-15973
01RJ    FRANJA ROJA               2,500           2,501         12         20                           M-15974
01RJ    FRANJA ROJA               2,493           2,494         20         20                           M-15975
01RJ    FRANJA ROJA               2,320           2,321         20         20                           M-15976
01RJ    FRANJA ROJA               2,176           2,177         12         20                           M-15977
01RJ    FRANJA ROJA               2,485           2,486         20         20                           M-15978
01RJ    FRANJA ROJA               2,350           2,351         20         20                           M-15979
01RJ    FRANJA ROJA               2,177           2,178         12         20                           M-15980
01RJ    FRANJA ROJA               2,500           2,501         20         20                           M-15981
01RJ    FRANJA ROJA               2,452           2,453         20         20                           M-15982
01RJ    FRANJA ROJA               2,482           2,483         20         20                           M-15983
01RJ    FRANJA ROJA               2,412           2,413         20         20                           M-15984
01RJ    FRANJA ROJA               2,279           2,280         12         20                           M-15985
01RJ    FRANJA ROJA               2,329           2,330         20         20                           M-15986
01RJ    FRANJA ROJA               2,275           2,276         12         20                           M-15987
01RJ    FRANJA ROJA               2,350           2,351         20         20                           M-15988
01RJ    FRANJA ROJA               2,293           2,294         12         20                           M-15989
01RJ    FRANJA ROJA               2,223           2,224         12         20                           M-15990
01RJ    FRANJA ROJA               2,293           2,294         12         20                           M-15991
01RJ    FRANJA ROJA               2,277           2,278         12         20                           M-15992
01RJ    FRANJA ROJA               2,445           2,446         20         20                           M-15993
01RJ    FRANJA ROJA               2,305           2,306         12         20                           M-15994









EMPRESA NACIONAL DE MINERIA (ENM) PRODUCTOR          PACKING LIST                             PAG.  :   3
NATIONAL MINING COMPANY                       CODIGO DE LOTE   : M-15905                      FECHA :16/01/2019
                                              -----------------------------
FLUJO        : 
DESCRIPCION  : CATODOS GRADO A
N° INSTR. DE EMBARQUE : 25017
CLIENTE      : LICA MAERSK
Lote Sipa    : 18120418

----------------------------------------------------------------------------------------------------------------------------- 
MARCA       DESCRIPCION         PESO NETO      PESO BRUTO     GRUPO     UNIDADES       UBICACION         SERIE                
-----------------------------------------------------------------------------------------------------------------------------

01RJ    FRANJA ROJA               2,284           2,285         20         20                           M-15995
01RJ    FRANJA ROJA               2,297           2,298         20         20                           M-15996
01RJ    FRANJA ROJA               2,282           2,283         12         20                           M-15997
01RJ    FRANJA ROJA               2,242           2,243         12         20                           M-15998
01RJ    FRANJA ROJA               2,345           2,346         12         20                           M-15999
01RJ    FRANJA ROJA               2,310           2,311         12         20                           M-16000
01RJ    FRANJA ROJA               2,194           2,195         12         20                           M-16001
01RJ    FRANJA ROJA               2,384           2,385         12         20                           M-16002
01RJ    FRANJA ROJA               2,282           2,283         12         20                           M-16003
01RJ    FRANJA ROJA               2,188           2,189         20         20                           M-16004
01RJ    FRANJA ROJA               2,367           2,368         20         20                           M-16005
01RJ    FRANJA ROJA               2,301           2,302         12         20                           M-16006
01RJ    FRANJA ROJA               2,409           2,410         12         20                           M-16007
01RJ    FRANJA ROJA               2,449           2,450         12         20                           M-16008
01RJ    FRANJA ROJA               2,276           2,277         12         20                           M-16009
01RJ    FRANJA ROJA               2,299           2,300         12         20                           M-16010
01RJ    FRANJA ROJA               2,208           2,209         12         20                           M-16011
01RJ    FRANJA ROJA               2,269           2,270         20         20                           M-16012
01RJ    FRANJA ROJA               2,278           2,279         12         20                           M-16013
01RJ    FRANJA ROJA               2,303           2,304         12         20                           M-16014
01RJ    FRANJA ROJA               2,252           2,253         46         20                           M-16015
01RJ    FRANJA ROJA               2,143           2,144         46         20                           M-16016
01RJ    FRANJA ROJA               2,177           2,178         46         20                           M-16017
01RJ    FRANJA ROJA               2,165           2,166         12         20                           M-16018
01RJ    FRANJA ROJA               2,279           2,280         46         20                           M-16019
01RJ    FRANJA ROJA               2,284           2,285         46         20                           M-16020
01RJ    FRANJA ROJA               2,350           2,351         20         20                           M-16021
01RJ    FRANJA ROJA               2,319           2,320         46         20                           M-16022
01RJ    FRANJA ROJA               2,331           2,332         46         20                           M-16023
01RJ    FRANJA ROJA               2,211           2,212         12         20                           M-16024
01RJ    FRANJA ROJA               2,244           2,245         12         20                           M-16025
01RJ    FRANJA ROJA               2,191           2,192         12         20                           M-16026
01RJ    FRANJA ROJA               2,146           2,147         46         20                           M-16027
01RJ    FRANJA ROJA               2,107           2,108         12         20                           M-16028
01RJ    FRANJA ROJA               2,084           2,085         12         20                           M-16029
01RJ    FRANJA ROJA               2,221           2,222         12         20                           M-16030
01RJ    FRANJA ROJA               2,242           2,243         46         20                           M-16031
01RJ    FRANJA ROJA               2,290           2,291         46         20                           M-16032
01RJ    FRANJA ROJA               2,154           2,155         46         20                           M-16033
01RJ    FRANJA ROJA               2,198           2,199         46         20                           M-16034
01RJ    FRANJA ROJA               2,216           2,217         46         20                           M-16035
01RJ    FRANJA ROJA               2,222           2,223         03         20                           M-16036


------------------------------------------------------------------------------------------------------------------------
T.SUB-LOTES              TOT.PAQUETES =132      TOT.UNID. = 2640   T/P NETO (kg) = 299,991      T/P BRUTO (kg) = 300,123
------------------------------------------------------------------------------------------------------------------------
