
EMPRESA NACIONAL DE MINERIA (ENM) PRODUCTOR          PACKING LIST                             PAG.  :   1
NATIONAL MINING COMPANY                       CODIGO DE LOTE   : B-2171                      FECHA :06/02/2023
                                              -----------------------------
FLUJO        : 
DESCRIPCION  : CATODOS EW VALLENAR
N° INSTR. DE EMBARQUE : 930507
CLIENTE      : 
Lote Sipa    : 23020064

----------------------------------------------------------------------------------------------------------------------------- 
MARCA       DESCRIPCION         PESO NETO      PESO BRUTO     GRUPO     UNIDADES       UBICACION         SERIE                
-----------------------------------------------------------------------------------------------------------------------------

01NE    FRANJA NEGRA              2,006           2,007                    81                           B-2171 
01NE    FRANJA NEGRA              2,017           2,018                    79                           B-2172 
01NE    FRANJA NEGRA              2,019           2,020                    77                           B-2173 
01NE    FRANJA NEGRA              2,012           2,013                    90                           B-2174 
01NE    FRANJA NEGRA              2,028           2,029                    74                           B-2175 
01NE    FRANJA NEGRA              2,010           2,011                    81                           B-2176 
01NE    FRANJA NEGRA              2,023           2,024                    70                           B-2177 
01NE    FRANJA NEGRA              2,024           2,025                    109                          B-2178 
01NE    FRANJA NEGRA              2,021           2,022                    52                           B-2179 
01NE    FRANJA NEGRA              2,022           2,023                    65                           B-2180 
01NE    FRANJA NEGRA              2,018           2,019                    80                           B-2181 
01NE    FRANJA NEGRA              2,012           2,013                    81                           B-2182 
01NE    FRANJA NEGRA              2,023           2,024                    80                           B-2183 
01NE    FRANJA NEGRA              2,024           2,025                    76                           B-2184 


------------------------------------------------------------------------------------------------------------------------
T.SUB-LOTES              TOT.PAQUETES =14      TOT.UNID. = 1095   T/P NETO (kg) = 28,259      T/P BRUTO (kg) = 28,273
------------------------------------------------------------------------------------------------------------------------
