
EMPRESA NACIONAL DE MINERIA (ENM) PRODUCTOR          PACKING LIST                             PAG.  :   1
NATIONAL MINING COMPANY                       CODIGO DE LOTE   : M-13915                      FECHA :08/01/2019
                                              -----------------------------
FLUJO        : 
DESCRIPCION  : CATODOS GRADO A
N° INSTR. DE EMBARQUE : 24989
CLIENTE      : ARICA EXPRESS
Lote Sipa    : 

----------------------------------------------------------------------------------------------------------------------------- 
MARCA       DESCRIPCION         PESO NETO      PESO BRUTO     GRUPO     UNIDADES       UBICACION         SERIE                
-----------------------------------------------------------------------------------------------------------------------------

03AM    TRES FRANJAS AMARILLAS    2,415           2,416         06         20                           M-13915
03AM    TRES FRANJAS AMARILLAS    2,378           2,379         32         20                           M-13916
03AM    TRES FRANJAS AMARILLAS    2,363           2,364         42         20                           M-13917
03AM    TRES FRANJAS AMARILLAS    2,272           2,273         42         20                           M-13918
03AM    TRES FRANJAS AMARILLAS    2,227           2,228         32         20                           M-13919
03AM    TRES FRANJAS AMARILLAS    2,217           2,218         32         20                           M-13920
03AM    TRES FRANJAS AMARILLAS    2,166           2,167         42         20                           M-13921
03AM    TRES FRANJAS AMARILLAS    2,369           2,370         42         20                           M-13922
03AM    TRES FRANJAS AMARILLAS    2,299           2,300         11         20                           M-13923
03AM    TRES FRANJAS AMARILLAS    2,253           2,254         32         20                           M-13924
03AM    TRES FRANJAS AMARILLAS    2,414           2,415         42         20                           M-13925
03AM    TRES FRANJAS AMARILLAS    2,112           2,113         32         20                           M-13926
03AM    TRES FRANJAS AMARILLAS    2,368           2,369         32         20                           M-13927
03AM    TRES FRANJAS AMARILLAS    2,291           2,292         32         20                           M-13928
03AM    TRES FRANJAS AMARILLAS    2,360           2,361         11         20                           M-13929
03AM    TRES FRANJAS AMARILLAS    2,168           2,169         32         20                           M-13930
03AM    TRES FRANJAS AMARILLAS    2,323           2,324         42         20                           M-13931
03AM    TRES FRANJAS AMARILLAS    2,338           2,339         11         20                           M-13932
03AM    TRES FRANJAS AMARILLAS    2,357           2,358         11         20                           M-13933
03AM    TRES FRANJAS AMARILLAS    2,230           2,231         11         20                           M-13934
03AM    TRES FRANJAS AMARILLAS    2,266           2,267         32         20                           M-13935
03AM    TRES FRANJAS AMARILLAS    2,301           2,302         11         20                           M-13936
03AM    TRES FRANJAS AMARILLAS    2,315           2,316         32         20                           M-13937
03AM    TRES FRANJAS AMARILLAS    2,239           2,240         32         20                           M-13938
03AM    TRES FRANJAS AMARILLAS    2,396           2,397         42         20                           M-13939
03AM    TRES FRANJAS AMARILLAS    2,322           2,323         32         20                           M-13940
03AM    TRES FRANJAS AMARILLAS    2,259           2,260         32         20                           M-13941
03AM    TRES FRANJAS AMARILLAS    2,120           2,121         32         20                           M-13942
03AM    TRES FRANJAS AMARILLAS    2,243           2,244         11         20                           M-13943
03AM    TRES FRANJAS AMARILLAS    2,345           2,346         28         20                           M-13944
03AM    TRES FRANJAS AMARILLAS    2,298           2,299         11         20                           M-13945
03AM    TRES FRANJAS AMARILLAS    2,270           2,271         11         20                           M-13946
03AM    TRES FRANJAS AMARILLAS    2,505           2,506         23         20                           M-13947
03AM    TRES FRANJAS AMARILLAS    2,506           2,507         23         20                           M-13948
03AM    TRES FRANJAS AMARILLAS    2,416           2,417         32         20                           M-13949
03AM    TRES FRANJAS AMARILLAS    2,416           2,417         22         20                           M-13950
03AM    TRES FRANJAS AMARILLAS    2,458           2,459         23         20                           M-13951
03AM    TRES FRANJAS AMARILLAS    2,347           2,348         11         20                           M-13952
03AM    TRES FRANJAS AMARILLAS    2,323           2,324         32         20                           M-13953
03AM    TRES FRANJAS AMARILLAS    2,463           2,464         11         20                           M-13954
03AM    TRES FRANJAS AMARILLAS    2,451           2,452         22         20                           M-13955
03AM    TRES FRANJAS AMARILLAS    2,210           2,211         11         20                           M-13956
03AM    TRES FRANJAS AMARILLAS    2,207           2,208         32         20                           M-13957
03AM    TRES FRANJAS AMARILLAS    2,092           2,093         11         20                           M-13958
03AM    TRES FRANJAS AMARILLAS    2,266           2,267         11         20                           M-13959









EMPRESA NACIONAL DE MINERIA (ENM) PRODUCTOR          PACKING LIST                             PAG.  :   2
NATIONAL MINING COMPANY                       CODIGO DE LOTE   : M-13915                      FECHA :08/01/2019
                                              -----------------------------
FLUJO        : 
DESCRIPCION  : CATODOS GRADO A
N° INSTR. DE EMBARQUE : 24989
CLIENTE      : ARICA EXPRESS
Lote Sipa    : 

----------------------------------------------------------------------------------------------------------------------------- 
MARCA       DESCRIPCION         PESO NETO      PESO BRUTO     GRUPO     UNIDADES       UBICACION         SERIE                
-----------------------------------------------------------------------------------------------------------------------------

03AM    TRES FRANJAS AMARILLAS    2,220           2,221         11         20                           M-13960
03AM    TRES FRANJAS AMARILLAS    2,320           2,321         11         20                           M-13961
03AM    TRES FRANJAS AMARILLAS    2,251           2,252         32         20                           M-13962
03AM    TRES FRANJAS AMARILLAS    2,262           2,263         11         20                           M-13963
03AM    TRES FRANJAS AMARILLAS    2,505           2,506         23         20                           M-13964
03AM    TRES FRANJAS AMARILLAS    2,204           2,205         32         20                           M-13965
03AM    TRES FRANJAS AMARILLAS    2,419           2,420         23         20                           M-13966
03AM    TRES FRANJAS AMARILLAS    2,373           2,374         23         20                           M-13967
03AM    TRES FRANJAS AMARILLAS    2,409           2,410         32         20                           M-13968


------------------------------------------------------------------------------------------------------------------------
T.SUB-LOTES              TOT.PAQUETES =54      TOT.UNID. = 1080   T/P NETO (kg) = 124,917      T/P BRUTO (kg) = 124,971
------------------------------------------------------------------------------------------------------------------------
