
EMPRESA NACIONAL DE MINERIA (ENM) PRODUCTOR          PACKING LIST                             PAG.  :   1
NATIONAL MINING COMPANY                       CODIGO DE LOTE   : M-2609                      FECHA :03/01/2023
                                              -----------------------------
FLUJO        : 
DESCRIPCION  : CATODOS EW TALTAL
N° INSTR. DE EMBARQUE : 930367
CLIENTE      : 
Lote Sipa    : 22120547

----------------------------------------------------------------------------------------------------------------------------- 
MARCA       DESCRIPCION         PESO NETO      PESO BRUTO     GRUPO     UNIDADES       UBICACION         SERIE                
-----------------------------------------------------------------------------------------------------------------------------

33AM    33 AMARILLO               2,031           2,032                    59                           M-2609 
33AM    33 AMARILLO               2,036           2,037                    60                           M-2610 
33AM    33 AMARILLO               2,037           2,038                    60                           M-2611 
33AM    33 AMARILLO               1,979           1,980                    63                           M-2612 
33AM    33 AMARILLO               2,026           2,027                    60                           M-2613 
33AM    33 AMARILLO               2,033           2,034                    60                           M-2614 
33AM    33 AMARILLO               2,034           2,035                    60                           M-2615 
33AM    33 AMARILLO               2,030           2,031                    60                           M-2616 
33AM    33 AMARILLO               2,027           2,028                    59                           M-2617 
33AM    33 AMARILLO               1,992           1,993                    59                           M-2618 
33AM    33 AMARILLO               2,031           2,032                    60                           M-2619 
33AM    33 AMARILLO               1,970           1,971                    58                           M-2620 
33AM    33 AMARILLO               2,040           2,041                    59                           M-2621 
33AM    33 AMARILLO               2,009           2,010                    59                           M-2622 


------------------------------------------------------------------------------------------------------------------------
T.SUB-LOTES              TOT.PAQUETES =14      TOT.UNID. = 836   T/P NETO (kg) = 28,275      T/P BRUTO (kg) = 28,289
------------------------------------------------------------------------------------------------------------------------
