
EMPRESA NACIONAL DE MINERIA (ENM) PRODUCTOR          PACKING LIST                             PAG.  :   1
NATIONAL MINING COMPANY                       CODIGO DE LOTE   : E-2321                      FECHA :19/06/2018
                                              -----------------------------
FLUJO        : 
DESCRIPCION  : CATODOS EW DELTA
N° INSTR. DE EMBARQUE : 24607
CLIENTE      : CHASTINE MAERSK
Lote Sipa    : 18050082

----------------------------------------------------------------------------------------------------------------------------- 
MARCA       DESCRIPCION         PESO NETO      PESO BRUTO     GRUPO     UNIDADES       UBICACION         SERIE                
-----------------------------------------------------------------------------------------------------------------------------

01BL    FRANJA BLANCA             1,975           1,976                    38                           E-2321 
01BL    FRANJA BLANCA             1,970           1,971                    43                           E-2322 
01BL    FRANJA BLANCA             1,992           1,993                    51                           E-2323 
01BL    FRANJA BLANCA             1,978           1,979                    51                           E-2324 
01BL    FRANJA BLANCA             1,967           1,968                    40                           E-2325 
01BL    FRANJA BLANCA             1,962           1,963                    49                           E-2326 
01BL    FRANJA BLANCA             1,972           1,973                    40                           E-2327 
01BL    FRANJA BLANCA             1,955           1,956                    45                           E-2328 
01BL    FRANJA BLANCA             1,973           1,974                    49                           E-2329 
01BL    FRANJA BLANCA             1,946           1,947                    46                           E-2330 
01BL    FRANJA BLANCA             1,989           1,990                    50                           E-2331 
01BL    FRANJA BLANCA             1,939           1,940                    38                           E-2332 
01BL    FRANJA BLANCA             1,976           1,977                    39                           E-2333 
01BL    FRANJA BLANCA             1,972           1,973                    50                           E-2334 
01BL    FRANJA BLANCA             1,942           1,943                    43                           E-2336 
01BL    FRANJA BLANCA             1,962           1,963                    42                           E-2337 
01BL    FRANJA BLANCA             1,964           1,965                    47                           E-2338 
01BL    FRANJA BLANCA             1,980           1,981                    46                           E-2339 
01BL    FRANJA BLANCA             1,991           1,992                    46                           E-2340 
01BL    FRANJA BLANCA             1,971           1,972                    51                           E-2341 
01BL    FRANJA BLANCA             1,967           1,968                    45                           E-2342 
01BL    FRANJA BLANCA             1,949           1,950                    45                           E-2343 
01BL    FRANJA BLANCA             1,983           1,984                    36                           E-2344 
01BL    FRANJA BLANCA             1,961           1,962                    45                           E-2345 
01BL    FRANJA BLANCA             1,990           1,991                    39                           E-2346 
01BL    FRANJA BLANCA             1,962           1,963                    49                           E-2347 
01BL    FRANJA BLANCA             1,993           1,994                    40                           E-2348 
01BL    FRANJA BLANCA             1,943           1,944                    45                           E-2349 
01BL    FRANJA BLANCA             1,942           1,943                    43                           E-2397 
01BL    FRANJA BLANCA             1,947           1,948                    60                           E-2398 
01BL    FRANJA BLANCA             1,931           1,932                    44                           E-2399 
01BL    FRANJA BLANCA             1,956           1,957                    46                           E-2400 
01BL    FRANJA BLANCA             1,945           1,946                    40                           E-2401 
01BL    FRANJA BLANCA             1,922           1,923                    40                           E-2402 
01BL    FRANJA BLANCA             1,974           1,975                    42                           E-2403 
01BL    FRANJA BLANCA             1,951           1,952                    43                           E-2404 
01BL    FRANJA BLANCA             1,955           1,956                    40                           E-2405 
01BL    FRANJA BLANCA             1,936           1,937                    48                           E-2406 
01BL    FRANJA BLANCA             1,971           1,972                    43                           E-2407 
01BL    FRANJA BLANCA             1,962           1,963                    41                           E-2408 
01BL    FRANJA BLANCA             1,964           1,965                    49                           E-2409 
01BL    FRANJA BLANCA             2,010           2,011                    41                           E-2410 
01BL    FRANJA BLANCA             1,968           1,969                    48                           E-2430 
01BL    FRANJA BLANCA             1,945           1,946                    41                           E-2431 
01BL    FRANJA BLANCA             1,963           1,964                    57                           E-2432 









EMPRESA NACIONAL DE MINERIA (ENM) PRODUCTOR          PACKING LIST                             PAG.  :   2
NATIONAL MINING COMPANY                       CODIGO DE LOTE   : E-2321                      FECHA :19/06/2018
                                              -----------------------------
FLUJO        : 
DESCRIPCION  : CATODOS EW DELTA
N° INSTR. DE EMBARQUE : 24607
CLIENTE      : CHASTINE MAERSK
Lote Sipa    : 18050082

----------------------------------------------------------------------------------------------------------------------------- 
MARCA       DESCRIPCION         PESO NETO      PESO BRUTO     GRUPO     UNIDADES       UBICACION         SERIE                
-----------------------------------------------------------------------------------------------------------------------------

01BL    FRANJA BLANCA             1,975           1,976                    50                           E-2433 
01BL    FRANJA BLANCA             1,939           1,940                    113                          E-2434 
01BL    FRANJA BLANCA             1,928           1,929                    39                           E-2435 
01BL    FRANJA BLANCA             1,952           1,953                    47                           E-2436 
01BL    FRANJA BLANCA             1,956           1,957                    45                           E-2437 
01BL    FRANJA BLANCA             1,948           1,949                    45                           E-2438 
01BL    FRANJA BLANCA             1,946           1,947                    57                           E-2439 
01BL    FRANJA BLANCA             1,961           1,962                    40                           E-2440 
01BL    FRANJA BLANCA             1,954           1,955                    46                           E-2441 
01BL    FRANJA BLANCA             1,962           1,963                    41                           E-2442 
01BL    FRANJA BLANCA             1,962           1,963                    47                           E-2443 


------------------------------------------------------------------------------------------------------------------------
T.SUB-LOTES              TOT.PAQUETES =56      TOT.UNID. = 2584   T/P NETO (kg) = 109,849      T/P BRUTO (kg) = 109,905
------------------------------------------------------------------------------------------------------------------------
