
EMPRESA NACIONAL DE MINERIA (ENM) PRODUCTOR          PACKING LIST                             PAG.  :   1
NATIONAL MINING COMPANY                       CODIGO DE LOTE   : H-1371                      FECHA :25/08/2023
                                              -----------------------------
FLUJO        : 
DESCRIPCION  : DESPUNTES DE OREJAS
N° INSTR. DE EMBARQUE : 931345
CLIENTE      : 
Lote Sipa    : 

----------------------------------------------------------------------------------------------------------------------------- 
MARCA       DESCRIPCION         PESO NETO      PESO BRUTO     GRUPO     UNIDADES       UBICACION         SERIE                
-----------------------------------------------------------------------------------------------------------------------------

04NA    04 FRANJA NARANJA         1,240           1,241                     1                           H-1371 
04NA    04 FRANJA NARANJA         1,130           1,131                     1                           H-1372 
04NA    04 FRANJA NARANJA         1,200           1,201                     1                           H-1373 
04NA    04 FRANJA NARANJA         1,125           1,126                     1                           H-1374 
04NA    04 FRANJA NARANJA         1,171           1,172                     1                           H-1375 


------------------------------------------------------------------------------------------------------------------------
T.SUB-LOTES              TOT.PAQUETES =5      TOT.UNID. = 5   T/P NETO (kg) = 5,866      T/P BRUTO (kg) = 5,871
------------------------------------------------------------------------------------------------------------------------
