
EMPRESA NACIONAL DE MINERIA (ENM) PRODUCTOR          PACKING LIST                             PAG.  :   1
NATIONAL MINING COMPANY                       CODIGO DE LOTE   : M-8100                      FECHA :13/12/2018
                                              -----------------------------
FLUJO        : 
DESCRIPCION  : CATODOS GRADO A
N° INSTR. DE EMBARQUE : 56829
CLIENTE      : 
Lote Sipa    : 

----------------------------------------------------------------------------------------------------------------------------- 
MARCA       DESCRIPCION         PESO NETO      PESO BRUTO     GRUPO     UNIDADES       UBICACION         SERIE                
-----------------------------------------------------------------------------------------------------------------------------

02NE    DOS FRANJAS NEGRAS        2,480           2,481         24         20                           M-8100 
02NE    DOS FRANJAS NEGRAS        2,467           2,468         24         20                           M-8101 
02NE    DOS FRANJAS NEGRAS        2,400           2,401         21         20                           M-8102 
02NE    DOS FRANJAS NEGRAS        2,363           2,364         40         20                           M-8103 
02NE    DOS FRANJAS NEGRAS        2,380           2,381         24         20                           M-8104 
02NE    DOS FRANJAS NEGRAS        2,164           2,165         40         20                           M-8105 
02NE    DOS FRANJAS NEGRAS        2,325           2,326         40         20                           M-8106 
02NE    DOS FRANJAS NEGRAS        2,305           2,306         40         20                           M-8107 
02NE    DOS FRANJAS NEGRAS        2,311           2,312         40         20                           M-8108 
02NE    DOS FRANJAS NEGRAS        2,315           2,316         40         20                           M-8109 
02NE    DOS FRANJAS NEGRAS        2,238           2,239         21         20                           M-8110 
02NE    DOS FRANJAS NEGRAS        2,314           2,315         21         20                           M-8111 
02NE    DOS FRANJAS NEGRAS        2,293           2,294         40         20                           M-8112 
02NE    DOS FRANJAS NEGRAS        2,355           2,356         40         20                           M-8113 
02NE    DOS FRANJAS NEGRAS        2,333           2,334         40         20                           M-8114 
02NE    DOS FRANJAS NEGRAS        2,270           2,271         21         20                           M-8115 
02NE    DOS FRANJAS NEGRAS        2,095           2,096         40         20                           M-8116 
02NE    DOS FRANJAS NEGRAS        2,172           2,173         40         20                           M-8117 
02NE    DOS FRANJAS NEGRAS        2,371           2,372         40         20                           M-8118 
02NE    DOS FRANJAS NEGRAS        2,038           2,039         40         20                           M-8119 
02NE    DOS FRANJAS NEGRAS        2,288           2,289         40         20                           M-8120 
02NE    DOS FRANJAS NEGRAS        2,254           2,255         40         20                           M-8121 
02NE    DOS FRANJAS NEGRAS        2,223           2,224         40         20                           M-8122 
02NE    DOS FRANJAS NEGRAS        2,209           2,210         40         20                           M-8123 
02NE    DOS FRANJAS NEGRAS        2,194           2,195         40         20                           M-8124 
02NE    DOS FRANJAS NEGRAS        2,187           2,188         40         20                           M-8125 
02NE    DOS FRANJAS NEGRAS        2,311           2,312         40         20                           M-8126 
02NE    DOS FRANJAS NEGRAS        2,023           2,024         40         20                           M-8127 
02NE    DOS FRANJAS NEGRAS        2,038           2,039         40         20                           M-8128 
02NE    DOS FRANJAS NEGRAS        2,264           2,265         40         20                           M-8129 
02NE    DOS FRANJAS NEGRAS        2,411           2,412         40         20                           M-8130 
02NE    DOS FRANJAS NEGRAS        2,297           2,298         21         20                           M-8131 
02NE    DOS FRANJAS NEGRAS        2,381           2,382         40         20                           M-8132 
02NE    DOS FRANJAS NEGRAS        2,087           2,088         21         20                           M-8133 
02NE    DOS FRANJAS NEGRAS        2,189           2,190         40         20                           M-8134 
02NE    DOS FRANJAS NEGRAS        1,932           1,933         21         20                           M-8135 
02NE    DOS FRANJAS NEGRAS        2,419           2,420         21         20                           M-8136 
02NE    DOS FRANJAS NEGRAS        2,393           2,394         40         20                           M-8137 
02NE    DOS FRANJAS NEGRAS        2,251           2,252         40         20                           M-8138 
02NE    DOS FRANJAS NEGRAS        1,950           1,951         21         20                           M-8139 
02NE    DOS FRANJAS NEGRAS        2,211           2,212         21         20                           M-8140 
02NE    DOS FRANJAS NEGRAS        2,459           2,460         21         20                           M-8141 
02NE    DOS FRANJAS NEGRAS        2,323           2,324         40         20                           M-8142 
02NE    DOS FRANJAS NEGRAS        2,017           2,018         21         20                           M-8143 
02NE    DOS FRANJAS NEGRAS        2,086           2,087         40         20                           M-8144 









EMPRESA NACIONAL DE MINERIA (ENM) PRODUCTOR          PACKING LIST                             PAG.  :   2
NATIONAL MINING COMPANY                       CODIGO DE LOTE   : M-8100                      FECHA :13/12/2018
                                              -----------------------------
FLUJO        : 
DESCRIPCION  : CATODOS GRADO A
N° INSTR. DE EMBARQUE : 56829
CLIENTE      : 
Lote Sipa    : 

----------------------------------------------------------------------------------------------------------------------------- 
MARCA       DESCRIPCION         PESO NETO      PESO BRUTO     GRUPO     UNIDADES       UBICACION         SERIE                
-----------------------------------------------------------------------------------------------------------------------------

02NE    DOS FRANJAS NEGRAS        2,299           2,300         21         20                           M-8145 
02NE    DOS FRANJAS NEGRAS        2,052           2,053         40         20                           M-8146 
02NE    DOS FRANJAS NEGRAS        1,926           1,927         21         20                           M-8147 
02NE    DOS FRANJAS NEGRAS        2,095           2,096         40         20                           M-8148 
02NE    DOS FRANJAS NEGRAS        2,157           2,158         40         20                           M-8149 
02NE    DOS FRANJAS NEGRAS        2,187           2,188         40         20                           M-8150 
02NE    DOS FRANJAS NEGRAS        2,236           2,237         40         20                           M-8151 
02NE    DOS FRANJAS NEGRAS        2,218           2,219         21         20                           M-8152 
02NE    DOS FRANJAS NEGRAS        2,437           2,438         40         20                           M-8153 
02NE    DOS FRANJAS NEGRAS        1,930           1,931         40         20                           M-8154 
02NE    DOS FRANJAS NEGRAS        2,023           2,024         40         20                           M-8155 
02NE    DOS FRANJAS NEGRAS        2,279           2,280         40         20                           M-8156 
02NE    DOS FRANJAS NEGRAS        2,429           2,430         40         20                           M-8157 
02NE    DOS FRANJAS NEGRAS        1,908           1,909         21         20                           M-8158 
02NE    DOS FRANJAS NEGRAS        2,254           2,255         40         20                           M-8159 
02NE    DOS FRANJAS NEGRAS        2,100           2,101         21         20                           M-8160 
02NE    DOS FRANJAS NEGRAS        2,318           2,319         40         20                           M-8161 
02NE    DOS FRANJAS NEGRAS        2,437           2,438         21         20                           M-8162 
02NE    DOS FRANJAS NEGRAS        2,230           2,231         40         20                           M-8163 
02NE    DOS FRANJAS NEGRAS        2,183           2,184         21         20                           M-8164 
02NE    DOS FRANJAS NEGRAS        2,107           2,108         40         20                           M-8165 
02NE    DOS FRANJAS NEGRAS        2,221           2,222         40         20                           M-8166 
02NE    DOS FRANJAS NEGRAS        2,465           2,466         40         20                           M-8167 
02NE    DOS FRANJAS NEGRAS        2,216           2,217         40         20                           M-8168 
02NE    DOS FRANJAS NEGRAS        1,938           1,939         40         20                           M-8169 
02NE    DOS FRANJAS NEGRAS        2,271           2,272         40         20                           M-8170 
02NE    DOS FRANJAS NEGRAS        2,175           2,176         21         20                           M-8171 
02NE    DOS FRANJAS NEGRAS        2,011           2,012         40         20                           M-8172 
02NE    DOS FRANJAS NEGRAS        2,420           2,421         21         20                           M-8173 
02NE    DOS FRANJAS NEGRAS        2,097           2,098         40         20                           M-8174 
02NE    DOS FRANJAS NEGRAS        2,235           2,236         21         20                           M-8175 
02NE    DOS FRANJAS NEGRAS        2,190           2,191         40         20                           M-8176 
02NE    DOS FRANJAS NEGRAS        2,437           2,438         21         20                           M-8177 
02NE    DOS FRANJAS NEGRAS        2,067           2,068         21         20                           M-8178 
02NE    DOS FRANJAS NEGRAS        2,118           2,119         40         20                           M-8179 
02NE    DOS FRANJAS NEGRAS        2,251           2,252         40         20                           M-8180 
02NE    DOS FRANJAS NEGRAS        2,083           2,084         21         20                           M-8181 
02NE    DOS FRANJAS NEGRAS        2,208           2,209         21         20                           M-8182 
02NE    DOS FRANJAS NEGRAS        2,116           2,117         21         20                           M-8183 
02NE    DOS FRANJAS NEGRAS        2,234           2,235         21         20                           M-8184 
02NE    DOS FRANJAS NEGRAS        2,114           2,115         21         20                           M-8185 
02NE    DOS FRANJAS NEGRAS        1,953           1,954         21         20                           M-8186 
02NE    DOS FRANJAS NEGRAS        2,153           2,154         21         20                           M-8187 
02NE    DOS FRANJAS NEGRAS        2,524           2,525         21         20                           M-8188 
02NE    DOS FRANJAS NEGRAS        2,275           2,276         21         20                           M-8189 


------------------------------------------------------------------------------------------------------------------------
T.SUB-LOTES              TOT.PAQUETES =90      TOT.UNID. = 1800   T/P NETO (kg) = 199,963      T/P BRUTO (kg) = 200,053
------------------------------------------------------------------------------------------------------------------------
