
EMPRESA NACIONAL DE MINERIA (ENM) PRODUCTOR          PACKING LIST                             PAG.  :   1
NATIONAL MINING COMPANY                       CODIGO DE LOTE   : I-6884                      FECHA :09/09/2021
                                              -----------------------------
FLUJO        : 
DESCRIPCION  : CATODOS GRADO A
N° INSTR. DE EMBARQUE : 26879
CLIENTE      : MAERSK STOCKOLM
Lote Sipa    : 

----------------------------------------------------------------------------------------------------------------------------- 
MARCA       DESCRIPCION         PESO NETO      PESO BRUTO     GRUPO     UNIDADES       UBICACION         SERIE                
-----------------------------------------------------------------------------------------------------------------------------

X0VE    EQUIS VERDE               2,391           2,392         15         20                           I-6884 
X0VE    EQUIS VERDE               2,384           2,385         15         20                           I-6885 
X0VE    EQUIS VERDE               2,359           2,360         15         20                           I-6886 
X0VE    EQUIS VERDE               2,389           2,390         15         20                           I-6887 
X0VE    EQUIS VERDE               2,291           2,292         15         20                           I-6888 
X0VE    EQUIS VERDE               2,367           2,368         15         20                           I-6889 
X0VE    EQUIS VERDE               2,415           2,416         15         20                           I-6890 
X0VE    EQUIS VERDE               2,391           2,392         15         20                           I-6891 
X0VE    EQUIS VERDE               2,407           2,408         15         20                           I-6892 
X0VE    EQUIS VERDE               2,363           2,364         15         20                           I-6893 
X0VE    EQUIS VERDE               2,317           2,318         15         20                           I-6894 
X0VE    EQUIS VERDE               2,345           2,346         15         20                           I-6895 
X0VE    EQUIS VERDE               2,333           2,334         38         20                           I-6896 
X0VE    EQUIS VERDE               2,216           2,217         15         20                           I-6897 
X0VE    EQUIS VERDE               2,205           2,206         15         20                           I-6898 
X0VE    EQUIS VERDE               2,187           2,188         15         20                           I-6899 
X0VE    EQUIS VERDE               2,373           2,374         15         20                           I-6900 
X0VE    EQUIS VERDE               2,173           2,174         15         20                           I-6901 
X0VE    EQUIS VERDE               2,175           2,176         15         20                           I-6902 
X0VE    EQUIS VERDE               2,159           2,160         15         20                           I-6903 
X0VE    EQUIS VERDE               2,179           2,180         15         20                           I-6904 
X0VE    EQUIS VERDE               2,277           2,278         15         20                           I-6905 
X0VE    EQUIS VERDE               2,319           2,320         15         20                           I-6906 
X0VE    EQUIS VERDE               2,455           2,456         15         20                           I-6907 
X0VE    EQUIS VERDE               2,468           2,469         15         20                           I-6908 
X0VE    EQUIS VERDE               2,493           2,494         15         20                           I-6909 
X0VE    EQUIS VERDE               2,377           2,378         26         20                           I-6910 
X0VE    EQUIS VERDE               2,371           2,372         26         20                           I-6911 
X0VE    EQUIS VERDE               2,241           2,242         26         20                           I-6912 
X0VE    EQUIS VERDE               2,213           2,214         26         20                           I-6913 
X0VE    EQUIS VERDE               2,193           2,194         26         20                           I-6914 
X0VE    EQUIS VERDE               2,311           2,312         26         20                           I-6915 
X0VE    EQUIS VERDE               2,355           2,356         38         20                           I-6916 
X0VE    EQUIS VERDE               2,251           2,252         15         20                           I-6917 
X0VE    EQUIS VERDE               2,373           2,374         15         20                           I-6918 
X0VE    EQUIS VERDE               2,467           2,468         26         20                           I-6919 
X0VE    EQUIS VERDE               2,317           2,318         15         20                           I-6920 
X0VE    EQUIS VERDE               2,401           2,402         26         20                           I-6921 
X0VE    EQUIS VERDE               2,455           2,456         26         20                           I-6922 
X0VE    EQUIS VERDE               2,297           2,298         26         20                           I-6923 
X0VE    EQUIS VERDE               2,524           2,525         26         20                           I-6924 
X0VE    EQUIS VERDE               2,524           2,525         26         20                           I-6925 
X0VE    EQUIS VERDE               2,361           2,362         38         20                           I-6926 
X0VE    EQUIS VERDE               2,357           2,358         15         20                           I-6927 
X0VE    EQUIS VERDE               2,389           2,390         15         20                           I-6928 









EMPRESA NACIONAL DE MINERIA (ENM) PRODUCTOR          PACKING LIST                             PAG.  :   2
NATIONAL MINING COMPANY                       CODIGO DE LOTE   : I-6884                      FECHA :09/09/2021
                                              -----------------------------
FLUJO        : 
DESCRIPCION  : CATODOS GRADO A
N° INSTR. DE EMBARQUE : 26879
CLIENTE      : MAERSK STOCKOLM
Lote Sipa    : 

----------------------------------------------------------------------------------------------------------------------------- 
MARCA       DESCRIPCION         PESO NETO      PESO BRUTO     GRUPO     UNIDADES       UBICACION         SERIE                
-----------------------------------------------------------------------------------------------------------------------------

X0VE    EQUIS VERDE               2,327           2,328         38         20                           I-6929 
X0VE    EQUIS VERDE               2,524           2,525         26         20                           I-6930 
X0VE    EQUIS VERDE               2,479           2,480         26         20                           I-6931 
X0VE    EQUIS VERDE               2,374           2,375         15         20                           I-6932 
X0VE    EQUIS VERDE               2,398           2,399         15         20                           I-6933 
X0VE    EQUIS VERDE               2,423           2,424         26         20                           I-6934 
X0VE    EQUIS VERDE               2,418           2,419         15         20                           I-6935 
X0VE    EQUIS VERDE               2,189           2,190         15         20                           I-6936 
X0VE    EQUIS VERDE               2,449           2,450         15         20                           I-6937 
X0VE    EQUIS VERDE               2,399           2,400         15         20                           I-6938 
X0VE    EQUIS VERDE               2,388           2,389         15         20                           I-6939 
X0VE    EQUIS VERDE               2,431           2,432         15         20                           I-6940 
X0VE    EQUIS VERDE               2,475           2,476         15         20                           I-6941 
X0VE    EQUIS VERDE               2,551           2,552         26         20                           I-6942 
X0VE    EQUIS VERDE               2,501           2,502         15         20                           I-6943 
X0VE    EQUIS VERDE               2,467           2,468         38         20                           I-6944 
X0VE    EQUIS VERDE               2,451           2,452         38         20                           I-6945 
X0VE    EQUIS VERDE               2,423           2,424         26         20                           I-6946 
X0VE    EQUIS VERDE               2,457           2,458         26         20                           I-6947 
X0VE    EQUIS VERDE               2,473           2,474         26         20                           I-6948 
X0VE    EQUIS VERDE               2,491           2,492         26         20                           I-6949 
X0VE    EQUIS VERDE               2,417           2,418         15         20                           I-6950 
X0VE    EQUIS VERDE               2,424           2,425         15         20                           I-6951 
X0VE    EQUIS VERDE               2,345           2,346         26         20                           I-6952 
X0VE    EQUIS VERDE               2,379           2,380         38         20                           I-6953 
X0VE    EQUIS VERDE               2,424           2,425         26         20                           I-6954 
X0VE    EQUIS VERDE               2,573           2,574         26         20                           I-6955 
X0VE    EQUIS VERDE               2,552           2,553         26         20                           I-6956 
X0VE    EQUIS VERDE               2,462           2,463         15         20                           I-6957 
X0VE    EQUIS VERDE               2,355           2,356         15         20                           I-6958 
X0VE    EQUIS VERDE               2,315           2,316         26         20                           I-6959 
X0VE    EQUIS VERDE               2,411           2,412         26         20                           I-6960 
X0VE    EQUIS VERDE               2,429           2,430         26         20                           I-6961 
X0VE    EQUIS VERDE               2,439           2,440         26         20                           I-6962 
X0VE    EQUIS VERDE               2,359           2,360         26         20                           I-6963 
X0VE    EQUIS VERDE               2,385           2,386         26         20                           I-6964 
X0VE    EQUIS VERDE               2,507           2,508         26         20                           I-6965 
X0VE    EQUIS VERDE               2,491           2,492         15         20                           I-6966 
X0VE    EQUIS VERDE               2,320           2,321         15         20                           I-6967 


------------------------------------------------------------------------------------------------------------------------
T.SUB-LOTES              TOT.PAQUETES =84      TOT.UNID. = 1680   T/P NETO (kg) = 199,883      T/P BRUTO (kg) = 199,967
------------------------------------------------------------------------------------------------------------------------
