
EMPRESA NACIONAL DE MINERIA (ENM) PRODUCTOR          PACKING LIST                             PAG.  :   1
NATIONAL MINING COMPANY                       CODIGO DE LOTE   : I-11128                      FECHA :24/09/2018
                                              -----------------------------
FLUJO        : 
DESCRIPCION  : CATODOS GRADO A
N° INSTR. DE EMBARQUE : 24743
CLIENTE      : NORDIC MACAU
Lote Sipa    : 

----------------------------------------------------------------------------------------------------------------------------- 
MARCA       DESCRIPCION         PESO NETO      PESO BRUTO     GRUPO     UNIDADES       UBICACION         SERIE                
-----------------------------------------------------------------------------------------------------------------------------

X0CE    EQUIS CELESTE             2,479           2,480         33         20                           I-11128
X0CE    EQUIS CELESTE             2,394           2,395         33         20                           I-11129
X0CE    EQUIS CELESTE             2,398           2,399         33         20                           I-11130
X0CE    EQUIS CELESTE             2,478           2,479         33         20                           I-11131
X0CE    EQUIS CELESTE             2,454           2,455         04         20                           I-11132
X0CE    EQUIS CELESTE             2,363           2,364         33         20                           I-11133
X0CE    EQUIS CELESTE             2,463           2,464         33         20                           I-11134
X0CE    EQUIS CELESTE             2,432           2,433         25         20                           I-11135
X0CE    EQUIS CELESTE             2,466           2,467         25         20                           I-11136
X0CE    EQUIS CELESTE             2,472           2,473         25         20                           I-11137
X0CE    EQUIS CELESTE             2,462           2,463         25         20                           I-11138
X0CE    EQUIS CELESTE             2,390           2,391         25         20                           I-11139
X0CE    EQUIS CELESTE             2,388           2,389         25         20                           I-11140
X0CE    EQUIS CELESTE             2,423           2,424         25         20                           I-11141
X0CE    EQUIS CELESTE             2,451           2,452         25         20                           I-11142
X0CE    EQUIS CELESTE             2,476           2,477         25         20                           I-11143
X0CE    EQUIS CELESTE             2,489           2,490         25         20                           I-11144
X0CE    EQUIS CELESTE             2,418           2,419         25         20                           I-11145
X0CE    EQUIS CELESTE             2,392           2,393         25         20                           I-11146
X0CE    EQUIS CELESTE             2,499           2,500         25         20                           I-11147
X0CE    EQUIS CELESTE             2,299           2,300         25         20                           I-11148
X0CE    EQUIS CELESTE             2,360           2,361         25         20                           I-11149
X0CE    EQUIS CELESTE             2,431           2,432         25         20                           I-11150
X0CE    EQUIS CELESTE             2,497           2,498         25         20                           I-11151
X0CE    EQUIS CELESTE             2,449           2,450         25         20                           I-11152
X0CE    EQUIS CELESTE             2,284           2,285         25         20                           I-11153
X0CE    EQUIS CELESTE             2,471           2,472         25         20                           I-11154
X0CE    EQUIS CELESTE             2,436           2,437         25         20                           I-11155
X0CE    EQUIS CELESTE             2,296           2,297         25         20                           I-11156
X0CE    EQUIS CELESTE             2,472           2,473         25         20                           I-11157
X0CE    EQUIS CELESTE             2,266           2,267         25         20                           I-11158
X0CE    EQUIS CELESTE             2,426           2,427         25         20                           I-11159
X0CE    EQUIS CELESTE             2,202           2,203         25         20                           I-11160
X0CE    EQUIS CELESTE             2,470           2,471         25         20                           I-11161
X0CE    EQUIS CELESTE             2,440           2,441         25         20                           I-11162
X0CE    EQUIS CELESTE             2,352           2,353         25         20                           I-11163
X0CE    EQUIS CELESTE             2,397           2,398         25         20                           I-11164
X0CE    EQUIS CELESTE             2,201           2,202         25         20                           I-11165
X0CE    EQUIS CELESTE             2,334           2,335         25         20                           I-11166
X0CE    EQUIS CELESTE             2,419           2,420         25         20                           I-11167
X0CE    EQUIS CELESTE             2,457           2,458         25         20                           I-11168
X0CE    EQUIS CELESTE             2,511           2,512         25         20                           I-11169
X0CE    EQUIS CELESTE             2,316           2,317         25         20                           I-11170
X0CE    EQUIS CELESTE             2,429           2,430         25         20                           I-11171
X0CE    EQUIS CELESTE             2,212           2,213         25         20                           I-11172









EMPRESA NACIONAL DE MINERIA (ENM) PRODUCTOR          PACKING LIST                             PAG.  :   2
NATIONAL MINING COMPANY                       CODIGO DE LOTE   : I-11128                      FECHA :24/09/2018
                                              -----------------------------
FLUJO        : 
DESCRIPCION  : CATODOS GRADO A
N° INSTR. DE EMBARQUE : 24743
CLIENTE      : NORDIC MACAU
Lote Sipa    : 

----------------------------------------------------------------------------------------------------------------------------- 
MARCA       DESCRIPCION         PESO NETO      PESO BRUTO     GRUPO     UNIDADES       UBICACION         SERIE                
-----------------------------------------------------------------------------------------------------------------------------

X0CE    EQUIS CELESTE             2,383           2,384         25         20                           I-11173
X0CE    EQUIS CELESTE             2,439           2,440         25         20                           I-11174
X0CE    EQUIS CELESTE             2,459           2,460         25         20                           I-11175
X0CE    EQUIS CELESTE             2,310           2,311         25         20                           I-11176
X0CE    EQUIS CELESTE             2,206           2,207         25         20                           I-11177
X0CE    EQUIS CELESTE             2,355           2,356         25         20                           I-11178
X0CE    EQUIS CELESTE             2,321           2,322         25         20                           I-11179
X0CE    EQUIS CELESTE             2,269           2,270         25         20                           I-11180
X0CE    EQUIS CELESTE             2,224           2,225         25         20                           I-11181
X0CE    EQUIS CELESTE             2,433           2,434         25         20                           I-11182
X0CE    EQUIS CELESTE             2,481           2,482         25         20                           I-11183
X0CE    EQUIS CELESTE             2,249           2,250         25         20                           I-11184
X0CE    EQUIS CELESTE             2,182           2,183         25         20                           I-11185
X0CE    EQUIS CELESTE             2,201           2,202         25         20                           I-11186
X0CE    EQUIS CELESTE             2,523           2,524         25         20                           I-11187
X0CE    EQUIS CELESTE             2,460           2,461         25         20                           I-11188
X0CE    EQUIS CELESTE             2,240           2,241         25         20                           I-11189
X0CE    EQUIS CELESTE             2,400           2,401         25         20                           I-11190
X0CE    EQUIS CELESTE             2,360           2,361         25         20                           I-11191
X0CE    EQUIS CELESTE             2,481           2,482         25         20                           I-11192
X0CE    EQUIS CELESTE             2,426           2,427         25         20                           I-11193
X0CE    EQUIS CELESTE             2,376           2,377         25         20                           I-11194
X0CE    EQUIS CELESTE             2,522           2,523         25         20                           I-11195
X0CE    EQUIS CELESTE             2,451           2,452         25         20                           I-11196
X0CE    EQUIS CELESTE             2,281           2,282         25         20                           I-11197
X0CE    EQUIS CELESTE             2,397           2,398         25         20                           I-11198
X0CE    EQUIS CELESTE             2,290           2,291         25         20                           I-11199
X0CE    EQUIS CELESTE             2,246           2,247         25         20                           I-11200
X0CE    EQUIS CELESTE             2,281           2,282         25         20                           I-11201
X0CE    EQUIS CELESTE             2,391           2,392         25         20                           I-11202
X0CE    EQUIS CELESTE             2,469           2,470         25         20                           I-11203
X0CE    EQUIS CELESTE             2,386           2,387         04         20                           I-11204
X0CE    EQUIS CELESTE             2,367           2,368         04         20                           I-11205
X0CE    EQUIS CELESTE             2,335           2,336         04         20                           I-11206
X0CE    EQUIS CELESTE             2,334           2,335         04         20                           I-11207
X0CE    EQUIS CELESTE             2,203           2,204         04         20                           I-11208
X0CE    EQUIS CELESTE             2,307           2,308         04         20                           I-11209
X0CE    EQUIS CELESTE             2,381           2,382         04         20                           I-11210
X0CE    EQUIS CELESTE             2,291           2,292         45         20                           I-11211


------------------------------------------------------------------------------------------------------------------------
T.SUB-LOTES              TOT.PAQUETES =84      TOT.UNID. = 1680   T/P NETO (kg) = 199,924      T/P BRUTO (kg) = 200,008
------------------------------------------------------------------------------------------------------------------------
