
EMPRESA NACIONAL DE MINERIA (ENM) PRODUCTOR          PACKING LIST                             PAG.  :   1
NATIONAL MINING COMPANY                       CODIGO DE LOTE   : C-2771                      FECHA :29/04/2021
                                              -----------------------------
FLUJO        : 
DESCRIPCION  : CATODOS EW CERRO NEGRO
N° INSTR. DE EMBARQUE : 26667
CLIENTE      : CAROLINE MAERSK
Lote Sipa    : 21020373

----------------------------------------------------------------------------------------------------------------------------- 
MARCA       DESCRIPCION         PESO NETO      PESO BRUTO     GRUPO     UNIDADES       UBICACION         SERIE                
-----------------------------------------------------------------------------------------------------------------------------

01NE    FRANJA NEGRA              1,969           1,970                    41                           B-2819 
01NE    FRANJA NEGRA              2,035           2,036                    41                           B-2820 
01NE    FRANJA NEGRA              2,017           2,018                    39                           B-2821 
01NE    FRANJA NEGRA              2,022           2,023                    39                           B-2822 
01NE    FRANJA NEGRA              2,023           2,024                    40                           B-2823 
01NE    FRANJA NEGRA              2,111           2,112                    41                           B-2824 
01NE    FRANJA NEGRA              2,083           2,084                    43                           B-2825 
01NE    FRANJA NEGRA              2,059           2,060                    34                           B-2826 
01NE    FRANJA NEGRA              2,132           2,133                    34                           B-2827 
01NE    FRANJA NEGRA              2,025           2,026                    38                           B-2828 
01NE    FRANJA NEGRA              1,964           1,965                    39                           B-2829 
01NE    FRANJA NEGRA              1,997           1,998                    33                           B-2830 
01NE    FRANJA NEGRA              2,001           2,002                    33                           B-2831 
01NE    FRANJA NEGRA              1,948           1,949                    31                           B-2832 
01NE    FRANJA NEGRA              2,047           2,048                    37                           B-2833 
01NE    FRANJA NEGRA              2,019           2,020                    34                           C-2771 
01NE    FRANJA NEGRA              2,027           2,028                    36                           C-2772 
01NE    FRANJA NEGRA              2,027           2,028                    37                           C-2773 
01NE    FRANJA NEGRA              2,062           2,063                    40                           C-2774 
01NE    FRANJA NEGRA              2,004           2,005                    38                           C-2775 
01NE    FRANJA NEGRA              2,029           2,030                    37                           C-2776 
01NE    FRANJA NEGRA              1,966           1,967                    37                           C-2777 
01NE    FRANJA NEGRA              1,983           1,984                    39                           C-2778 
01NE    FRANJA NEGRA              2,130           2,131                    40                           C-2779 
01NE    FRANJA NEGRA              1,968           1,969                    37                           C-2780 
01NE    FRANJA NEGRA              2,051           2,052                    37                           C-2781 
01NE    FRANJA NEGRA              1,977           1,978                    39                           C-2782 
01NE    FRANJA NEGRA              2,057           2,058                    39                           C-2783 
01NE    FRANJA NEGRA              2,016           2,017                    39                           C-2784 
01NE    FRANJA NEGRA              1,953           1,954                    39                           C-2785 
01NE    FRANJA NEGRA              1,969           1,970                    32                           C-2787 
01NE    FRANJA NEGRA              1,972           1,973                    32                           C-2788 
01NE    FRANJA NEGRA              1,999           2,000                    33                           C-2789 
01NE    FRANJA NEGRA              2,006           2,007                    33                           C-2790 
01NE    FRANJA NEGRA              1,969           1,970                    32                           C-2791 
01NE    FRANJA NEGRA              2,107           2,108                    39                           C-2792 
01NE    FRANJA NEGRA              2,002           2,003                    37                           C-2793 
01NE    FRANJA NEGRA              2,015           2,016                    34                           C-2794 
01NE    FRANJA NEGRA              1,977           1,978                    33                           C-2795 
01NE    FRANJA NEGRA              2,000           2,001                    33                           C-2796 
01NE    FRANJA NEGRA              2,033           2,034                    34                           C-2797 
01NE    FRANJA NEGRA              2,028           2,029                    34                           C-2798 
01NE    FRANJA NEGRA              2,007           2,008                    33                           C-2799 
01NE    FRANJA NEGRA              2,042           2,043                    35                           C-2800 
01NE    FRANJA NEGRA              2,085           2,086                    35                           C-2801 









EMPRESA NACIONAL DE MINERIA (ENM) PRODUCTOR          PACKING LIST                             PAG.  :   2
NATIONAL MINING COMPANY                       CODIGO DE LOTE   : C-2771                      FECHA :29/04/2021
                                              -----------------------------
FLUJO        : 
DESCRIPCION  : CATODOS EW CERRO NEGRO
N° INSTR. DE EMBARQUE : 26667
CLIENTE      : CAROLINE MAERSK
Lote Sipa    : 21020373

----------------------------------------------------------------------------------------------------------------------------- 
MARCA       DESCRIPCION         PESO NETO      PESO BRUTO     GRUPO     UNIDADES       UBICACION         SERIE                
-----------------------------------------------------------------------------------------------------------------------------

01NE    FRANJA NEGRA              2,030           2,031                    36                           C-2804 
01NE    FRANJA NEGRA              1,991           1,992                    34                           C-2805 
01NE    FRANJA NEGRA              2,028           2,029                    33                           C-2806 
01NE    FRANJA NEGRA              2,052           2,053                    34                           C-2807 
01NE    FRANJA NEGRA              2,061           2,062                    36                           C-2808 
01NE    FRANJA NEGRA              2,018           2,019                    33                           C-2809 
01NE    FRANJA NEGRA              1,992           1,993                    33                           C-2810 
01NE    FRANJA NEGRA              1,997           1,998                    33                           C-2811 
01NE    FRANJA NEGRA              2,042           2,043                    33                           C-2812 
01NE    FRANJA NEGRA              2,030           2,031                    36                           C-2813 
01NE    FRANJA NEGRA              2,043           2,044                    33                           C-2814 
01NE    FRANJA NEGRA              2,004           2,005                    32                           C-2815 
01NE    FRANJA NEGRA              1,962           1,963                    33                           C-2816 
01NE    FRANJA NEGRA              1,998           1,999                    34                           C-2817 
01NE    FRANJA NEGRA              2,017           2,018                    36                           C-2818 
01NE    FRANJA NEGRA              1,956           1,957                    35                           C-2852 
01NE    FRANJA NEGRA              2,024           2,025                    36                           C-2853 
01NE    FRANJA NEGRA              2,016           2,017                    37                           C-2854 
01NE    FRANJA NEGRA              2,083           2,084                    38                           C-2855 
01NE    FRANJA NEGRA              2,061           2,062                    38                           C-2856 
01NE    FRANJA NEGRA              1,942           1,943                    35                           C-2857 
01NE    FRANJA NEGRA              1,966           1,967                    36                           C-2858 
01NE    FRANJA NEGRA              2,059           2,060                    38                           C-2859 
01NE    FRANJA NEGRA              1,986           1,987                    39                           C-2860 
01NE    FRANJA NEGRA              1,984           1,985                    36                           C-2861 
01NE    FRANJA NEGRA              1,999           2,000                    37                           C-2862 
01NE    FRANJA NEGRA              2,007           2,008                    37                           C-2863 
01NE    FRANJA NEGRA              2,090           2,091                    38                           C-2864 
01NE    FRANJA NEGRA              2,075           2,076                    37                           C-2865 
01NE    FRANJA NEGRA              2,017           2,018                    36                           C-2866 


------------------------------------------------------------------------------------------------------------------------
T.SUB-LOTES              TOT.PAQUETES =75      TOT.UNID. = 2702   T/P NETO (kg) = 151,443      T/P BRUTO (kg) = 151,518
------------------------------------------------------------------------------------------------------------------------
