
EMPRESA NACIONAL DE MINERIA (ENM) PRODUCTOR          PACKING LIST                             PAG.  :   1
NATIONAL MINING COMPANY                       CODIGO DE LOTE   : M-11062                      FECHA :18/12/2020
                                              -----------------------------
FLUJO        : 
DESCRIPCION  : CATODOS GRADO A
N° INSTR. DE EMBARQUE : 26413
CLIENTE      : CHARLOTE MAERSK
Lote Sipa    : 20120417

----------------------------------------------------------------------------------------------------------------------------- 
MARCA       DESCRIPCION         PESO NETO      PESO BRUTO     GRUPO     UNIDADES       UBICACION         SERIE                
-----------------------------------------------------------------------------------------------------------------------------

01AM    FRANJA AMARILLA           2,299           2,300         28         20                           M-11062
01AM    FRANJA AMARILLA           2,206           2,207         21         20                           M-11063
01AM    FRANJA AMARILLA           2,299           2,300         21         20                           M-11064
01AM    FRANJA AMARILLA           2,288           2,289         21         20                           M-11065
01AM    FRANJA AMARILLA           2,330           2,331         20         20                           M-11066
01AM    FRANJA AMARILLA           2,175           2,176         21         20                           M-11067
01AM    FRANJA AMARILLA           2,041           2,042         21         20                           M-11068
01AM    FRANJA AMARILLA           2,273           2,274         20         20                           M-11069
01AM    FRANJA AMARILLA           2,259           2,260         21         20                           M-11070
01AM    FRANJA AMARILLA           2,291           2,292         20         20                           M-11071
01AM    FRANJA AMARILLA           2,286           2,287         21         20                           M-11072
01AM    FRANJA AMARILLA           2,291           2,292         21         20                           M-11073
01AM    FRANJA AMARILLA           2,292           2,293         05         20                           M-11074
01AM    FRANJA AMARILLA           2,214           2,215         20         20                           M-11075
01AM    FRANJA AMARILLA           2,263           2,264         21         20                           M-11076
01AM    FRANJA AMARILLA           2,352           2,353         07         20                           M-11077
01AM    FRANJA AMARILLA           2,122           2,123         05         20                           M-11078
01AM    FRANJA AMARILLA           2,140           2,141         20         20                           M-11079
01AM    FRANJA AMARILLA           2,303           2,304         20         20                           M-11080
01AM    FRANJA AMARILLA           2,266           2,267         20         20                           M-11081
01AM    FRANJA AMARILLA           2,288           2,289         07         20                           M-11082
01AM    FRANJA AMARILLA           2,318           2,319         20         20                           M-11083
01AM    FRANJA AMARILLA           2,472           2,473         07         20                           M-11084
01AM    FRANJA AMARILLA           2,140           2,141         05         20                           M-11085
01AM    FRANJA AMARILLA           2,397           2,398         20         20                           M-11086
01AM    FRANJA AMARILLA           2,188           2,189         07         20                           M-11087
01AM    FRANJA AMARILLA           2,175           2,176         05         20                           M-11088
01AM    FRANJA AMARILLA           2,445           2,446         07         20                           M-11089
01AM    FRANJA AMARILLA           2,469           2,470         20         20                           M-11090
01AM    FRANJA AMARILLA           2,455           2,456         07         20                           M-11091
01AM    FRANJA AMARILLA           2,343           2,344         07         20                           M-11092
01AM    FRANJA AMARILLA           2,400           2,401         07         20                           M-11093
01AM    FRANJA AMARILLA           2,139           2,140         05         20                           M-11094
01AM    FRANJA AMARILLA           2,242           2,243         05         20                           M-11095
01AM    FRANJA AMARILLA           2,393           2,394         07         20                           M-11096
01AM    FRANJA AMARILLA           2,392           2,393         07         20                           M-11097
01AM    FRANJA AMARILLA           2,321           2,322         07         20                           M-11098
01AM    FRANJA AMARILLA           2,329           2,330         07         20                           M-11099
01AM    FRANJA AMARILLA           2,392           2,393         20         20                           M-11100
01AM    FRANJA AMARILLA           2,180           2,181         05         20                           M-11101
01AM    FRANJA AMARILLA           2,534           2,535         07         20                           M-11102
01AM    FRANJA AMARILLA           2,411           2,412         20         20                           M-11103
01AM    FRANJA AMARILLA           2,435           2,436         07         20                           M-11104
01AM    FRANJA AMARILLA           2,451           2,452         07         20                           M-11105
01AM    FRANJA AMARILLA           2,153           2,154         05         20                           M-11106









EMPRESA NACIONAL DE MINERIA (ENM) PRODUCTOR          PACKING LIST                             PAG.  :   2
NATIONAL MINING COMPANY                       CODIGO DE LOTE   : M-11062                      FECHA :18/12/2020
                                              -----------------------------
FLUJO        : 
DESCRIPCION  : CATODOS GRADO A
N° INSTR. DE EMBARQUE : 26413
CLIENTE      : CHARLOTE MAERSK
Lote Sipa    : 20120417

----------------------------------------------------------------------------------------------------------------------------- 
MARCA       DESCRIPCION         PESO NETO      PESO BRUTO     GRUPO     UNIDADES       UBICACION         SERIE                
-----------------------------------------------------------------------------------------------------------------------------

01AM    FRANJA AMARILLA           2,262           2,263         20         20                           M-11107
01AM    FRANJA AMARILLA           1,942           1,943         05         20                           M-11108
01AM    FRANJA AMARILLA           2,202           2,203         20         20                           M-11109
01AM    FRANJA AMARILLA           2,404           2,405         07         20                           M-11110
01AM    FRANJA AMARILLA           2,252           2,253         20         20                           M-11111
01AM    FRANJA AMARILLA           2,428           2,429         07         20                           M-11112
01AM    FRANJA AMARILLA           2,209           2,210         05         20                           M-11113
01AM    FRANJA AMARILLA           2,354           2,355         20         20                           M-11114
01AM    FRANJA AMARILLA           2,271           2,272         07         20                           M-11115
01AM    FRANJA AMARILLA           2,180           2,181         05         20                           M-11116
01AM    FRANJA AMARILLA           2,402           2,403         20         20                           M-11117
01AM    FRANJA AMARILLA           2,321           2,322         05         20                           M-11118
01AM    FRANJA AMARILLA           2,362           2,363         07         20                           M-11119
01AM    FRANJA AMARILLA           2,471           2,472         07         20                           M-11120
01AM    FRANJA AMARILLA           2,362           2,363         20         20                           M-11121
01AM    FRANJA AMARILLA           2,492           2,493         20         20                           M-11122
01AM    FRANJA AMARILLA           2,070           2,071         07         20                           M-11123
01AM    FRANJA AMARILLA           2,369           2,370         07         20                           M-11124
01AM    FRANJA AMARILLA           2,354           2,355         07         20                           M-11125
01AM    FRANJA AMARILLA           2,399           2,400         07         20                           M-11126
01AM    FRANJA AMARILLA           2,174           2,175         20         20                           M-11127
01AM    FRANJA AMARILLA           2,265           2,266         07         20                           M-11128
01AM    FRANJA AMARILLA           2,459           2,460         07         20                           M-11129
01AM    FRANJA AMARILLA           2,287           2,288         38         20                           M-11130
01AM    FRANJA AMARILLA           2,385           2,386         07         20                           M-11131
01AM    FRANJA AMARILLA           2,346           2,347         07         20                           M-11132
01AM    FRANJA AMARILLA           2,421           2,422         38         20                           M-11133
01AM    FRANJA AMARILLA           2,422           2,423         07         20                           M-11134
01AM    FRANJA AMARILLA           2,406           2,407         07         20                           M-11135
01AM    FRANJA AMARILLA           2,492           2,493         07         20                           M-11136
01AM    FRANJA AMARILLA           2,226           2,227         07         20                           M-11137
01AM    FRANJA AMARILLA           2,411           2,412         07         20                           M-11138
01AM    FRANJA AMARILLA           2,391           2,392         38         20                           M-11139
01AM    FRANJA AMARILLA           2,351           2,352         38         20                           M-11140
01AM    FRANJA AMARILLA           2,197           2,198         05         20                           M-11141
01AM    FRANJA AMARILLA           2,137           2,138         05         20                           M-11142
01AM    FRANJA AMARILLA           2,258           2,259         05         20                           M-11143
01AM    FRANJA AMARILLA           2,405           2,406         05         20                           M-11144
01AM    FRANJA AMARILLA           2,196           2,197         44         20                           M-11145
01AM    FRANJA AMARILLA           2,158           2,159         44         20                           M-11146
01AM    FRANJA AMARILLA           2,429           2,430         07         20                           M-11147
01AM    FRANJA AMARILLA           2,021           2,022         07         20                           M-11148
01AM    FRANJA AMARILLA           2,378           2,379         38         20                           M-11149
01AM    FRANJA AMARILLA           2,213           2,214         48         20                           M-11150
01AM    FRANJA AMARILLA           2,305           2,306         48         20                           M-11151









EMPRESA NACIONAL DE MINERIA (ENM) PRODUCTOR          PACKING LIST                             PAG.  :   3
NATIONAL MINING COMPANY                       CODIGO DE LOTE   : M-11062                      FECHA :18/12/2020
                                              -----------------------------
FLUJO        : 
DESCRIPCION  : CATODOS GRADO A
N° INSTR. DE EMBARQUE : 26413
CLIENTE      : CHARLOTE MAERSK
Lote Sipa    : 20120417

----------------------------------------------------------------------------------------------------------------------------- 
MARCA       DESCRIPCION         PESO NETO      PESO BRUTO     GRUPO     UNIDADES       UBICACION         SERIE                
-----------------------------------------------------------------------------------------------------------------------------

01AM    FRANJA AMARILLA           2,439           2,440         38         20                           M-11152
01AM    FRANJA AMARILLA           2,288           2,289         48         20                           M-11153
01AM    FRANJA AMARILLA           2,359           2,360         38         20                           M-11154
01AM    FRANJA AMARILLA           2,020           2,021         38         20                           M-11155
01AM    FRANJA AMARILLA           2,392           2,393         38         20                           M-11156
01AM    FRANJA AMARILLA           2,236           2,237         38         20                           M-11157
01AM    FRANJA AMARILLA           2,359           2,360         38         20                           M-11158
01AM    FRANJA AMARILLA           2,475           2,476         38         20                           M-11159
01AM    FRANJA AMARILLA           2,223           2,224         38         20                           M-11160
01AM    FRANJA AMARILLA           2,333           2,334         20         20                           M-11161
01AM    FRANJA AMARILLA           2,319           2,320         38         20                           M-11162
01AM    FRANJA AMARILLA           2,244           2,245         38         20                           M-11163
01AM    FRANJA AMARILLA           2,258           2,259         20         20                           M-11164
01AM    FRANJA AMARILLA           2,225           2,226         38         20                           M-11165
01AM    FRANJA AMARILLA           2,171           2,172         38         20                           M-11166
01AM    FRANJA AMARILLA           2,342           2,343         20         20                           M-11167
01AM    FRANJA AMARILLA           2,121           2,122         20         20                           M-11168
01AM    FRANJA AMARILLA           2,330           2,331         20         20                           M-11169
01AM    FRANJA AMARILLA           2,261           2,262         20         20                           M-11170
01AM    FRANJA AMARILLA           2,389           2,390         20         20                           M-11171
01AM    FRANJA AMARILLA           2,410           2,411         20         20                           M-11172
01AM    FRANJA AMARILLA           2,347           2,348         20         20                           M-11173
01AM    FRANJA AMARILLA           2,246           2,247         20         20                           M-11174
01AM    FRANJA AMARILLA           2,293           2,294         38         20                           M-11175
01AM    FRANJA AMARILLA           2,388           2,389         20         20                           M-11176
01AM    FRANJA AMARILLA           2,293           2,294         20         20                           M-11177
01AM    FRANJA AMARILLA           2,279           2,280         20         20                           M-11178
01AM    FRANJA AMARILLA           2,322           2,323         38         20                           M-11179
01AM    FRANJA AMARILLA           2,276           2,277         20         20                           M-11180
01AM    FRANJA AMARILLA           2,207           2,208         38         20                           M-11181
01AM    FRANJA AMARILLA           2,431           2,432         20         20                           M-11182
01AM    FRANJA AMARILLA           2,355           2,356         20         20                           M-11183
01AM    FRANJA AMARILLA           2,372           2,373         20         20                           M-11184
01AM    FRANJA AMARILLA           2,425           2,426         38         20                           M-11185
01AM    FRANJA AMARILLA           2,375           2,376         20         20                           M-11186
01AM    FRANJA AMARILLA           2,409           2,410         20         20                           M-11187
01AM    FRANJA AMARILLA           2,357           2,358         20         20                           M-11188
01AM    FRANJA AMARILLA           2,403           2,404         20         20                           M-11189
01AM    FRANJA AMARILLA           2,458           2,459         44         20                           M-11190
01AM    FRANJA AMARILLA           2,195           2,196         05         20                           M-11191


------------------------------------------------------------------------------------------------------------------------
T.SUB-LOTES              TOT.PAQUETES =130      TOT.UNID. = 2600   T/P NETO (kg) = 299,916      T/P BRUTO (kg) = 300,046
------------------------------------------------------------------------------------------------------------------------
