
EMPRESA NACIONAL DE MINERIA (ENM) PRODUCTOR          PACKING LIST                             PAG.  :   1
NATIONAL MINING COMPANY                       CODIGO DE LOTE   : M-14308                      FECHA :10/01/2020
                                              -----------------------------
FLUJO        : 
DESCRIPCION  : CATODOS GRADO A
N° INSTR. DE EMBARQUE : 25694
CLIENTE      : E.R. BERLIN
Lote Sipa    : 19120625

----------------------------------------------------------------------------------------------------------------------------- 
MARCA       DESCRIPCION         PESO NETO      PESO BRUTO     GRUPO     UNIDADES       UBICACION         SERIE                
-----------------------------------------------------------------------------------------------------------------------------

02RJ    DOS FRANJAS ROJAS         2,163           2,164         19         20                           M-14308
02RJ    DOS FRANJAS ROJAS         2,071           2,072         13         20                           M-14309
02RJ    DOS FRANJAS ROJAS         1,916           1,917         19         20                           M-14310
02RJ    DOS FRANJAS ROJAS         1,979           1,980         19         20                           M-14311
02RJ    DOS FRANJAS ROJAS         2,144           2,145         13         20                           M-14312
02RJ    DOS FRANJAS ROJAS         1,977           1,978         38         20                           M-14313
02RJ    DOS FRANJAS ROJAS         2,017           2,018         38         20                           M-14314
02RJ    DOS FRANJAS ROJAS         2,084           2,085         19         20                           M-14315
02RJ    DOS FRANJAS ROJAS         2,260           2,261         19         20                           M-14316
02RJ    DOS FRANJAS ROJAS         1,952           1,953         19         20                           M-14317
02RJ    DOS FRANJAS ROJAS         2,096           2,097         19         20                           M-14318
02RJ    DOS FRANJAS ROJAS         2,142           2,143         38         20                           M-14319
02RJ    DOS FRANJAS ROJAS         2,234           2,235         19         20                           M-14320
02RJ    DOS FRANJAS ROJAS         2,245           2,246         19         20                           M-14321
02RJ    DOS FRANJAS ROJAS         2,151           2,152         19         20                           M-14322
02RJ    DOS FRANJAS ROJAS         2,114           2,115         19         20                           M-14323
02RJ    DOS FRANJAS ROJAS         2,172           2,173         19         20                           M-14324
02RJ    DOS FRANJAS ROJAS         2,201           2,202         19         20                           M-14325
02RJ    DOS FRANJAS ROJAS         2,321           2,322         46         20                           M-14326
02RJ    DOS FRANJAS ROJAS         2,174           2,175         19         20                           M-14327
02RJ    DOS FRANJAS ROJAS         2,204           2,205         13         20                           M-14328
02RJ    DOS FRANJAS ROJAS         2,119           2,120         46         20                           M-14329
02RJ    DOS FRANJAS ROJAS         2,247           2,248         19         20                           M-14330
02RJ    DOS FRANJAS ROJAS         2,052           2,053         13         20                           M-14331
02RJ    DOS FRANJAS ROJAS         2,285           2,286         19         20                           M-14332
02RJ    DOS FRANJAS ROJAS         1,950           1,951         38         20                           M-14333
02RJ    DOS FRANJAS ROJAS         2,171           2,172         13         20                           M-14334
02RJ    DOS FRANJAS ROJAS         2,079           2,080         46         20                           M-14335
02RJ    DOS FRANJAS ROJAS         2,349           2,350         19         20                           M-14336
02RJ    DOS FRANJAS ROJAS         2,258           2,259         46         20                           M-14337
02RJ    DOS FRANJAS ROJAS         2,181           2,182         46         20                           M-14338
02RJ    DOS FRANJAS ROJAS         2,286           2,287         19         20                           M-14339
02RJ    DOS FRANJAS ROJAS         2,185           2,186         19         20                           M-14340
02RJ    DOS FRANJAS ROJAS         2,095           2,096         19         20                           M-14341
02RJ    DOS FRANJAS ROJAS         2,026           2,027         13         20                           M-14342
02RJ    DOS FRANJAS ROJAS         2,123           2,124         28         20                           M-14343
02RJ    DOS FRANJAS ROJAS         2,276           2,277         28         20                           M-14344
02RJ    DOS FRANJAS ROJAS         2,024           2,025         38         20                           M-14345
02RJ    DOS FRANJAS ROJAS         2,115           2,116         38         20                           M-14346
02RJ    DOS FRANJAS ROJAS         2,045           2,046         46         20                           M-14347
02RJ    DOS FRANJAS ROJAS         2,263           2,264         46         20                           M-14348
02RJ    DOS FRANJAS ROJAS         2,349           2,350         19         20                           M-14349
02RJ    DOS FRANJAS ROJAS         2,186           2,187         46         20                           M-14350
02RJ    DOS FRANJAS ROJAS         2,062           2,063         46         20                           M-14351
02RJ    DOS FRANJAS ROJAS         2,211           2,212         46         20                           M-14352









EMPRESA NACIONAL DE MINERIA (ENM) PRODUCTOR          PACKING LIST                             PAG.  :   2
NATIONAL MINING COMPANY                       CODIGO DE LOTE   : M-14308                      FECHA :10/01/2020
                                              -----------------------------
FLUJO        : 
DESCRIPCION  : CATODOS GRADO A
N° INSTR. DE EMBARQUE : 25694
CLIENTE      : E.R. BERLIN
Lote Sipa    : 19120625

----------------------------------------------------------------------------------------------------------------------------- 
MARCA       DESCRIPCION         PESO NETO      PESO BRUTO     GRUPO     UNIDADES       UBICACION         SERIE                
-----------------------------------------------------------------------------------------------------------------------------

02RJ    DOS FRANJAS ROJAS         2,124           2,125         46         20                           M-14353
02RJ    DOS FRANJAS ROJAS         2,240           2,241         31         20                           M-14354
02RJ    DOS FRANJAS ROJAS         2,026           2,027         38         20                           M-14355
02RJ    DOS FRANJAS ROJAS         1,945           1,946         38         20                           M-14356
02RJ    DOS FRANJAS ROJAS         2,159           2,160         46         20                           M-14357
02RJ    DOS FRANJAS ROJAS         2,329           2,330         46         20                           M-14358
02RJ    DOS FRANJAS ROJAS         2,182           2,183         46         20                           M-14359
02RJ    DOS FRANJAS ROJAS         2,045           2,046         16         20                           M-14360
02RJ    DOS FRANJAS ROJAS         2,177           2,178         38         20                           M-14361
02RJ    DOS FRANJAS ROJAS         2,339           2,340         31         20                           M-14362
02RJ    DOS FRANJAS ROJAS         2,155           2,156         46         20                           M-14363
02RJ    DOS FRANJAS ROJAS         2,040           2,041         46         20                           M-14364
02RJ    DOS FRANJAS ROJAS         2,110           2,111         46         20                           M-14365
02RJ    DOS FRANJAS ROJAS         2,318           2,319         38         20                           M-14366
02RJ    DOS FRANJAS ROJAS         2,171           2,172         38         20                           M-14367
02RJ    DOS FRANJAS ROJAS         2,240           2,241         46         20                           M-14368
02RJ    DOS FRANJAS ROJAS         2,388           2,389         13         20                           M-14369
02RJ    DOS FRANJAS ROJAS         2,135           2,136         31         20                           M-14370
02RJ    DOS FRANJAS ROJAS         1,909           1,910         38         20                           M-14371
02RJ    DOS FRANJAS ROJAS         2,070           2,071         38         20                           M-14372
02RJ    DOS FRANJAS ROJAS         2,086           2,087         31         20                           M-14373
02RJ    DOS FRANJAS ROJAS         2,028           2,029         31         20                           M-14374
02RJ    DOS FRANJAS ROJAS         2,045           2,046         31         20                           M-14375
02RJ    DOS FRANJAS ROJAS         2,114           2,115         46         20                           M-14376
02RJ    DOS FRANJAS ROJAS         1,925           1,926         46         20                           M-14377


------------------------------------------------------------------------------------------------------------------------
T.SUB-LOTES              TOT.PAQUETES =70      TOT.UNID. = 1400   T/P NETO (kg) = 149,854      T/P BRUTO (kg) = 149,924
------------------------------------------------------------------------------------------------------------------------
