
EMPRESA NACIONAL DE MINERIA (ENM) PRODUCTOR          PACKING LIST                             PAG.  :   1
NATIONAL MINING COMPANY                       CODIGO DE LOTE   : I-1632                      FECHA :12/09/2023
                                              -----------------------------
FLUJO        : 
DESCRIPCION  : CATODOS EW EL SALADO
N° INSTR. DE EMBARQUE : 931417
CLIENTE      : 
Lote Sipa    : 23090234

----------------------------------------------------------------------------------------------------------------------------- 
MARCA       DESCRIPCION         PESO NETO      PESO BRUTO     GRUPO     UNIDADES       UBICACION         SERIE                
-----------------------------------------------------------------------------------------------------------------------------

05BL    CINCO FRANJAS BLANCAS     1,980           1,981                    92                           I-1632 
05BL    CINCO FRANJAS BLANCAS     2,045           2,046                    95                           I-1633 
05BL    CINCO FRANJAS BLANCAS     2,042           2,043                    69                           I-1634 
05BL    CINCO FRANJAS BLANCAS     1,991           1,992                    80                           I-1635 
05BL    CINCO FRANJAS BLANCAS     1,954           1,955                    98                           I-1636 
05BL    CINCO FRANJAS BLANCAS     1,988           1,989                    101                          I-1637 
05BL    CINCO FRANJAS BLANCAS     1,957           1,958                    92                           I-1638 
05BL    CINCO FRANJAS BLANCAS     1,968           1,969                    94                           I-1639 
05BL    CINCO FRANJAS BLANCAS     1,984           1,985                    90                           I-1640 
05BL    CINCO FRANJAS BLANCAS     2,055           2,056                    72                           I-1641 
05BL    CINCO FRANJAS BLANCAS     2,014           2,015                    84                           I-1642 
05BL    CINCO FRANJAS BLANCAS     2,017           2,018                    68                           I-1643 
05BL    CINCO FRANJAS BLANCAS     1,945           1,946                    93                           I-1644 
05BL    CINCO FRANJAS BLANCAS     1,954           1,955                    100                          I-1645 


------------------------------------------------------------------------------------------------------------------------
T.SUB-LOTES              TOT.PAQUETES =14      TOT.UNID. = 1228   T/P NETO (kg) = 27,894      T/P BRUTO (kg) = 27,908
------------------------------------------------------------------------------------------------------------------------
