
EMPRESA NACIONAL DE MINERIA (ENM) PRODUCTOR          PACKING LIST                             PAG.  :   1
NATIONAL MINING COMPANY                       CODIGO DE LOTE   : E-11535                      FECHA :03/06/2022
                                              -----------------------------
FLUJO        : 
DESCRIPCION  : CATODOS GRADO A
N° INSTR. DE EMBARQUE : 27364
CLIENTE      : CAUTIN
Lote Sipa    : 22050358

----------------------------------------------------------------------------------------------------------------------------- 
MARCA       DESCRIPCION         PESO NETO      PESO BRUTO     GRUPO     UNIDADES       UBICACION         SERIE                
-----------------------------------------------------------------------------------------------------------------------------

01AM    FRANJA AMARILLA           2,486           2,487         27         20                           E-11535
01AM    FRANJA AMARILLA           2,473           2,474         48         20                           E-11536
01AM    FRANJA AMARILLA           2,645           2,646         27         20                           E-11537
01AM    FRANJA AMARILLA           2,655           2,656         27         20                           E-11538
01AM    FRANJA AMARILLA           2,464           2,465         27         20                           E-11539
01AM    FRANJA AMARILLA           2,201           2,202         27         20                           E-11540
01AM    FRANJA AMARILLA           2,566           2,567         27         20                           E-11541
01AM    FRANJA AMARILLA           2,155           2,156         27         20                           E-11542
01AM    FRANJA AMARILLA           2,081           2,082         11         20                           E-11543
01AM    FRANJA AMARILLA           2,145           2,146         11         20                           E-11544
01AM    FRANJA AMARILLA           2,143           2,144         11         20                           E-11545
01AM    FRANJA AMARILLA           2,357           2,358         27         20                           E-11546
01AM    FRANJA AMARILLA           2,511           2,512         27         20                           E-11547
01AM    FRANJA AMARILLA           2,109           2,110         27         20                           E-11548
01AM    FRANJA AMARILLA           2,257           2,258         27         20                           E-11549
01AM    FRANJA AMARILLA           2,149           2,150         11         20                           E-11550
01AM    FRANJA AMARILLA           2,549           2,550         27         20                           E-11551
01AM    FRANJA AMARILLA           2,113           2,114         27         20                           E-11552
01AM    FRANJA AMARILLA           2,179           2,180         27         20                           E-11553
01AM    FRANJA AMARILLA           2,436           2,437         27         20                           E-11554
01AM    FRANJA AMARILLA           2,265           2,266         37         20                           E-11555
01AM    FRANJA AMARILLA           2,289           2,290         48         20                           E-11556
01AM    FRANJA AMARILLA           2,203           2,204         48         20                           E-11557
01AM    FRANJA AMARILLA           2,475           2,476         48         20                           E-11558
01AM    FRANJA AMARILLA           2,491           2,492         27         20                           E-11559
01AM    FRANJA AMARILLA           2,284           2,285         27         20                           E-11560
01AM    FRANJA AMARILLA           2,491           2,492         48         20                           E-11561
01AM    FRANJA AMARILLA           2,494           2,495         27         20                           E-11562
01AM    FRANJA AMARILLA           2,497           2,498         27         20                           E-11563
01AM    FRANJA AMARILLA           2,223           2,224         27         20                           E-11564
01AM    FRANJA AMARILLA           2,497           2,498         27         20                           E-11565
01AM    FRANJA AMARILLA           2,506           2,507         27         20                           E-11566
01AM    FRANJA AMARILLA           2,187           2,188         48         20                           E-11567
01AM    FRANJA AMARILLA           2,479           2,480         48         20                           E-11568
01AM    FRANJA AMARILLA           2,263           2,264         48         20                           E-11569
01AM    FRANJA AMARILLA           2,413           2,414         48         20                           E-11570
01AM    FRANJA AMARILLA           2,569           2,570         27         20                           E-11571
01AM    FRANJA AMARILLA           2,469           2,470         27         20                           E-11572
01AM    FRANJA AMARILLA           2,293           2,294         48         20                           E-11573
01AM    FRANJA AMARILLA           2,493           2,494         48         20                           E-11574
01AM    FRANJA AMARILLA           2,521           2,522         27         20                           E-11575
01AM    FRANJA AMARILLA           2,282           2,283         11         20                           E-11576
01AM    FRANJA AMARILLA           2,406           2,407         48         20                           E-11577
01AM    FRANJA AMARILLA           2,329           2,330         48         20                           E-11578
01AM    FRANJA AMARILLA           2,469           2,470         48         20                           E-11579









EMPRESA NACIONAL DE MINERIA (ENM) PRODUCTOR          PACKING LIST                             PAG.  :   2
NATIONAL MINING COMPANY                       CODIGO DE LOTE   : E-11535                      FECHA :03/06/2022
                                              -----------------------------
FLUJO        : 
DESCRIPCION  : CATODOS GRADO A
N° INSTR. DE EMBARQUE : 27364
CLIENTE      : CAUTIN
Lote Sipa    : 22050358

----------------------------------------------------------------------------------------------------------------------------- 
MARCA       DESCRIPCION         PESO NETO      PESO BRUTO     GRUPO     UNIDADES       UBICACION         SERIE                
-----------------------------------------------------------------------------------------------------------------------------

01AM    FRANJA AMARILLA           2,405           2,406         27         20                           E-11580
01AM    FRANJA AMARILLA           2,517           2,518         27         20                           E-11581
01AM    FRANJA AMARILLA           2,189           2,190         48         20                           E-11582
01AM    FRANJA AMARILLA           2,171           2,172         48         20                           E-11583
01AM    FRANJA AMARILLA           2,141           2,142         48         20                           E-11584
01AM    FRANJA AMARILLA           2,225           2,226         48         20                           E-11585
01AM    FRANJA AMARILLA           2,369           2,370         27         20                           E-11586
01AM    FRANJA AMARILLA           2,203           2,204         27         20                           E-11587
01AM    FRANJA AMARILLA           2,470           2,471         27         20                           E-11588
01AM    FRANJA AMARILLA           2,328           2,329         27         20                           E-11589
01AM    FRANJA AMARILLA           2,485           2,486         27         20                           E-11590
01AM    FRANJA AMARILLA           2,559           2,560         27         20                           E-11591
01AM    FRANJA AMARILLA           2,411           2,412         27         20                           E-11592
01AM    FRANJA AMARILLA           2,317           2,318         27         20                           E-11593
01AM    FRANJA AMARILLA           2,457           2,458         27         20                           E-11594
01AM    FRANJA AMARILLA           2,461           2,462         27         20                           E-11595
01AM    FRANJA AMARILLA           2,406           2,407         27         20                           E-11596
01AM    FRANJA AMARILLA           2,359           2,360         27         20                           E-11597
01AM    FRANJA AMARILLA           2,441           2,442         27         20                           E-11598
01AM    FRANJA AMARILLA           2,280           2,281         11         20                           E-11599
01AM    FRANJA AMARILLA           2,498           2,499         11         20                           E-11600
01AM    FRANJA AMARILLA           2,400           2,401         27         20                           E-11601
01AM    FRANJA AMARILLA           1,973           1,974         27         20                           E-11602
01AM    FRANJA AMARILLA           2,183           2,184         27         20                           E-11603
01AM    FRANJA AMARILLA           2,209           2,210         48         20                           E-11604
01AM    FRANJA AMARILLA           2,384           2,385         27         20                           E-11605
01AM    FRANJA AMARILLA           2,429           2,430         27         20                           E-11606
01AM    FRANJA AMARILLA           2,499           2,500         27         20                           E-11607
01AM    FRANJA AMARILLA           2,446           2,447         27         20                           E-11608
01AM    FRANJA AMARILLA           2,124           2,125         27         20                           E-11609
01AM    FRANJA AMARILLA           2,473           2,474         27         20                           E-11610
01AM    FRANJA AMARILLA           2,359           2,360         35         20                           E-11611
01AM    FRANJA AMARILLA           2,255           2,256         35         20                           E-11612
01AM    FRANJA AMARILLA           2,484           2,485         27         20                           E-11613
01AM    FRANJA AMARILLA           2,523           2,524         27         20                           E-11614
01AM    FRANJA AMARILLA           2,180           2,181         27         20                           E-11615
01AM    FRANJA AMARILLA           2,209           2,210         27         20                           E-11616
01AM    FRANJA AMARILLA           2,391           2,392         27         20                           E-11617
01AM    FRANJA AMARILLA           2,374           2,375         27         20                           E-11618
01AM    FRANJA AMARILLA           2,359           2,360         27         20                           E-11619
01AM    FRANJA AMARILLA           2,189           2,190         27         20                           E-11620
01AM    FRANJA AMARILLA           2,255           2,256         11         20                           E-11621
01AM    FRANJA AMARILLA           2,377           2,378         11         20                           E-11622
01AM    FRANJA AMARILLA           2,447           2,448         27         20                           E-11623
01AM    FRANJA AMARILLA           2,329           2,330         27         20                           E-11624









EMPRESA NACIONAL DE MINERIA (ENM) PRODUCTOR          PACKING LIST                             PAG.  :   3
NATIONAL MINING COMPANY                       CODIGO DE LOTE   : E-11535                      FECHA :03/06/2022
                                              -----------------------------
FLUJO        : 
DESCRIPCION  : CATODOS GRADO A
N° INSTR. DE EMBARQUE : 27364
CLIENTE      : CAUTIN
Lote Sipa    : 22050358

----------------------------------------------------------------------------------------------------------------------------- 
MARCA       DESCRIPCION         PESO NETO      PESO BRUTO     GRUPO     UNIDADES       UBICACION         SERIE                
-----------------------------------------------------------------------------------------------------------------------------

01AM    FRANJA AMARILLA           2,355           2,356         11         20                           E-11625
01AM    FRANJA AMARILLA           2,459           2,460         11         20                           E-11626
01AM    FRANJA AMARILLA           2,503           2,504         11         20                           E-11627
01AM    FRANJA AMARILLA           2,438           2,439         11         20                           E-11628
01AM    FRANJA AMARILLA           2,334           2,335         27         20                           E-11629
01AM    FRANJA AMARILLA           2,245           2,246         27         20                           E-11630
01AM    FRANJA AMARILLA           2,241           2,242         11         20                           E-11631
01AM    FRANJA AMARILLA           2,282           2,283         27         20                           E-11632
01AM    FRANJA AMARILLA           2,361           2,362         27         20                           E-11633
01AM    FRANJA AMARILLA           2,549           2,550         27         20                           E-11634
01AM    FRANJA AMARILLA           2,281           2,282         27         20                           E-11635
01AM    FRANJA AMARILLA           2,363           2,364         11         20                           E-11636
01AM    FRANJA AMARILLA           2,315           2,316         27         20                           E-11637
01AM    FRANJA AMARILLA           2,449           2,450         11         20                           E-11638
01AM    FRANJA AMARILLA           2,451           2,452         11         20                           E-11639
01AM    FRANJA AMARILLA           2,475           2,476         48         20                           E-11640
01AM    FRANJA AMARILLA           2,532           2,533         48         20                           E-11641
01AM    FRANJA AMARILLA           2,204           2,205         48         20                           E-11642
01AM    FRANJA AMARILLA           2,507           2,508         48         20                           E-11643
01AM    FRANJA AMARILLA           2,155           2,156         27         20                           E-11644
01AM    FRANJA AMARILLA           2,333           2,334         27         20                           E-11645
01AM    FRANJA AMARILLA           2,345           2,346         11         20                           E-11646
01AM    FRANJA AMARILLA           2,366           2,367         11         20                           E-11647
01AM    FRANJA AMARILLA           2,163           2,164         27         20                           E-11648
01AM    FRANJA AMARILLA           2,501           2,502         48         20                           E-11649
01AM    FRANJA AMARILLA           2,501           2,502         27         20                           E-11650
01AM    FRANJA AMARILLA           2,355           2,356         27         20                           E-11651
01AM    FRANJA AMARILLA           2,477           2,478         27         20                           E-11652
01AM    FRANJA AMARILLA           2,340           2,341         11         20                           E-11653
01AM    FRANJA AMARILLA           2,304           2,305         27         20                           E-11654
01AM    FRANJA AMARILLA           2,550           2,551         23         20                           E-11655
01AM    FRANJA AMARILLA           2,506           2,507         23         20                           E-11656
01AM    FRANJA AMARILLA           2,141           2,142         27         20                           E-11657
01AM    FRANJA AMARILLA           2,250           2,251         27         20                           E-11658
01AM    FRANJA AMARILLA           2,361           2,362         37         20                           E-11659
01AM    FRANJA AMARILLA           2,378           2,379         37         20                           E-11660
01AM    FRANJA AMARILLA           2,483           2,484         37         20                           E-11661


------------------------------------------------------------------------------------------------------------------------
T.SUB-LOTES              TOT.PAQUETES =127      TOT.UNID. = 2540   T/P NETO (kg) = 299,958      T/P BRUTO (kg) = 300,085
------------------------------------------------------------------------------------------------------------------------
