
EMPRESA NACIONAL DE MINERIA (ENM) PRODUCTOR          PACKING LIST                             PAG.  :   1
NATIONAL MINING COMPANY                       CODIGO DE LOTE   : I-10981                      FECHA :23/09/2019
                                              -----------------------------
FLUJO        : 
DESCRIPCION  : CATODOS GRADO A
N° INSTR. DE EMBARQUE : 25521
CLIENTE      : MAERSK EUPHRATE
Lote Sipa    : 19090210

----------------------------------------------------------------------------------------------------------------------------- 
MARCA       DESCRIPCION         PESO NETO      PESO BRUTO     GRUPO     UNIDADES       UBICACION         SERIE                
-----------------------------------------------------------------------------------------------------------------------------

V0CE    V CELESTE                 2,118           2,119         16         20                           I-10981
V0CE    V CELESTE                 2,288           2,289         36         20                           I-10982
V0CE    V CELESTE                 2,244           2,245         16         20                           I-10983
V0CE    V CELESTE                 2,193           2,194         16         20                           I-10984
V0CE    V CELESTE                 2,293           2,294         16         20                           I-10985
V0CE    V CELESTE                 2,173           2,174         16         20                           I-10986
V0CE    V CELESTE                 2,172           2,173         16         20                           I-10987
V0CE    V CELESTE                 2,142           2,143         16         20                           I-10988
V0CE    V CELESTE                 2,212           2,213         36         20                           I-10989
V0CE    V CELESTE                 2,281           2,282         36         20                           I-10990
V0CE    V CELESTE                 2,221           2,222         16         20                           I-10991
V0CE    V CELESTE                 2,012           2,013         36         20                           I-10992
V0CE    V CELESTE                 1,982           1,983         36         20                           I-10993
V0CE    V CELESTE                 2,280           2,281         06         20                           I-10994
V0CE    V CELESTE                 2,226           2,227         16         20                           I-10995
V0CE    V CELESTE                 2,254           2,255         36         20                           I-10996
V0CE    V CELESTE                 2,239           2,240         16         20                           I-10997
V0CE    V CELESTE                 2,247           2,248         16         20                           I-10998
V0CE    V CELESTE                 2,192           2,193         36         20                           I-10999
V0CE    V CELESTE                 2,282           2,283         36         20                           I-11000
V0CE    V CELESTE                 2,188           2,189         36         20                           I-11001
V0CE    V CELESTE                 2,242           2,243         16         20                           I-11002
V0CE    V CELESTE                 2,263           2,264         48         20                           I-11003
V0CE    V CELESTE                 2,264           2,265         36         20                           I-11004
V0CE    V CELESTE                 2,268           2,269         36         20                           I-11005
V0CE    V CELESTE                 2,303           2,304         16         20                           I-11006
V0CE    V CELESTE                 2,211           2,212         06         20                           I-11007
V0CE    V CELESTE                 2,417           2,418         36         20                           I-11008
V0CE    V CELESTE                 2,024           2,025         36         20                           I-11009
V0CE    V CELESTE                 1,918           1,919         06         20                           I-11010
V0CE    V CELESTE                 1,935           1,936         29         20                           I-11011
V0CE    V CELESTE                 2,038           2,039         48         20                           I-11012
V0CE    V CELESTE                 2,347           2,348         36         20                           I-11013
V0CE    V CELESTE                 2,102           2,103         36         20                           I-11014
V0CE    V CELESTE                 1,967           1,968         36         20                           I-11015
V0CE    V CELESTE                 2,011           2,012         48         20                           I-11016
V0CE    V CELESTE                 2,210           2,211         36         20                           I-11017
V0CE    V CELESTE                 2,196           2,197         36         20                           I-11018
V0CE    V CELESTE                 1,934           1,935         29         20                           I-11019
V0CE    V CELESTE                 2,226           2,227         36         20                           I-11020
V0CE    V CELESTE                 2,008           2,009         36         20                           I-11021
V0CE    V CELESTE                 2,219           2,220         36         20                           I-11022
V0CE    V CELESTE                 2,176           2,177         36         20                           I-11023
V0CE    V CELESTE                 1,921           1,922         48         20                           I-11024
V0CE    V CELESTE                 2,361           2,362         16         20                           I-11025









EMPRESA NACIONAL DE MINERIA (ENM) PRODUCTOR          PACKING LIST                             PAG.  :   2
NATIONAL MINING COMPANY                       CODIGO DE LOTE   : I-10981                      FECHA :23/09/2019
                                              -----------------------------
FLUJO        : 
DESCRIPCION  : CATODOS GRADO A
N° INSTR. DE EMBARQUE : 25521
CLIENTE      : MAERSK EUPHRATE
Lote Sipa    : 19090210

----------------------------------------------------------------------------------------------------------------------------- 
MARCA       DESCRIPCION         PESO NETO      PESO BRUTO     GRUPO     UNIDADES       UBICACION         SERIE                
-----------------------------------------------------------------------------------------------------------------------------

V0CE    V CELESTE                 2,020           2,021         36         20                           I-11026
V0CE    V CELESTE                 2,133           2,134         36         20                           I-11027
V0CE    V CELESTE                 2,117           2,118         36         20                           I-11028
V0CE    V CELESTE                 2,017           2,018         36         20                           I-11029
V0CE    V CELESTE                 2,056           2,057         48         20                           I-11030
V0CE    V CELESTE                 1,965           1,966         36         20                           I-11031
V0CE    V CELESTE                 2,112           2,113         29         20                           I-11032
V0CE    V CELESTE                 2,048           2,049         29         20                           I-11033
V0CE    V CELESTE                 2,047           2,048         36         20                           I-11034
V0CE    V CELESTE                 1,983           1,984         29         20                           I-11035
V0CE    V CELESTE                 2,048           2,049         29         20                           I-11036
V0CE    V CELESTE                 1,911           1,912         48         20                           I-11037
V0CE    V CELESTE                 2,008           2,009         48         20                           I-11038
V0CE    V CELESTE                 2,055           2,056         48         20                           I-11039
V0CE    V CELESTE                 2,193           2,194         48         20                           I-11040
V0CE    V CELESTE                 2,026           2,027         48         20                           I-11041
V0CE    V CELESTE                 2,084           2,085         29         20                           I-11042
V0CE    V CELESTE                 2,027           2,028         36         20                           I-11043
V0CE    V CELESTE                 2,247           2,248         36         20                           I-11044
V0CE    V CELESTE                 2,001           2,002         36         20                           I-11045
V0CE    V CELESTE                 1,989           1,990         48         20                           I-11046
V0CE    V CELESTE                 2,311           2,312         36         20                           I-11047
V0CE    V CELESTE                 2,101           2,102         48         20                           I-11048
V0CE    V CELESTE                 2,001           2,002         29         20                           I-11049
V0CE    V CELESTE                 2,113           2,114         36         20                           I-11050
V0CE    V CELESTE                 2,170           2,171         36         20                           I-11051
V0CE    V CELESTE                 2,055           2,056         48         20                           I-11052
V0CE    V CELESTE                 2,001           2,002         29         20                           I-11053
V0CE    V CELESTE                 2,105           2,106         36         20                           I-11054
V0CE    V CELESTE                 2,088           2,089         36         20                           I-11055
V0CE    V CELESTE                 2,028           2,029         36         20                           I-11056
V0CE    V CELESTE                 2,023           2,024         29         20                           I-11057
V0CE    V CELESTE                 1,962           1,963         29         20                           I-11058
V0CE    V CELESTE                 2,075           2,076         29         20                           I-11059
V0CE    V CELESTE                 2,046           2,047         29         20                           I-11060
V0CE    V CELESTE                 2,072           2,073         48         20                           I-11061
V0CE    V CELESTE                 1,954           1,955         48         20                           I-11062
V0CE    V CELESTE                 2,264           2,265         36         20                           I-11063
V0CE    V CELESTE                 2,144           2,145         48         20                           I-11064
V0CE    V CELESTE                 2,207           2,208         36         20                           I-11065
V0CE    V CELESTE                 2,159           2,160         36         20                           I-11066
V0CE    V CELESTE                 2,003           2,004         47         20                           I-11067
V0CE    V CELESTE                 1,966           1,967         47         20                           I-11068
V0CE    V CELESTE                 2,103           2,104         29         20                           I-11069
V0CE    V CELESTE                 2,157           2,158         47         20                           I-11070









EMPRESA NACIONAL DE MINERIA (ENM) PRODUCTOR          PACKING LIST                             PAG.  :   3
NATIONAL MINING COMPANY                       CODIGO DE LOTE   : I-10981                      FECHA :23/09/2019
                                              -----------------------------
FLUJO        : 
DESCRIPCION  : CATODOS GRADO A
N° INSTR. DE EMBARQUE : 25521
CLIENTE      : MAERSK EUPHRATE
Lote Sipa    : 19090210

----------------------------------------------------------------------------------------------------------------------------- 
MARCA       DESCRIPCION         PESO NETO      PESO BRUTO     GRUPO     UNIDADES       UBICACION         SERIE                
-----------------------------------------------------------------------------------------------------------------------------

V0CE    V CELESTE                 2,365           2,366         47         20                           I-11071
V0CE    V CELESTE                 2,417           2,418         48         20                           I-11072
V0CE    V CELESTE                 2,056           2,057         29         20                           I-11073
V0CE    V CELESTE                 2,123           2,124         06         20                           I-11074


------------------------------------------------------------------------------------------------------------------------
T.SUB-LOTES              TOT.PAQUETES =94      TOT.UNID. = 1880   T/P NETO (kg) = 199,956      T/P BRUTO (kg) = 200,050
------------------------------------------------------------------------------------------------------------------------
