
EMPRESA NACIONAL DE MINERIA (ENM) PRODUCTOR          PACKING LIST                             PAG.  :   1
NATIONAL MINING COMPANY                       CODIGO DE LOTE   : J-2883                      FECHA :25/10/2023
                                              -----------------------------
FLUJO        : 
DESCRIPCION  : CATODOS EW CERRO NEGRO
N° INSTR. DE EMBARQUE : 931597
CLIENTE      : 
Lote Sipa    : 23100585

----------------------------------------------------------------------------------------------------------------------------- 
MARCA       DESCRIPCION         PESO NETO      PESO BRUTO     GRUPO     UNIDADES       UBICACION         SERIE                
-----------------------------------------------------------------------------------------------------------------------------

08BL    8 BLANCO                  1,994           1,995                    43                           J-2883 
08BL    8 BLANCO                  2,079           2,080                    29                           J-2884 
08BL    8 BLANCO                  2,025           2,026                    28                           J-2885 
08BL    8 BLANCO                  2,067           2,068                    28                           J-2886 
08BL    8 BLANCO                  2,023           2,024                    28                           J-2887 
08BL    8 BLANCO                  2,014           2,015                    28                           J-2888 
08BL    8 BLANCO                  2,023           2,024                    43                           J-2889 
08BL    8 BLANCO                  2,040           2,041                    30                           J-2890 
08BL    8 BLANCO                  1,967           1,968                    32                           J-2891 
08BL    8 BLANCO                  1,960           1,961                    42                           J-2892 
08BL    8 BLANCO                  2,020           2,021                    41                           J-2893 
08BL    8 BLANCO                  2,061           2,062                    41                           J-2894 
08BL    8 BLANCO                  2,015           2,016                    30                           J-2895 
08BL    8 BLANCO                  2,036           2,037                    41                           J-2896 
08BL    8 BLANCO                  2,006           2,007                    40                           J-2897 


------------------------------------------------------------------------------------------------------------------------
T.SUB-LOTES              TOT.PAQUETES =15      TOT.UNID. = 524   T/P NETO (kg) = 30,330      T/P BRUTO (kg) = 30,345
------------------------------------------------------------------------------------------------------------------------
