
EMPRESA NACIONAL DE MINERIA (ENM) PRODUCTOR          PACKING LIST                             PAG.  :   1
NATIONAL MINING COMPANY                       CODIGO DE LOTE   : B-2303                      FECHA :20/02/2023
                                              -----------------------------
FLUJO        : 
DESCRIPCION  : CATODOS EW TALTAL
N° INSTR. DE EMBARQUE : 930556
CLIENTE      : 
Lote Sipa    : 23020414

----------------------------------------------------------------------------------------------------------------------------- 
MARCA       DESCRIPCION         PESO NETO      PESO BRUTO     GRUPO     UNIDADES       UBICACION         SERIE                
-----------------------------------------------------------------------------------------------------------------------------

15CE    15 FRANJAS CELESTES       1,958           1,959                    70                           B-2303 
15CE    15 FRANJAS CELESTES       2,005           2,006                    59                           B-2304 
15CE    15 FRANJAS CELESTES       2,022           2,023                    58                           B-2305 
15CE    15 FRANJAS CELESTES       1,978           1,979                    70                           B-2306 
15CE    15 FRANJAS CELESTES       1,967           1,968                    70                           B-2307 
15CE    15 FRANJAS CELESTES       2,029           2,030                    66                           B-2308 
15CE    15 FRANJAS CELESTES       1,966           1,967                    70                           B-2309 
15CE    15 FRANJAS CELESTES       1,982           1,983                    70                           B-2310 
15CE    15 FRANJAS CELESTES       1,987           1,988                    59                           B-2311 
15CE    15 FRANJAS CELESTES       1,972           1,973                    70                           B-2312 
15CE    15 FRANJAS CELESTES       1,988           1,989                    56                           B-2313 
15CE    15 FRANJAS CELESTES       2,018           2,019                    57                           B-2314 
15CE    15 FRANJAS CELESTES       2,031           2,032                    56                           B-2315 
15CE    15 FRANJAS CELESTES       2,029           2,030                    54                           B-2316 


------------------------------------------------------------------------------------------------------------------------
T.SUB-LOTES              TOT.PAQUETES =14      TOT.UNID. = 885   T/P NETO (kg) = 27,932      T/P BRUTO (kg) = 27,946
------------------------------------------------------------------------------------------------------------------------
