
EMPRESA NACIONAL DE MINERIA (ENM) PRODUCTOR          PACKING LIST                             PAG.  :   1
NATIONAL MINING COMPANY                       CODIGO DE LOTE   : E-2066                      FECHA :26/07/2021
                                              -----------------------------
FLUJO        : 
DESCRIPCION  : CATODOS EW TALTAL
N° INSTR. DE EMBARQUE : 26777
CLIENTE      : CARLOTTA STAR
Lote Sipa    : 21060288

----------------------------------------------------------------------------------------------------------------------------- 
MARCA       DESCRIPCION         PESO NETO      PESO BRUTO     GRUPO     UNIDADES       UBICACION         SERIE                
-----------------------------------------------------------------------------------------------------------------------------

01AM    FRANJA AMARILLA           2,017           2,018                    80                           E-2066 
01AM    FRANJA AMARILLA           2,027           2,028                    66                           E-2067 
01AM    FRANJA AMARILLA           2,022           2,023                    70                           E-2068 
01AM    FRANJA AMARILLA           1,995           1,996                    64                           E-2069 
01AM    FRANJA AMARILLA           2,021           2,022                    61                           E-2070 
01AM    FRANJA AMARILLA           2,013           2,014                    74                           E-2071 
01AM    FRANJA AMARILLA           2,031           2,032                    66                           E-2072 
01AM    FRANJA AMARILLA           2,009           2,010                    77                           E-2073 
01AM    FRANJA AMARILLA           2,013           2,014                    72                           E-2074 
01AM    FRANJA AMARILLA           2,011           2,012                    71                           E-2075 
01AM    FRANJA AMARILLA           1,997           1,998                    69                           E-2076 
01AM    FRANJA AMARILLA           2,003           2,004                    68                           E-2077 
01AM    FRANJA AMARILLA           2,021           2,022                    61                           E-2078 
01AM    FRANJA AMARILLA           2,029           2,030                    73                           E-2080 
01AM    FRANJA AMARILLA           2,014           2,015                    77                           E-2081 
01AM    FRANJA AMARILLA           2,006           2,007                    80                           E-2082 
01AM    FRANJA AMARILLA           2,013           2,014                    87                           E-2083 
01AM    FRANJA AMARILLA           1,995           1,996                    73                           E-2084 
01AM    FRANJA AMARILLA           2,029           2,030                    75                           E-2085 
01AM    FRANJA AMARILLA           2,017           2,018                    80                           E-2086 
01AM    FRANJA AMARILLA           2,024           2,025                    67                           E-2087 
01AM    FRANJA AMARILLA           2,010           2,011                    71                           E-2088 
01AM    FRANJA AMARILLA           2,008           2,009                    65                           E-2089 
01AM    FRANJA AMARILLA           2,003           2,004                    71                           E-2090 
01AM    FRANJA AMARILLA           2,029           2,030                    70                           E-2091 
01AM    FRANJA AMARILLA           2,010           2,011                    69                           E-2092 
01AM    FRANJA AMARILLA           2,002           2,003                    60                           E-2095 
01AM    FRANJA AMARILLA           2,032           2,033                    65                           E-2096 
01AM    FRANJA AMARILLA           2,019           2,020                    67                           E-2097 
01AM    FRANJA AMARILLA           2,008           2,009                    70                           E-2098 
01AM    FRANJA AMARILLA           2,017           2,018                    68                           E-2099 
01AM    FRANJA AMARILLA           2,011           2,012                    64                           E-2100 
01AM    FRANJA AMARILLA           2,001           2,002                    68                           E-2101 
01AM    FRANJA AMARILLA           2,010           2,011                    78                           E-2102 
01AM    FRANJA AMARILLA           2,003           2,004                    65                           E-2103 
01AM    FRANJA AMARILLA           2,022           2,023                    67                           E-2104 
01AM    FRANJA AMARILLA           2,009           2,010                    71                           E-2105 
01AM    FRANJA AMARILLA           2,034           2,035                    65                           E-2106 
01AM    FRANJA AMARILLA           1,995           1,996                    70                           E-2107 
01AM    FRANJA AMARILLA           2,025           2,026                    75                           E-2108 
01AM    FRANJA AMARILLA           2,017           2,018                    67                           E-2110 
01AM    FRANJA AMARILLA           2,008           2,009                    84                           E-2111 
01AM    FRANJA AMARILLA           2,017           2,018                    83                           E-2112 
01AM    FRANJA AMARILLA           2,003           2,004                    86                           E-2113 
01AM    FRANJA AMARILLA           2,005           2,006                    74                           E-2114 









EMPRESA NACIONAL DE MINERIA (ENM) PRODUCTOR          PACKING LIST                             PAG.  :   2
NATIONAL MINING COMPANY                       CODIGO DE LOTE   : E-2066                      FECHA :26/07/2021
                                              -----------------------------
FLUJO        : 
DESCRIPCION  : CATODOS EW TALTAL
N° INSTR. DE EMBARQUE : 26777
CLIENTE      : CARLOTTA STAR
Lote Sipa    : 21060288

----------------------------------------------------------------------------------------------------------------------------- 
MARCA       DESCRIPCION         PESO NETO      PESO BRUTO     GRUPO     UNIDADES       UBICACION         SERIE                
-----------------------------------------------------------------------------------------------------------------------------

01AM    FRANJA AMARILLA           2,013           2,014                    76                           E-2115 
01AM    FRANJA AMARILLA           2,012           2,013                    83                           E-2116 
01AM    FRANJA AMARILLA           2,004           2,005                    82                           E-2117 
01AM    FRANJA AMARILLA           2,019           2,020                    76                           E-2118 
01AM    FRANJA AMARILLA           2,011           2,012                    80                           E-2119 
01AM    FRANJA AMARILLA           2,015           2,016                    73                           E-2120 
01AM    FRANJA AMARILLA           2,003           2,004                    66                           E-2121 
01AM    FRANJA AMARILLA           1,991           1,992                    76                           E-2122 
01AM    FRANJA AMARILLA           2,006           2,007                    79                           E-2123 
01AM    FRANJA AMARILLA           2,014           2,015                    81                           E-2140 
01AM    FRANJA AMARILLA           2,028           2,029                    72                           E-2141 
01AM    FRANJA AMARILLA           2,018           2,019                    71                           E-2142 
01AM    FRANJA AMARILLA           2,012           2,013                    70                           E-2143 
01AM    FRANJA AMARILLA           2,010           2,011                    81                           E-2144 
01AM    FRANJA AMARILLA           2,002           2,003                    68                           E-2145 
01AM    FRANJA AMARILLA           2,017           2,018                    70                           E-2146 
01AM    FRANJA AMARILLA           2,004           2,005                    70                           E-2147 
01AM    FRANJA AMARILLA           2,025           2,026                    85                           E-2148 
01AM    FRANJA AMARILLA           2,016           2,017                    69                           E-2149 
01AM    FRANJA AMARILLA           2,009           2,010                    75                           E-2150 
01AM    FRANJA AMARILLA           2,007           2,008                    75                           E-2151 
01AM    FRANJA AMARILLA           2,017           2,018                    75                           E-2152 
01AM    FRANJA AMARILLA           2,018           2,019                    68                           E-2153 
01AM    FRANJA AMARILLA           2,022           2,023                    67                           E-2155 
01AM    FRANJA AMARILLA           2,015           2,016                    76                           E-2156 
01AM    FRANJA AMARILLA           2,026           2,027                    69                           E-2157 
01AM    FRANJA AMARILLA           2,022           2,023                    78                           E-2158 
01AM    FRANJA AMARILLA           2,001           2,002                    74                           E-2159 
01AM    FRANJA AMARILLA           2,028           2,029                    75                           E-2160 
01AM    FRANJA AMARILLA           2,011           2,012                    69                           E-2161 
01AM    FRANJA AMARILLA           2,004           2,005                    67                           E-2162 
01AM    FRANJA AMARILLA           2,014           2,015                    66                           E-2163 
01AM    FRANJA AMARILLA           2,029           2,030                    64                           E-2164 
01AM    FRANJA AMARILLA           2,004           2,005                    69                           E-2165 
01AM    FRANJA AMARILLA           2,025           2,026                    72                           E-2166 
01AM    FRANJA AMARILLA           2,015           2,016                    67                           E-2167 
01AM    FRANJA AMARILLA           2,004           2,005                    75                           E-2168 
01AM    FRANJA AMARILLA           2,000           2,001                    71                           E-2236 
01AM    FRANJA AMARILLA           2,026           2,027                    79                           E-2237 
01AM    FRANJA AMARILLA           2,002           2,003                    76                           E-2238 
01AM    FRANJA AMARILLA           2,001           2,002                    69                           E-2239 
01AM    FRANJA AMARILLA           2,005           2,006                    68                           E-2240 
01AM    FRANJA AMARILLA           2,011           2,012                    74                           E-2241 
01AM    FRANJA AMARILLA           2,020           2,021                    69                           E-2242 
01AM    FRANJA AMARILLA           2,026           2,027                    72                           E-2243 









EMPRESA NACIONAL DE MINERIA (ENM) PRODUCTOR          PACKING LIST                             PAG.  :   3
NATIONAL MINING COMPANY                       CODIGO DE LOTE   : E-2066                      FECHA :26/07/2021
                                              -----------------------------
FLUJO        : 
DESCRIPCION  : CATODOS EW TALTAL
N° INSTR. DE EMBARQUE : 26777
CLIENTE      : CARLOTTA STAR
Lote Sipa    : 21060288

----------------------------------------------------------------------------------------------------------------------------- 
MARCA       DESCRIPCION         PESO NETO      PESO BRUTO     GRUPO     UNIDADES       UBICACION         SERIE                
-----------------------------------------------------------------------------------------------------------------------------

01AM    FRANJA AMARILLA           2,027           2,028                    65                           E-2244 
01AM    FRANJA AMARILLA           2,029           2,030                    70                           E-2245 
01AM    FRANJA AMARILLA           2,017           2,018                    82                           E-2246 
01AM    FRANJA AMARILLA           1,989           1,990                    73                           E-2247 
01AM    FRANJA AMARILLA           2,010           2,011                    67                           E-2248 
01AM    FRANJA AMARILLA           2,016           2,017                    71                           E-2249 
01AM    FRANJA AMARILLA           2,012           2,013                    98                           F-2021 
01AM    FRANJA AMARILLA           2,022           2,023                    97                           F-2022 
01AM    FRANJA AMARILLA           2,004           2,005                    100                          F-2023 
01AM    FRANJA AMARILLA           2,026           2,027                    65                           F-2024 
01AM    FRANJA AMARILLA           2,021           2,022                    89                           F-2025 
01AM    FRANJA AMARILLA           2,007           2,008                    92                           F-2026 
01AM    FRANJA AMARILLA           2,007           2,008                    95                           F-2027 
01AM    FRANJA AMARILLA           1,999           2,000                    66                           F-2028 
01AM    FRANJA AMARILLA           2,006           2,007                    69                           F-2029 
01AM    FRANJA AMARILLA           2,008           2,009                    61                           F-2030 
01AM    FRANJA AMARILLA           2,017           2,018                    61                           F-2031 
01AM    FRANJA AMARILLA           2,025           2,026                    69                           F-2032 
01AM    FRANJA AMARILLA           2,009           2,010                    70                           F-2033 
01AM    FRANJA AMARILLA           2,017           2,018                    63                           F-2034 
01AM    FRANJA AMARILLA           2,041           2,042                    67                           F-2036 
01AM    FRANJA AMARILLA           2,000           2,001                    71                           F-2037 
01AM    FRANJA AMARILLA           2,011           2,012                    75                           F-2038 
01AM    FRANJA AMARILLA           2,006           2,007                    85                           F-2039 
01AM    FRANJA AMARILLA           2,015           2,016                    64                           F-2040 
01AM    FRANJA AMARILLA           2,026           2,027                    66                           F-2041 
01AM    FRANJA AMARILLA           2,013           2,014                    72                           F-2042 
01AM    FRANJA AMARILLA           2,041           2,042                    68                           F-2043 
01AM    FRANJA AMARILLA           2,026           2,027                    67                           F-2044 
01AM    FRANJA AMARILLA           2,033           2,034                    69                           F-2045 
01AM    FRANJA AMARILLA           2,022           2,023                    67                           F-2046 
01AM    FRANJA AMARILLA           2,020           2,021                    75                           F-2047 
01AM    FRANJA AMARILLA           1,997           1,998                    79                           F-2048 
01AM    FRANJA AMARILLA           2,009           2,010                    75                           F-2049 
01AM    FRANJA AMARILLA           2,012           2,013                    67                           F-2051 
01AM    FRANJA AMARILLA           2,000           2,001                    64                           F-2052 
01AM    FRANJA AMARILLA           2,013           2,014                    69                           F-2053 
01AM    FRANJA AMARILLA           2,009           2,010                    64                           F-2054 
01AM    FRANJA AMARILLA           2,008           2,009                    66                           F-2055 
01AM    FRANJA AMARILLA           2,024           2,025                    71                           F-2056 
01AM    FRANJA AMARILLA           2,015           2,016                    71                           F-2057 
01AM    FRANJA AMARILLA           2,008           2,009                    68                           F-2058 
01AM    FRANJA AMARILLA           2,009           2,010                    71                           F-2059 
01AM    FRANJA AMARILLA           2,032           2,033                    65                           F-2060 
01AM    FRANJA AMARILLA           2,016           2,017                    65                           F-2061 









EMPRESA NACIONAL DE MINERIA (ENM) PRODUCTOR          PACKING LIST                             PAG.  :   4
NATIONAL MINING COMPANY                       CODIGO DE LOTE   : E-2066                      FECHA :26/07/2021
                                              -----------------------------
FLUJO        : 
DESCRIPCION  : CATODOS EW TALTAL
N° INSTR. DE EMBARQUE : 26777
CLIENTE      : CARLOTTA STAR
Lote Sipa    : 21060288

----------------------------------------------------------------------------------------------------------------------------- 
MARCA       DESCRIPCION         PESO NETO      PESO BRUTO     GRUPO     UNIDADES       UBICACION         SERIE                
-----------------------------------------------------------------------------------------------------------------------------

01AM    FRANJA AMARILLA           2,007           2,008                    72                           F-2062 
01AM    FRANJA AMARILLA           2,004           2,005                    66                           F-2063 
01AM    FRANJA AMARILLA           2,015           2,016                    75                           F-2064 
01AM    FRANJA AMARILLA           2,031           2,032                    77                           F-2094 
01AM    FRANJA AMARILLA           2,009           2,010                    81                           F-2095 
01AM    FRANJA AMARILLA           2,006           2,007                    75                           F-2096 
01AM    FRANJA AMARILLA           2,018           2,019                    77                           F-2097 
01AM    FRANJA AMARILLA           2,020           2,021                    71                           F-2098 
01AM    FRANJA AMARILLA           2,017           2,018                    67                           F-2099 
01AM    FRANJA AMARILLA           2,020           2,021                    75                           F-2100 
01AM    FRANJA AMARILLA           2,014           2,015                    86                           F-2101 
01AM    FRANJA AMARILLA           2,010           2,011                    79                           F-2102 
01AM    FRANJA AMARILLA           2,016           2,017                    73                           F-2103 
01AM    FRANJA AMARILLA           2,016           2,017                    78                           F-2104 
01AM    FRANJA AMARILLA           2,012           2,013                    77                           F-2105 
01AM    FRANJA AMARILLA           2,003           2,004                    79                           F-2106 
01AM    FRANJA AMARILLA           2,020           2,021                    75                           F-2107 


------------------------------------------------------------------------------------------------------------------------
T.SUB-LOTES              TOT.PAQUETES =152      TOT.UNID. = 11038   T/P NETO (kg) = 306,099      T/P BRUTO (kg) = 306,251
------------------------------------------------------------------------------------------------------------------------
