
EMPRESA NACIONAL DE MINERIA (ENM) PRODUCTOR          PACKING LIST                             PAG.  :   1
NATIONAL MINING COMPANY                       CODIGO DE LOTE   : L-12316                      FECHA :02/12/2022
                                              -----------------------------
FLUJO        : 
DESCRIPCION  : CATODOS GRADO A
N° INSTR. DE EMBARQUE : 27725
CLIENTE      : GLS MELINA
Lote Sipa    : 

----------------------------------------------------------------------------------------------------------------------------- 
MARCA       DESCRIPCION         PESO NETO      PESO BRUTO     GRUPO     UNIDADES       UBICACION         SERIE                
-----------------------------------------------------------------------------------------------------------------------------

X2AM    EQUIS DOS FRANJAS AMARIL  2,555           2,556         16         20                           L-12316
X2AM    EQUIS DOS FRANJAS AMARIL  2,487           2,488         16         20                           L-12317
X2AM    EQUIS DOS FRANJAS AMARIL  2,588           2,589         16         20                           L-12318
X2AM    EQUIS DOS FRANJAS AMARIL  2,562           2,563         05         20                           L-12319
X2AM    EQUIS DOS FRANJAS AMARIL  2,480           2,481         05         20                           L-12320
X2AM    EQUIS DOS FRANJAS AMARIL  2,587           2,588         05         20                           L-12321
X2AM    EQUIS DOS FRANJAS AMARIL  2,495           2,496         16         20                           L-12322
X2AM    EQUIS DOS FRANJAS AMARIL  2,570           2,571         26         20                           L-12323
X2AM    EQUIS DOS FRANJAS AMARIL  2,568           2,569         26         20                           L-12324
X2AM    EQUIS DOS FRANJAS AMARIL  2,643           2,644         26         20                           L-12325
X2AM    EQUIS DOS FRANJAS AMARIL  2,481           2,482         39         20                           L-12326
X2AM    EQUIS DOS FRANJAS AMARIL  2,427           2,428         39         20                           L-12327
X2AM    EQUIS DOS FRANJAS AMARIL  2,475           2,476         39         20                           L-12328
X2AM    EQUIS DOS FRANJAS AMARIL  2,458           2,459         26         20                           L-12329
X2AM    EQUIS DOS FRANJAS AMARIL  2,449           2,450         26         20                           L-12330
X2AM    EQUIS DOS FRANJAS AMARIL  2,330           2,331         39         20                           L-12331
X2AM    EQUIS DOS FRANJAS AMARIL  2,345           2,346         39         20                           L-12332
X2AM    EQUIS DOS FRANJAS AMARIL  2,420           2,421         39         20                           L-12333
X2AM    EQUIS DOS FRANJAS AMARIL  2,537           2,538         26         20                           L-12334
X2AM    EQUIS DOS FRANJAS AMARIL  2,523           2,524         26         20                           L-12335


------------------------------------------------------------------------------------------------------------------------
T.SUB-LOTES              TOT.PAQUETES =20      TOT.UNID. = 400   T/P NETO (kg) = 49,980      T/P BRUTO (kg) = 50,000
------------------------------------------------------------------------------------------------------------------------
