
EMPRESA NACIONAL DE MINERIA (ENM) PRODUCTOR          PACKING LIST                             PAG.  :   1
NATIONAL MINING COMPANY                       CODIGO DE LOTE   : I-6459                      FECHA :11/09/2020
                                              -----------------------------
FLUJO        : 
DESCRIPCION  : CATODOS GRADO A
N° INSTR. DE EMBARQUE : 26213
CLIENTE      : ANTOFAGASTA EXPRESS
Lote Sipa    : 

----------------------------------------------------------------------------------------------------------------------------- 
MARCA       DESCRIPCION         PESO NETO      PESO BRUTO     GRUPO     UNIDADES       UBICACION         SERIE                
-----------------------------------------------------------------------------------------------------------------------------

V1VE    V FRANJA VERDE            2,327           2,328         11         20                           I-6459 
V1VE    V FRANJA VERDE            2,176           2,177         11         20                           I-6460 
V1VE    V FRANJA VERDE            2,245           2,246         11         20                           I-6461 
V1VE    V FRANJA VERDE            2,299           2,300         11         20                           I-6462 
V1VE    V FRANJA VERDE            2,348           2,349         11         20                           I-6463 
V1VE    V FRANJA VERDE            2,260           2,261         03         20                           I-6464 
V1VE    V FRANJA VERDE            2,339           2,340         11         20                           I-6465 
V1VE    V FRANJA VERDE            2,310           2,311         11         20                           I-6466 
V1VE    V FRANJA VERDE            2,228           2,229         35         20                           I-6467 
V1VE    V FRANJA VERDE            2,268           2,269         35         20                           I-6468 
V1VE    V FRANJA VERDE            2,522           2,523         11         20                           I-6469 
V1VE    V FRANJA VERDE            2,620           2,621         11         20                           I-6470 
V1VE    V FRANJA VERDE            2,517           2,518         11         20                           I-6471 
V1VE    V FRANJA VERDE            2,372           2,373         11         20                           I-6472 
V1VE    V FRANJA VERDE            2,389           2,390         11         20                           I-6473 
V1VE    V FRANJA VERDE            2,455           2,456         11         20                           I-6474 
V1VE    V FRANJA VERDE            2,499           2,500         35         20                           I-6475 
V1VE    V FRANJA VERDE            2,392           2,393         35         20                           I-6476 
V1VE    V FRANJA VERDE            2,494           2,495         35         20                           I-6477 
V1VE    V FRANJA VERDE            2,418           2,419         11         20                           I-6478 
V1VE    V FRANJA VERDE            2,528           2,529         11         20                           I-6479 
V1VE    V FRANJA VERDE            2,476           2,477         35         20                           I-6480 
V1VE    V FRANJA VERDE            2,531           2,532         11         20                           I-6481 
V1VE    V FRANJA VERDE            2,489           2,490         35         20                           I-6482 
V1VE    V FRANJA VERDE            2,175           2,176         11         20                           I-6483 
V1VE    V FRANJA VERDE            2,298           2,299         11         20                           I-6484 
V1VE    V FRANJA VERDE            2,491           2,492         11         20                           I-6485 
V1VE    V FRANJA VERDE            2,431           2,432         35         20                           I-6486 
V1VE    V FRANJA VERDE            2,358           2,359         11         20                           I-6487 
V1VE    V FRANJA VERDE            2,200           2,201         11         20                           I-6488 
V1VE    V FRANJA VERDE            2,504           2,505         35         20                           I-6489 
V1VE    V FRANJA VERDE            2,476           2,477         11         20                           I-6490 
V1VE    V FRANJA VERDE            2,476           2,477         11         20                           I-6491 
V1VE    V FRANJA VERDE            2,536           2,537         24         20                           I-6492 
V1VE    V FRANJA VERDE            2,432           2,433         35         20                           I-6493 
V1VE    V FRANJA VERDE            2,398           2,399         11         20                           I-6494 
V1VE    V FRANJA VERDE            2,523           2,524         11         20                           I-6495 
V1VE    V FRANJA VERDE            2,430           2,431         35         20                           I-6496 
V1VE    V FRANJA VERDE            2,501           2,502         11         20                           I-6497 
V1VE    V FRANJA VERDE            2,383           2,384         11         20                           I-6498 
V1VE    V FRANJA VERDE            2,491           2,492         24         20                           I-6499 
V1VE    V FRANJA VERDE            2,268           2,269         11         20                           I-6500 
V1VE    V FRANJA VERDE            2,512           2,513         11         20                           I-6501 
V1VE    V FRANJA VERDE            2,354           2,355         24         20                           I-6502 
V1VE    V FRANJA VERDE            2,417           2,418         11         20                           I-6503 









EMPRESA NACIONAL DE MINERIA (ENM) PRODUCTOR          PACKING LIST                             PAG.  :   2
NATIONAL MINING COMPANY                       CODIGO DE LOTE   : I-6459                      FECHA :11/09/2020
                                              -----------------------------
FLUJO        : 
DESCRIPCION  : CATODOS GRADO A
N° INSTR. DE EMBARQUE : 26213
CLIENTE      : ANTOFAGASTA EXPRESS
Lote Sipa    : 

----------------------------------------------------------------------------------------------------------------------------- 
MARCA       DESCRIPCION         PESO NETO      PESO BRUTO     GRUPO     UNIDADES       UBICACION         SERIE                
-----------------------------------------------------------------------------------------------------------------------------

V1VE    V FRANJA VERDE            2,476           2,477         24         20                           I-6504 
V1VE    V FRANJA VERDE            2,515           2,516         35         20                           I-6505 
V1VE    V FRANJA VERDE            2,508           2,509         24         20                           I-6506 
V1VE    V FRANJA VERDE            2,511           2,512         24         20                           I-6507 
V1VE    V FRANJA VERDE            2,381           2,382         24         20                           I-6508 
V1VE    V FRANJA VERDE            2,409           2,410         35         20                           I-6509 
V1VE    V FRANJA VERDE            2,522           2,523         24         20                           I-6510 
V1VE    V FRANJA VERDE            2,388           2,389         35         20                           I-6511 
V1VE    V FRANJA VERDE            2,534           2,535         24         20                           I-6512 
V1VE    V FRANJA VERDE            2,384           2,385         24         20                           I-6513 
V1VE    V FRANJA VERDE            2,457           2,458         11         20                           I-6514 
V1VE    V FRANJA VERDE            2,307           2,308         24         20                           I-6515 
V1VE    V FRANJA VERDE            2,448           2,449         24         20                           I-6516 
V1VE    V FRANJA VERDE            2,318           2,319         24         20                           I-6517 
V1VE    V FRANJA VERDE            2,456           2,457         24         20                           I-6518 
V1VE    V FRANJA VERDE            2,464           2,465         24         20                           I-6519 
V1VE    V FRANJA VERDE            2,251           2,252         24         20                           I-6520 
V1VE    V FRANJA VERDE            2,460           2,461         24         20                           I-6521 
V1VE    V FRANJA VERDE            2,363           2,364         35         20                           I-6522 
V1VE    V FRANJA VERDE            2,207           2,208         11         20                           I-6523 
V1VE    V FRANJA VERDE            2,331           2,332         24         20                           I-6524 
V1VE    V FRANJA VERDE            2,483           2,484         24         20                           I-6525 
V1VE    V FRANJA VERDE            2,407           2,408         35         20                           I-6526 
V1VE    V FRANJA VERDE            2,445           2,446         24         20                           I-6527 
V1VE    V FRANJA VERDE            2,456           2,457         24         20                           I-6528 
V1VE    V FRANJA VERDE            2,425           2,426         14         20                           I-6529 
V1VE    V FRANJA VERDE            2,481           2,482         14         20                           I-6530 
V1VE    V FRANJA VERDE            2,345           2,346         24         20                           I-6531 
V1VE    V FRANJA VERDE            2,313           2,314         24         20                           I-6532 
V1VE    V FRANJA VERDE            2,495           2,496         35         20                           I-6533 
V1VE    V FRANJA VERDE            2,498           2,499         14         20                           I-6534 
V1VE    V FRANJA VERDE            2,532           2,533         14         20                           I-6535 
V1VE    V FRANJA VERDE            2,396           2,397         24         20                           I-6536 
V1VE    V FRANJA VERDE            2,360           2,361         24         20                           I-6537 
V1VE    V FRANJA VERDE            2,411           2,412         24         20                           I-6538 
V1VE    V FRANJA VERDE            2,385           2,386         35         20                           I-6539 
V1VE    V FRANJA VERDE            2,180           2,181         24         20                           I-6540 
V1VE    V FRANJA VERDE            2,483           2,484         24         20                           I-6541 


------------------------------------------------------------------------------------------------------------------------
T.SUB-LOTES              TOT.PAQUETES =83      TOT.UNID. = 1660   T/P NETO (kg) = 199,941      T/P BRUTO (kg) = 200,024
------------------------------------------------------------------------------------------------------------------------
