
EMPRESA NACIONAL DE MINERIA (ENM) PRODUCTOR          PACKING LIST                             PAG.  :   1
NATIONAL MINING COMPANY                       CODIGO DE LOTE   : D-8934                      FECHA :18/04/2023
                                              -----------------------------
FLUJO        : 
DESCRIPCION  : CATODOS GRADO A
N° INSTR. DE EMBARQUE : 27917
CLIENTE      : SEASPAN BRIGHTNES
Lote Sipa    : 

----------------------------------------------------------------------------------------------------------------------------- 
MARCA       DESCRIPCION         PESO NETO      PESO BRUTO     GRUPO     UNIDADES       UBICACION         SERIE                
-----------------------------------------------------------------------------------------------------------------------------

01VE    FRANJA VERDE              2,483           2,484         29         20                           D-8934 
01VE    FRANJA VERDE              2,393           2,394         29         20                           D-8935 
01VE    FRANJA VERDE              2,333           2,334         29         20                           D-8936 
01VE    FRANJA VERDE              2,346           2,347         29         20                           D-8937 
01VE    FRANJA VERDE              2,381           2,382         29         20                           D-8938 
01VE    FRANJA VERDE              2,495           2,496         29         20                           D-8939 
01VE    FRANJA VERDE              2,417           2,418         29         20                           D-8940 
01VE    FRANJA VERDE              2,083           2,084         29         20                           D-8941 
01VE    FRANJA VERDE              2,425           2,426         29         20                           D-8942 
01VE    FRANJA VERDE              2,479           2,480         29         20                           D-8943 
01VE    FRANJA VERDE              2,408           2,409         29         20                           D-8944 
01VE    FRANJA VERDE              2,431           2,432         29         20                           D-8945 
01VE    FRANJA VERDE              2,403           2,404         29         20                           D-8946 
01VE    FRANJA VERDE              2,335           2,336         29         20                           D-8947 
01VE    FRANJA VERDE              2,440           2,441         29         20                           D-8948 
01VE    FRANJA VERDE              2,345           2,346         29         20                           D-8949 
01VE    FRANJA VERDE              2,430           2,431         29         20                           D-8950 
01VE    FRANJA VERDE              2,487           2,488         29         20                           D-8951 
01VE    FRANJA VERDE              2,285           2,286         29         20                           D-8952 
01VE    FRANJA VERDE              2,253           2,254         29         20                           D-8953 
01VE    FRANJA VERDE              2,421           2,422         29         20                           D-8954 
01VE    FRANJA VERDE              2,257           2,258         29         20                           D-8955 
01VE    FRANJA VERDE              2,423           2,424         29         20                           D-8956 
01VE    FRANJA VERDE              2,199           2,200         29         20                           D-8957 
01VE    FRANJA VERDE              2,493           2,494         06         20                           D-8958 
01VE    FRANJA VERDE              2,345           2,346         06         20                           D-8959 
01VE    FRANJA VERDE              2,317           2,318         06         20                           D-8960 
01VE    FRANJA VERDE              2,467           2,468         06         20                           D-8961 
01VE    FRANJA VERDE              2,237           2,238         06         20                           D-8962 
01VE    FRANJA VERDE              2,277           2,278         06         20                           D-8963 
01VE    FRANJA VERDE              2,435           2,436         29         20                           D-8964 
01VE    FRANJA VERDE              2,317           2,318         29         20                           D-8965 
01VE    FRANJA VERDE              2,415           2,416         29         20                           D-8966 
01VE    FRANJA VERDE              2,099           2,100         06         20                           D-8967 
01VE    FRANJA VERDE              2,331           2,332         06         20                           D-8968 
01VE    FRANJA VERDE              2,081           2,082         06         20                           D-8969 
01VE    FRANJA VERDE              2,025           2,026         06         20                           D-8970 
01VE    FRANJA VERDE              1,933           1,934         06         20                           D-8971 
01VE    FRANJA VERDE              2,154           2,155         06         20                           D-8972 
01VE    FRANJA VERDE              2,327           2,328         06         20                           D-8973 
01VE    FRANJA VERDE              2,219           2,220         06         20                           D-8974 
01VE    FRANJA VERDE              2,265           2,266         06         20                           D-8975 
01VE    FRANJA VERDE              2,470           2,471         06         20                           D-8976 
01VE    FRANJA VERDE              2,449           2,450         06         20                           D-8977 
01VE    FRANJA VERDE              2,432           2,433         06         20                           D-8978 









EMPRESA NACIONAL DE MINERIA (ENM) PRODUCTOR          PACKING LIST                             PAG.  :   2
NATIONAL MINING COMPANY                       CODIGO DE LOTE   : D-8934                      FECHA :18/04/2023
                                              -----------------------------
FLUJO        : 
DESCRIPCION  : CATODOS GRADO A
N° INSTR. DE EMBARQUE : 27917
CLIENTE      : SEASPAN BRIGHTNES
Lote Sipa    : 

----------------------------------------------------------------------------------------------------------------------------- 
MARCA       DESCRIPCION         PESO NETO      PESO BRUTO     GRUPO     UNIDADES       UBICACION         SERIE                
-----------------------------------------------------------------------------------------------------------------------------

01VE    FRANJA VERDE              2,224           2,225         06         20                           D-8979 
01VE    FRANJA VERDE              2,358           2,359         06         20                           D-8980 
01VE    FRANJA VERDE              2,398           2,399         06         20                           D-8981 
01VE    FRANJA VERDE              2,297           2,298         06         20                           D-8982 
01VE    FRANJA VERDE              2,417           2,418         29         20                           D-8983 
01VE    FRANJA VERDE              2,275           2,276         06         20                           D-8984 
01VE    FRANJA VERDE              2,149           2,150         06         20                           D-8985 
01VE    FRANJA VERDE              2,415           2,416         06         20                           D-8986 
01VE    FRANJA VERDE              2,434           2,435         29         20                           D-8987 
01VE    FRANJA VERDE              2,405           2,406         29         20                           D-8988 
01VE    FRANJA VERDE              2,340           2,341         06         20                           D-8989 
01VE    FRANJA VERDE              2,373           2,374         29         20                           D-8990 
01VE    FRANJA VERDE              2,101           2,102         29         20                           D-8991 
01VE    FRANJA VERDE              2,231           2,232         06         20                           D-8992 
01VE    FRANJA VERDE              2,373           2,374         06         20                           D-8993 
01VE    FRANJA VERDE              2,428           2,429         06         20                           D-8994 
01VE    FRANJA VERDE              2,091           2,092         29         20                           D-8995 
01VE    FRANJA VERDE              2,216           2,217         29         20                           D-8996 
01VE    FRANJA VERDE              2,275           2,276         29         20                           D-8997 
01VE    FRANJA VERDE              2,245           2,246         29         20                           D-8998 
01VE    FRANJA VERDE              2,353           2,354         18         20                           D-8999 
01VE    FRANJA VERDE              2,087           2,088         29         20                           D-9000 
01VE    FRANJA VERDE              2,127           2,128         29         20                           D-9001 
01VE    FRANJA VERDE              1,937           1,938         06         20                           D-9002 
01VE    FRANJA VERDE              1,980           1,981         06         20                           D-9003 
01VE    FRANJA VERDE              2,003           2,004         06         20                           D-9004 
01VE    FRANJA VERDE              2,209           2,210         06         20                           D-9005 
01VE    FRANJA VERDE              2,355           2,356         06         20                           D-9006 
01VE    FRANJA VERDE              2,232           2,233         18         20                           D-9007 
01VE    FRANJA VERDE              2,277           2,278         18         20                           D-9008 
01VE    FRANJA VERDE              2,014           2,015         06         20                           D-9009 
01VE    FRANJA VERDE              2,341           2,342         06         20                           D-9010 
01VE    FRANJA VERDE              2,167           2,168         29         20                           D-9011 
01VE    FRANJA VERDE              1,990           1,991         06         20                           D-9012 
01VE    FRANJA VERDE              2,081           2,082         29         20                           D-9013 
01VE    FRANJA VERDE              2,129           2,130         06         20                           D-9014 
01VE    FRANJA VERDE              2,347           2,348         06         20                           D-9015 
01VE    FRANJA VERDE              2,221           2,222         06         20                           D-9016 
01VE    FRANJA VERDE              2,131           2,132         06         20                           D-9017 
01VE    FRANJA VERDE              2,245           2,246         06         20                           D-9018 
01VE    FRANJA VERDE              2,155           2,156         06         20                           D-9019 
01VE    FRANJA VERDE              1,985           1,986         06         20                           D-9020 
01VE    FRANJA VERDE              2,005           2,006         06         20                           D-9021 
01VE    FRANJA VERDE              2,187           2,188         06         20                           D-9022 
01VE    FRANJA VERDE              2,205           2,206         06         20                           D-9023 









EMPRESA NACIONAL DE MINERIA (ENM) PRODUCTOR          PACKING LIST                             PAG.  :   3
NATIONAL MINING COMPANY                       CODIGO DE LOTE   : D-8934                      FECHA :18/04/2023
                                              -----------------------------
FLUJO        : 
DESCRIPCION  : CATODOS GRADO A
N° INSTR. DE EMBARQUE : 27917
CLIENTE      : SEASPAN BRIGHTNES
Lote Sipa    : 

----------------------------------------------------------------------------------------------------------------------------- 
MARCA       DESCRIPCION         PESO NETO      PESO BRUTO     GRUPO     UNIDADES       UBICACION         SERIE                
-----------------------------------------------------------------------------------------------------------------------------

01VE    FRANJA VERDE              2,271           2,272         06         20                           D-9024 
01VE    FRANJA VERDE              2,277           2,278         06         20                           D-9025 
01VE    FRANJA VERDE              2,261           2,262         06         20                           D-9026 
01VE    FRANJA VERDE              2,099           2,100         06         20                           D-9027 
01VE    FRANJA VERDE              2,215           2,216         29         20                           D-9028 
01VE    FRANJA VERDE              2,395           2,396         29         20                           D-9029 
01VE    FRANJA VERDE              2,143           2,144         29         20                           D-9030 
01VE    FRANJA VERDE              2,118           2,119         29         20                           D-9031 
01VE    FRANJA VERDE              2,215           2,216         29         20                           D-9032 
01VE    FRANJA VERDE              2,120           2,121         29         20                           D-9033 
01VE    FRANJA VERDE              2,242           2,243         18         20                           D-9034 
01VE    FRANJA VERDE              2,421           2,422         18         20                           D-9035 
01VE    FRANJA VERDE              2,135           2,136         29         20                           D-9036 
01VE    FRANJA VERDE              2,085           2,086         18         20                           D-9037 
01VE    FRANJA VERDE              2,417           2,418         18         20                           D-9038 
01VE    FRANJA VERDE              2,344           2,345         18         20                           D-9039 
01VE    FRANJA VERDE              2,154           2,155         18         20                           D-9040 
01VE    FRANJA VERDE              2,229           2,230         18         20                           D-9041 
01VE    FRANJA VERDE              2,210           2,211         18         20                           D-9042 
01VE    FRANJA VERDE              2,329           2,330         18         20                           D-9043 
01VE    FRANJA VERDE              2,277           2,278         18         20                           D-9044 
01VE    FRANJA VERDE              2,297           2,298         10         20                           D-9045 
01VE    FRANJA VERDE              2,337           2,338         18         20                           D-9046 
01VE    FRANJA VERDE              2,211           2,212         18         20                           D-9047 
01VE    FRANJA VERDE              2,199           2,200         18         20                           D-9048 
01VE    FRANJA VERDE              2,240           2,241         18         20                           D-9049 
01VE    FRANJA VERDE              2,295           2,296         10         20                           D-9050 
01VE    FRANJA VERDE              2,338           2,339         10         20                           D-9051 
01VE    FRANJA VERDE              2,267           2,268         10         20                           D-9052 
01VE    FRANJA VERDE              2,387           2,388         18         20                           D-9053 
01VE    FRANJA VERDE              2,243           2,244         18         20                           D-9054 
01VE    FRANJA VERDE              2,170           2,171         18         20                           D-9055 
01VE    FRANJA VERDE              2,166           2,167         18         20                           D-9056 
01VE    FRANJA VERDE              2,295           2,296         18         20                           D-9057 
01VE    FRANJA VERDE              2,310           2,311         18         20                           D-9058 
01VE    FRANJA VERDE              2,432           2,433         18         20                           D-9059 
01VE    FRANJA VERDE              2,411           2,412         18         20                           D-9060 
01VE    FRANJA VERDE              2,283           2,284         18         20                           D-9061 
01VE    FRANJA VERDE              2,466           2,467         18         20                           D-9062 
01VE    FRANJA VERDE              2,241           2,242         18         20                           D-9063 
01VE    FRANJA VERDE              2,324           2,325         18         20                           D-9064 
01VE    FRANJA VERDE              2,281           2,282         18         20                           D-9065 


------------------------------------------------------------------------------------------------------------------------
T.SUB-LOTES              TOT.PAQUETES =132      TOT.UNID. = 2640   T/P NETO (kg) = 299,998      T/P BRUTO (kg) = 300,130
------------------------------------------------------------------------------------------------------------------------
