
EMPRESA NACIONAL DE MINERIA (ENM) PRODUCTOR          PACKING LIST                             PAG.  :   1
NATIONAL MINING COMPANY                       CODIGO DE LOTE   : L-14050                      FECHA :29/11/2018
                                              -----------------------------
FLUJO        : 
DESCRIPCION  : CATODOS GRADO A
N° INSTR. DE EMBARQUE : 24895
CLIENTE      : SAN VICENTE EXPRESS
Lote Sipa    : 18110508

----------------------------------------------------------------------------------------------------------------------------- 
MARCA       DESCRIPCION         PESO NETO      PESO BRUTO     GRUPO     UNIDADES       UBICACION         SERIE                
-----------------------------------------------------------------------------------------------------------------------------

03VE    TRES FRANJAS VERDES       2,396           2,397         06         20                           L-14050
03VE    TRES FRANJAS VERDES       2,271           2,272         23         20                           L-14051
03VE    TRES FRANJAS VERDES       2,319           2,320         06         20                           L-14052
03VE    TRES FRANJAS VERDES       2,356           2,357         06         20                           L-14053
03VE    TRES FRANJAS VERDES       2,303           2,304         06         20                           L-14054
03VE    TRES FRANJAS VERDES       2,226           2,227         23         20                           L-14055
03VE    TRES FRANJAS VERDES       2,336           2,337         06         20                           L-14056
03VE    TRES FRANJAS VERDES       2,423           2,424         06         20                           L-14057
03VE    TRES FRANJAS VERDES       2,272           2,273         06         20                           L-14058
03VE    TRES FRANJAS VERDES       2,193           2,194         06         20                           L-14059
03VE    TRES FRANJAS VERDES       2,257           2,258         06         20                           L-14060
03VE    TRES FRANJAS VERDES       2,331           2,332         23         20                           L-14061
03VE    TRES FRANJAS VERDES       2,284           2,285         06         20                           L-14062
03VE    TRES FRANJAS VERDES       2,218           2,219         23         20                           L-14063
03VE    TRES FRANJAS VERDES       2,273           2,274         06         20                           L-14064
03VE    TRES FRANJAS VERDES       2,159           2,160         32         20                           L-14065
03VE    TRES FRANJAS VERDES       2,206           2,207         42         20                           L-14066
03VE    TRES FRANJAS VERDES       2,204           2,205         23         20                           L-14067
03VE    TRES FRANJAS VERDES       2,184           2,185         23         20                           L-14068
03VE    TRES FRANJAS VERDES       2,256           2,257         23         20                           L-14069
03VE    TRES FRANJAS VERDES       2,243           2,244         23         20                           L-14070
03VE    TRES FRANJAS VERDES       2,228           2,229         23         20                           L-14071


------------------------------------------------------------------------------------------------------------------------
T.SUB-LOTES              TOT.PAQUETES =22      TOT.UNID. = 440   T/P NETO (kg) = 49,938      T/P BRUTO (kg) = 49,960
------------------------------------------------------------------------------------------------------------------------
