
EMPRESA NACIONAL DE MINERIA (ENM) PRODUCTOR          PACKING LIST                             PAG.  :   1
NATIONAL MINING COMPANY                       CODIGO DE LOTE   : I-6123                      FECHA :08/09/2023
                                              -----------------------------
FLUJO        : 
DESCRIPCION  : CATODOS GRADO A
N° INSTR. DE EMBARQUE : 64837
CLIENTE      : 
Lote Sipa    : 

----------------------------------------------------------------------------------------------------------------------------- 
MARCA       DESCRIPCION         PESO NETO      PESO BRUTO     GRUPO     UNIDADES       UBICACION         SERIE                
-----------------------------------------------------------------------------------------------------------------------------

01RJ    FRANJA ROJA               2,382           2,383         19         20                           I-6123 
01RJ    FRANJA ROJA               2,449           2,450         19         20                           I-6124 
01RJ    FRANJA ROJA               2,408           2,409         28         20                           I-6125 
01RJ    FRANJA ROJA               2,365           2,366         28         20                           I-6126 
01RJ    FRANJA ROJA               2,335           2,336         28         20                           I-6127 
01RJ    FRANJA ROJA               2,458           2,459         15         20                           I-6128 
01RJ    FRANJA ROJA               2,409           2,410         19         20                           I-6129 
01RJ    FRANJA ROJA               2,295           2,296         15         20                           I-6130 
01RJ    FRANJA ROJA               2,299           2,300         19         20                           I-6131 
01RJ    FRANJA ROJA               2,388           2,389         48         20                           I-6132 
01RJ    FRANJA ROJA               2,265           2,266         28         20                           I-6133 
01RJ    FRANJA ROJA               2,421           2,422         46         20                           I-6134 
01RJ    FRANJA ROJA               2,229           2,230         46         20                           I-6135 
01RJ    FRANJA ROJA               2,275           2,276         46         20                           I-6136 
01RJ    FRANJA ROJA               2,352           2,353         46         20                           I-6137 
01RJ    FRANJA ROJA               2,219           2,220         19         20                           I-6138 
01RJ    FRANJA ROJA               2,299           2,300         46         20                           I-6139 
01RJ    FRANJA ROJA               2,325           2,326         46         20                           I-6140 
01RJ    FRANJA ROJA               2,401           2,402         46         20                           I-6141 
01RJ    FRANJA ROJA               2,354           2,355         15         20                           I-6142 
01RJ    FRANJA ROJA               2,159           2,160         46         20                           I-6143 
01RJ    FRANJA ROJA               2,384           2,385         46         20                           I-6144 
01RJ    FRANJA ROJA               2,351           2,352         46         20                           I-6145 
01RJ    FRANJA ROJA               2,335           2,336         46         20                           I-6146 
01RJ    FRANJA ROJA               2,329           2,330         28         20                           I-6147 
01RJ    FRANJA ROJA               2,093           2,094         46         20                           I-6148 
01RJ    FRANJA ROJA               2,201           2,202         46         20                           I-6149 
01RJ    FRANJA ROJA               2,386           2,387         19         20                           I-6150 
01RJ    FRANJA ROJA               2,456           2,457         19         20                           I-6151 
01RJ    FRANJA ROJA               2,457           2,458         19         20                           I-6152 
01RJ    FRANJA ROJA               2,443           2,444         19         20                           I-6153 
01RJ    FRANJA ROJA               2,341           2,342         19         20                           I-6154 
01RJ    FRANJA ROJA               2,301           2,302         46         20                           I-6155 
01RJ    FRANJA ROJA               2,353           2,354         46         20                           I-6156 
01RJ    FRANJA ROJA               2,313           2,314         46         20                           I-6157 
01RJ    FRANJA ROJA               2,493           2,494         19         20                           I-6158 
01RJ    FRANJA ROJA               2,397           2,398         46         20                           I-6159 
01RJ    FRANJA ROJA               2,391           2,392         46         20                           I-6160 
01RJ    FRANJA ROJA               2,299           2,300         46         20                           I-6161 
01RJ    FRANJA ROJA               2,477           2,478         19         20                           I-6162 
01RJ    FRANJA ROJA               2,218           2,219         46         20                           I-6163 
01RJ    FRANJA ROJA               2,365           2,366         19         20                           I-6164 
01RJ    FRANJA ROJA               2,302           2,303         46         20                           I-6165 
01RJ    FRANJA ROJA               2,421           2,422         19         20                           I-6166 
01RJ    FRANJA ROJA               2,316           2,317         46         20                           I-6167 









EMPRESA NACIONAL DE MINERIA (ENM) PRODUCTOR          PACKING LIST                             PAG.  :   2
NATIONAL MINING COMPANY                       CODIGO DE LOTE   : I-6123                      FECHA :08/09/2023
                                              -----------------------------
FLUJO        : 
DESCRIPCION  : CATODOS GRADO A
N° INSTR. DE EMBARQUE : 64837
CLIENTE      : 
Lote Sipa    : 

----------------------------------------------------------------------------------------------------------------------------- 
MARCA       DESCRIPCION         PESO NETO      PESO BRUTO     GRUPO     UNIDADES       UBICACION         SERIE                
-----------------------------------------------------------------------------------------------------------------------------

01RJ    FRANJA ROJA               2,313           2,314         19         20                           I-6168 
01RJ    FRANJA ROJA               2,433           2,434         46         20                           I-6169 
01RJ    FRANJA ROJA               2,377           2,378         19         20                           I-6170 
01RJ    FRANJA ROJA               2,348           2,349         46         20                           I-6171 
01RJ    FRANJA ROJA               2,347           2,348         19         20                           I-6172 
01RJ    FRANJA ROJA               2,457           2,458         46         20                           I-6173 
01RJ    FRANJA ROJA               2,432           2,433         19         20                           I-6174 
01RJ    FRANJA ROJA               2,195           2,196         46         20                           I-6175 
01RJ    FRANJA ROJA               2,314           2,315         19         20                           I-6176 
01RJ    FRANJA ROJA               2,366           2,367         19         20                           I-6177 
01RJ    FRANJA ROJA               2,479           2,480         19         20                           I-6178 
01RJ    FRANJA ROJA               2,289           2,290         19         20                           I-6179 
01RJ    FRANJA ROJA               2,247           2,248         19         20                           I-6180 
01RJ    FRANJA ROJA               2,401           2,402         46         20                           I-6181 
01RJ    FRANJA ROJA               2,450           2,451         19         20                           I-6182 
01RJ    FRANJA ROJA               2,215           2,216         46         20                           I-6183 
01RJ    FRANJA ROJA               2,291           2,292         19         20                           I-6184 
01RJ    FRANJA ROJA               2,267           2,268         46         20                           I-6185 
01RJ    FRANJA ROJA               2,317           2,318         19         20                           I-6186 
01RJ    FRANJA ROJA               2,272           2,273         19         20                           I-6187 
01RJ    FRANJA ROJA               2,463           2,464         19         20                           I-6188 
01RJ    FRANJA ROJA               2,324           2,325         46         20                           I-6189 
01RJ    FRANJA ROJA               2,239           2,240         46         20                           I-6190 
01RJ    FRANJA ROJA               2,373           2,374         19         20                           I-6191 
01RJ    FRANJA ROJA               2,238           2,239         19         20                           I-6192 
01RJ    FRANJA ROJA               2,292           2,293         46         20                           I-6193 
01RJ    FRANJA ROJA               2,117           2,118         19         20                           I-6194 
01RJ    FRANJA ROJA               2,227           2,228         46         20                           I-6195 
01RJ    FRANJA ROJA               2,199           2,200         19         20                           I-6196 
01RJ    FRANJA ROJA               2,297           2,298         46         20                           I-6197 
01RJ    FRANJA ROJA               2,237           2,238         19         20                           I-6198 
01RJ    FRANJA ROJA               2,111           2,112         46         20                           I-6199 
01RJ    FRANJA ROJA               2,405           2,406         19         20                           I-6200 
01RJ    FRANJA ROJA               2,283           2,284         46         20                           I-6201 
01RJ    FRANJA ROJA               2,394           2,395         19         20                           I-6202 
01RJ    FRANJA ROJA               2,444           2,445         19         20                           I-6203 
01RJ    FRANJA ROJA               2,251           2,252         19         20                           I-6204 
01RJ    FRANJA ROJA               2,300           2,301         46         20                           I-6205 
01RJ    FRANJA ROJA               2,305           2,306         46         20                           I-6206 
01RJ    FRANJA ROJA               2,305           2,306         46         20                           I-6207 
01RJ    FRANJA ROJA               2,439           2,440         19         20                           I-6208 
01RJ    FRANJA ROJA               2,469           2,470         19         20                           I-6209 
01RJ    FRANJA ROJA               2,339           2,340         19         20                           I-6210 
01RJ    FRANJA ROJA               2,362           2,363         46         20                           I-6211 
01RJ    FRANJA ROJA               2,451           2,452         46         20                           I-6212 









EMPRESA NACIONAL DE MINERIA (ENM) PRODUCTOR          PACKING LIST                             PAG.  :   3
NATIONAL MINING COMPANY                       CODIGO DE LOTE   : I-6123                      FECHA :08/09/2023
                                              -----------------------------
FLUJO        : 
DESCRIPCION  : CATODOS GRADO A
N° INSTR. DE EMBARQUE : 64837
CLIENTE      : 
Lote Sipa    : 

----------------------------------------------------------------------------------------------------------------------------- 
MARCA       DESCRIPCION         PESO NETO      PESO BRUTO     GRUPO     UNIDADES       UBICACION         SERIE                
-----------------------------------------------------------------------------------------------------------------------------

01RJ    FRANJA ROJA               2,524           2,525         46         20                           I-6213 
01RJ    FRANJA ROJA               2,478           2,479         46         20                           I-6214 
01RJ    FRANJA ROJA               2,373           2,374         19         20                           I-6215 
01RJ    FRANJA ROJA               2,467           2,468         46         20                           I-6216 
01RJ    FRANJA ROJA               2,419           2,420         46         20                           I-6217 
01RJ    FRANJA ROJA               2,459           2,460         46         20                           I-6218 
01RJ    FRANJA ROJA               2,257           2,258         28         20                           I-6219 
01RJ    FRANJA ROJA               2,249           2,250         28         20                           I-6220 
01RJ    FRANJA ROJA               2,215           2,216         28         20                           I-6221 
01RJ    FRANJA ROJA               2,301           2,302         28         20                           I-6222 
01RJ    FRANJA ROJA               2,312           2,313         28         20                           I-6223 
01RJ    FRANJA ROJA               2,285           2,286         28         20                           I-6224 
01RJ    FRANJA ROJA               2,309           2,310         28         20                           I-6225 
01RJ    FRANJA ROJA               2,253           2,254         28         20                           I-6226 
01RJ    FRANJA ROJA               2,277           2,278         06         20                           I-6227 
01RJ    FRANJA ROJA               2,299           2,300         28         20                           I-6228 
01RJ    FRANJA ROJA               2,305           2,306         19         20                           I-6229 


------------------------------------------------------------------------------------------------------------------------
T.SUB-LOTES              TOT.PAQUETES =107      TOT.UNID. = 2140   T/P NETO (kg) = 249,965      T/P BRUTO (kg) = 250,072
------------------------------------------------------------------------------------------------------------------------
