
EMPRESA NACIONAL DE MINERIA (ENM) PRODUCTOR          PACKING LIST                             PAG.  :   1
NATIONAL MINING COMPANY                       CODIGO DE LOTE   : E-2787                      FECHA :09/05/2023
                                              -----------------------------
FLUJO        : 
DESCRIPCION  : CATODOS EW CERRO NEGRO
N° INSTR. DE EMBARQUE : 930908
CLIENTE      : 
Lote Sipa    : 23050232

----------------------------------------------------------------------------------------------------------------------------- 
MARCA       DESCRIPCION         PESO NETO      PESO BRUTO     GRUPO     UNIDADES       UBICACION         SERIE                
-----------------------------------------------------------------------------------------------------------------------------

02CE    DOS FRANJAS CELESTES      1,995           1,996                    29                           E-2787 
02CE    DOS FRANJAS CELESTES      1,935           1,936                    30                           E-2788 
02CE    DOS FRANJAS CELESTES      2,018           2,019                    30                           E-2789 
02CE    DOS FRANJAS CELESTES      1,988           1,989                    29                           E-2790 
02CE    DOS FRANJAS CELESTES      2,004           2,005                    29                           E-2791 
02CE    DOS FRANJAS CELESTES      2,031           2,032                    31                           E-2792 
02CE    DOS FRANJAS CELESTES      2,031           2,032                    29                           E-2793 
02CE    DOS FRANJAS CELESTES      2,024           2,025                    29                           E-2794 
02CE    DOS FRANJAS CELESTES      2,070           2,071                    32                           E-2795 
02CE    DOS FRANJAS CELESTES      2,030           2,031                    32                           E-2796 
02CE    DOS FRANJAS CELESTES      1,974           1,975                    29                           E-2797 
02CE    DOS FRANJAS CELESTES      2,014           2,015                    32                           E-2798 
02CE    DOS FRANJAS CELESTES      2,041           2,042                    29                           E-2799 
02CE    DOS FRANJAS CELESTES      1,996           1,997                    30                           E-2800 
02CE    DOS FRANJAS CELESTES      2,033           2,034                    31                           E-2801 


------------------------------------------------------------------------------------------------------------------------
T.SUB-LOTES              TOT.PAQUETES =15      TOT.UNID. = 451   T/P NETO (kg) = 30,184      T/P BRUTO (kg) = 30,199
------------------------------------------------------------------------------------------------------------------------
