
EMPRESA NACIONAL DE MINERIA (ENM) PRODUCTOR          PACKING LIST                             PAG.  :   1
NATIONAL MINING COMPANY                       CODIGO DE LOTE   : H-2771                      FECHA :18/08/2022
                                              -----------------------------
FLUJO        : 
DESCRIPCION  : CATODOS EW CERRO NEGRO
N° INSTR. DE EMBARQUE : 929779
CLIENTE      : 
Lote Sipa    : 22080058

----------------------------------------------------------------------------------------------------------------------------- 
MARCA       DESCRIPCION         PESO NETO      PESO BRUTO     GRUPO     UNIDADES       UBICACION         SERIE                
-----------------------------------------------------------------------------------------------------------------------------

01NA    FRANJA NARANJA            2,032           2,033                    33                           H-2771 
01NA    FRANJA NARANJA            2,025           2,026                    34                           H-2772 
01NA    FRANJA NARANJA            1,995           1,996                    33                           H-2773 
01NA    FRANJA NARANJA            1,950           1,951                    35                           H-2774 
01NA    FRANJA NARANJA            2,009           2,010                    33                           H-2775 
01NA    FRANJA NARANJA            2,031           2,032                    33                           H-2776 
01NA    FRANJA NARANJA            1,947           1,948                    38                           H-2777 
01NA    FRANJA NARANJA            2,024           2,025                    38                           H-2778 
01NA    FRANJA NARANJA            1,969           1,970                    33                           H-2779 
01NA    FRANJA NARANJA            2,033           2,034                    35                           H-2780 
01NA    FRANJA NARANJA            2,032           2,033                    38                           H-2781 
01NA    FRANJA NARANJA            2,022           2,023                    36                           H-2782 
01NA    FRANJA NARANJA            2,054           2,055                    38                           H-2783 
01NA    FRANJA NARANJA            2,026           2,027                    39                           H-2784 
01NA    FRANJA NARANJA            1,973           1,974                    34                           H-2785 


------------------------------------------------------------------------------------------------------------------------
T.SUB-LOTES              TOT.PAQUETES =15      TOT.UNID. = 530   T/P NETO (kg) = 30,122      T/P BRUTO (kg) = 30,137
------------------------------------------------------------------------------------------------------------------------
