
EMPRESA NACIONAL DE MINERIA (ENM) PRODUCTOR          PACKING LIST                             PAG.  :   1
NATIONAL MINING COMPANY                       CODIGO DE LOTE   : D-13648                      FECHA :02/05/2019
                                              -----------------------------
FLUJO        : 
DESCRIPCION  : CATODOS GRADO A
N° INSTR. DE EMBARQUE : 25253
CLIENTE      : CITY OF ALEXANDRIA
Lote Sipa    : 19040500

----------------------------------------------------------------------------------------------------------------------------- 
MARCA       DESCRIPCION         PESO NETO      PESO BRUTO     GRUPO     UNIDADES       UBICACION         SERIE                
-----------------------------------------------------------------------------------------------------------------------------

X0NA    EQUIS NARANJA             2,458           2,459         04         20                           D-13648
X0NA    EQUIS NARANJA             2,584           2,585         45         20                           D-13649
X0NA    EQUIS NARANJA             2,285           2,286         45         20                           D-13650
X0NA    EQUIS NARANJA             2,489           2,490         45         20                           D-13651
X0NA    EQUIS NARANJA             2,342           2,343         45         20                           D-13652
X0NA    EQUIS NARANJA             2,479           2,480         04         20                           D-13653
X0NA    EQUIS NARANJA             2,344           2,345         04         20                           D-13654
X0NA    EQUIS NARANJA             2,398           2,399         04         20                           D-13655
X0NA    EQUIS NARANJA             2,443           2,444         45         20                           D-13656
X0NA    EQUIS NARANJA             2,446           2,447         04         20                           D-13657
X0NA    EQUIS NARANJA             2,404           2,405         04         20                           D-13658
X0NA    EQUIS NARANJA             2,401           2,402         04         20                           D-13659
X0NA    EQUIS NARANJA             2,516           2,517         18         20                           D-13660
X0NA    EQUIS NARANJA             2,474           2,475         18         20                           D-13661
X0NA    EQUIS NARANJA             2,269           2,270         18         20                           D-13662
X0NA    EQUIS NARANJA             2,527           2,528         18         20                           D-13663
X0NA    EQUIS NARANJA             2,526           2,527         18         20                           D-13664
X0NA    EQUIS NARANJA             2,446           2,447         18         20                           D-13665
X0NA    EQUIS NARANJA             2,301           2,302         04         20                           D-13666
X0NA    EQUIS NARANJA             2,405           2,406         04         20                           D-13667
X0NA    EQUIS NARANJA             2,465           2,466         04         20                           D-13668
X0NA    EQUIS NARANJA             2,419           2,420         18         20                           D-13669
X0NA    EQUIS NARANJA             2,441           2,442         04         20                           D-13670
X0NA    EQUIS NARANJA             2,349           2,350         04         20                           D-13671
X0NA    EQUIS NARANJA             2,533           2,534         45         20                           D-13672
X0NA    EQUIS NARANJA             2,471           2,472         45         20                           D-13673
X0NA    EQUIS NARANJA             2,250           2,251         18         20                           D-13674
X0NA    EQUIS NARANJA             2,326           2,327         18         20                           D-13675
X0NA    EQUIS NARANJA             2,469           2,470         18         20                           D-13676
X0NA    EQUIS NARANJA             2,391           2,392         04         20                           D-13677
X0NA    EQUIS NARANJA             2,319           2,320         04         20                           D-13678
X0NA    EQUIS NARANJA             2,435           2,436         04         20                           D-13679
X0NA    EQUIS NARANJA             2,486           2,487         04         20                           D-13680
X0NA    EQUIS NARANJA             2,431           2,432         04         20                           D-13681
X0NA    EQUIS NARANJA             2,383           2,384         04         20                           D-13682
X0NA    EQUIS NARANJA             2,531           2,532         45         20                           D-13683
X0NA    EQUIS NARANJA             2,577           2,578         45         20                           D-13684
X0NA    EQUIS NARANJA             2,464           2,465         04         20                           D-13685
X0NA    EQUIS NARANJA             2,533           2,534         04         20                           D-13686
X0NA    EQUIS NARANJA             2,443           2,444         04         20                           D-13687
X0NA    EQUIS NARANJA             2,390           2,391         04         20                           D-13688
X0NA    EQUIS NARANJA             2,382           2,383         04         20                           D-13689
X0NA    EQUIS NARANJA             2,416           2,417         04         20                           D-13690
X0NA    EQUIS NARANJA             2,357           2,358         04         20                           D-13691
X0NA    EQUIS NARANJA             2,298           2,299         45         20                           D-13692









EMPRESA NACIONAL DE MINERIA (ENM) PRODUCTOR          PACKING LIST                             PAG.  :   2
NATIONAL MINING COMPANY                       CODIGO DE LOTE   : D-13648                      FECHA :02/05/2019
                                              -----------------------------
FLUJO        : 
DESCRIPCION  : CATODOS GRADO A
N° INSTR. DE EMBARQUE : 25253
CLIENTE      : CITY OF ALEXANDRIA
Lote Sipa    : 19040500

----------------------------------------------------------------------------------------------------------------------------- 
MARCA       DESCRIPCION         PESO NETO      PESO BRUTO     GRUPO     UNIDADES       UBICACION         SERIE                
-----------------------------------------------------------------------------------------------------------------------------

X0NA    EQUIS NARANJA             2,435           2,436         45         20                           D-13693
X0NA    EQUIS NARANJA             2,374           2,375         04         20                           D-13694
X0NA    EQUIS NARANJA             2,424           2,425         04         20                           D-13695
X0NA    EQUIS NARANJA             2,543           2,544         04         20                           D-13696
X0NA    EQUIS NARANJA             2,381           2,382         04         20                           D-13697
X0NA    EQUIS NARANJA             2,304           2,305         04         20                           D-13698
X0NA    EQUIS NARANJA             2,538           2,539         45         20                           D-13699
X0NA    EQUIS NARANJA             2,517           2,518         45         20                           D-13700
X0NA    EQUIS NARANJA             2,343           2,344         18         20                           D-13701
X0NA    EQUIS NARANJA             2,477           2,478         18         20                           D-13702
X0NA    EQUIS NARANJA             2,543           2,544         18         20                           D-13703
X0NA    EQUIS NARANJA             2,394           2,395         18         20                           D-13704
X0NA    EQUIS NARANJA             2,314           2,315         18         20                           D-13705
X0NA    EQUIS NARANJA             2,302           2,303         18         20                           D-13706
X0NA    EQUIS NARANJA             2,280           2,281         18         20                           D-13707
X0NA    EQUIS NARANJA             2,385           2,386         45         20                           D-13708
X0NA    EQUIS NARANJA             2,275           2,276         18         20                           D-13709


------------------------------------------------------------------------------------------------------------------------
T.SUB-LOTES              TOT.PAQUETES =62      TOT.UNID. = 1240   T/P NETO (kg) = 149,925      T/P BRUTO (kg) = 149,987
------------------------------------------------------------------------------------------------------------------------
