
EMPRESA NACIONAL DE MINERIA (ENM) PRODUCTOR          PACKING LIST                             PAG.  :   1
NATIONAL MINING COMPANY                       CODIGO DE LOTE   : D-2064                      FECHA :17/05/2022
                                              -----------------------------
FLUJO        : 
DESCRIPCION  : CATODOS EW TALTAL
N° INSTR. DE EMBARQUE : 27333
CLIENTE      : POLAR CHILE
Lote Sipa    : 22040297

----------------------------------------------------------------------------------------------------------------------------- 
MARCA       DESCRIPCION         PESO NETO      PESO BRUTO     GRUPO     UNIDADES       UBICACION         SERIE                
-----------------------------------------------------------------------------------------------------------------------------

01AM    FRANJA AMARILLA           2,017           2,018                    68                           D-2064 
01AM    FRANJA AMARILLA           2,031           2,032                    68                           D-2065 
01AM    FRANJA AMARILLA           2,011           2,012                    73                           D-2066 
01AM    FRANJA AMARILLA           2,019           2,020                    61                           D-2067 
01AM    FRANJA AMARILLA           2,031           2,032                    67                           D-2068 
01AM    FRANJA AMARILLA           2,013           2,014                    62                           D-2069 
01AM    FRANJA AMARILLA           2,012           2,013                    72                           D-2070 
01AM    FRANJA AMARILLA           2,015           2,016                    79                           D-2071 
01AM    FRANJA AMARILLA           2,018           2,019                    62                           D-2072 
01AM    FRANJA AMARILLA           2,030           2,031                    64                           D-2073 
01AM    FRANJA AMARILLA           2,016           2,017                    65                           D-2074 
01AM    FRANJA AMARILLA           1,999           2,000                    68                           D-2075 
01AM    FRANJA AMARILLA           2,025           2,026                    73                           D-2076 
01AM    FRANJA AMARILLA           2,011           2,012                    61                           D-2077 
01AM    FRANJA AMARILLA           2,025           2,026                    69                           D-2079 
01AM    FRANJA AMARILLA           2,009           2,010                    67                           D-2080 
01AM    FRANJA AMARILLA           2,018           2,019                    71                           D-2081 
01AM    FRANJA AMARILLA           2,013           2,014                    77                           D-2082 
01AM    FRANJA AMARILLA           2,013           2,014                    79                           D-2083 
01AM    FRANJA AMARILLA           2,021           2,022                    67                           D-2084 
01AM    FRANJA AMARILLA           2,009           2,010                    64                           D-2085 
01AM    FRANJA AMARILLA           2,014           2,015                    69                           D-2086 
01AM    FRANJA AMARILLA           2,008           2,009                    70                           D-2087 
01AM    FRANJA AMARILLA           2,015           2,016                    67                           D-2088 
01AM    FRANJA AMARILLA           2,018           2,019                    69                           D-2089 
01AM    FRANJA AMARILLA           2,032           2,033                    71                           D-2090 
01AM    FRANJA AMARILLA           2,019           2,020                    72                           D-2091 
01AM    FRANJA AMARILLA           2,031           2,032                    65                           D-2092 
01AM    FRANJA AMARILLA           2,016           2,017                    70                           D-2094 
01AM    FRANJA AMARILLA           2,033           2,034                    70                           D-2095 
01AM    FRANJA AMARILLA           2,029           2,030                    71                           D-2096 
01AM    FRANJA AMARILLA           2,027           2,028                    58                           D-2097 
01AM    FRANJA AMARILLA           2,026           2,027                    68                           D-2098 
01AM    FRANJA AMARILLA           2,022           2,023                    70                           D-2099 
01AM    FRANJA AMARILLA           2,022           2,023                    66                           D-2100 
01AM    FRANJA AMARILLA           2,007           2,008                    64                           D-2101 
01AM    FRANJA AMARILLA           2,032           2,033                    74                           D-2102 
01AM    FRANJA AMARILLA           2,027           2,028                    61                           D-2103 
01AM    FRANJA AMARILLA           2,026           2,027                    77                           D-2104 
01AM    FRANJA AMARILLA           2,018           2,019                    64                           D-2105 
01AM    FRANJA AMARILLA           2,020           2,021                    62                           D-2106 
01AM    FRANJA AMARILLA           2,030           2,031                    72                           D-2107 


------------------------------------------------------------------------------------------------------------------------
T.SUB-LOTES              TOT.PAQUETES =42      TOT.UNID. = 2867   T/P NETO (kg) = 84,828      T/P BRUTO (kg) = 84,870
------------------------------------------------------------------------------------------------------------------------
